Archive member included to satisfy reference by file (symbol)

../lab5_transmit_test_bsp/\libhal_bsp.a(alt_fcntl.o)
                              obj/default/hello_world_small.o (fcntl)
../lab5_transmit_test_bsp/\libhal_bsp.a(alt_getchar.o)
                              obj/default/hello_world_small.o (alt_getchar)
../lab5_transmit_test_bsp/\libhal_bsp.a(alt_load.o)
                              ../lab5_transmit_test_bsp//obj/HAL/src/crt0.o (alt_load)
../lab5_transmit_test_bsp/\libhal_bsp.a(alt_main.o)
                              ../lab5_transmit_test_bsp//obj/HAL/src/crt0.o (alt_main)
../lab5_transmit_test_bsp/\libhal_bsp.a(alt_putchar.o)
                              obj/default/hello_world_small.o (alt_putchar)
../lab5_transmit_test_bsp/\libhal_bsp.a(alt_putstr.o)
                              obj/default/hello_world_small.o (alt_putstr)
../lab5_transmit_test_bsp/\libhal_bsp.a(alt_usleep.o)
                              obj/default/hello_world_small.o (usleep)
../lab5_transmit_test_bsp/\libhal_bsp.a(alt_sys_init.o)
                              ../lab5_transmit_test_bsp/\libhal_bsp.a(alt_main.o) (alt_irq_init)
../lab5_transmit_test_bsp/\libhal_bsp.a(altera_avalon_jtag_uart_read.o)
                              ../lab5_transmit_test_bsp/\libhal_bsp.a(alt_getchar.o) (altera_avalon_jtag_uart_read)
../lab5_transmit_test_bsp/\libhal_bsp.a(altera_avalon_jtag_uart_write.o)
                              ../lab5_transmit_test_bsp/\libhal_bsp.a(alt_putchar.o) (altera_avalon_jtag_uart_write)
../lab5_transmit_test_bsp/\libhal_bsp.a(alt_busy_sleep.o)
                              ../lab5_transmit_test_bsp/\libhal_bsp.a(alt_usleep.o) (alt_busy_sleep)
../lab5_transmit_test_bsp/\libhal_bsp.a(alt_dcache_flush_all.o)
                              ../lab5_transmit_test_bsp/\libhal_bsp.a(alt_load.o) (alt_dcache_flush_all)
../lab5_transmit_test_bsp/\libhal_bsp.a(alt_dev.o)
                              ../lab5_transmit_test_bsp/\libhal_bsp.a(alt_fcntl.o) (alt_fd_list)
../lab5_transmit_test_bsp/\libhal_bsp.a(alt_errno.o)
                              ../lab5_transmit_test_bsp/\libhal_bsp.a(alt_fcntl.o) (alt_errno)
../lab5_transmit_test_bsp/\libhal_bsp.a(alt_icache_flush_all.o)
                              ../lab5_transmit_test_bsp/\libhal_bsp.a(alt_load.o) (alt_icache_flush_all)
../lab5_transmit_test_bsp/\libhal_bsp.a(altera_nios2_qsys_irq.o)
                              ../lab5_transmit_test_bsp/\libhal_bsp.a(alt_sys_init.o) (altera_nios2_qsys_irq_init)
c:/altera/15.1/nios2eds/bin/gnu/h-x86_64-mingw32/bin/../lib/gcc/nios2-elf/4.9.2/../../../../../H-x86_64-mingw32/nios2-elf/lib/mno-hw-mul\libsmallc.a(lib_a-int_errno.o)
                              ../lab5_transmit_test_bsp/\libhal_bsp.a(alt_fcntl.o) (errno)
c:/altera/15.1/nios2eds/bin/gnu/h-x86_64-mingw32/bin/../lib/gcc/nios2-elf/4.9.2/../../../../../H-x86_64-mingw32/nios2-elf/lib/mno-hw-mul\libsmallc.a(lib_a-strlen.o)
                              ../lab5_transmit_test_bsp/\libhal_bsp.a(alt_putstr.o) (strlen)
c:/altera/15.1/nios2eds/bin/gnu/h-x86_64-mingw32/bin/../lib/gcc/nios2-elf/4.9.2/mno-hw-mul\libgcc.a(lib2-divmod.o)
                              ../lab5_transmit_test_bsp/\libhal_bsp.a(alt_busy_sleep.o) (__udivsi3)
c:/altera/15.1/nios2eds/bin/gnu/h-x86_64-mingw32/bin/../lib/gcc/nios2-elf/4.9.2/mno-hw-mul\libgcc.a(lib2-mul.o)
                              ../lab5_transmit_test_bsp/\libhal_bsp.a(alt_fcntl.o) (__mulsi3)

Allocating common symbols
Common symbol       size              file

errno               0x4               c:/altera/15.1/nios2eds/bin/gnu/h-x86_64-mingw32/bin/../lib/gcc/nios2-elf/4.9.2/../../../../../H-x86_64-mingw32/nios2-elf/lib/mno-hw-mul\libsmallc.a(lib_a-int_errno.o)

Memory Configuration

Name             Origin             Length             Attributes
reset            0x0000000000000000 0x0000000000000020
onchip_mem       0x0000000000000020 0x0000000000001fe0
*default*        0x0000000000000000 0xffffffffffffffff

Linker script and memory map

LOAD ../lab5_transmit_test_bsp//obj/HAL/src/crt0.o
LOAD obj/default/hello_world_small.o
LOAD c:/altera/15.1/nios2eds/bin/gnu/h-x86_64-mingw32/bin/../lib/gcc/nios2-elf/4.9.2/../../../../../H-x86_64-mingw32/nios2-elf/lib/mno-hw-mul\libstdc++.a
LOAD c:/altera/15.1/nios2eds/bin/gnu/h-x86_64-mingw32/bin/../lib/gcc/nios2-elf/4.9.2/../../../../../H-x86_64-mingw32/nios2-elf/lib/mno-hw-mul\libm.a
LOAD c:/altera/15.1/nios2eds/bin/gnu/h-x86_64-mingw32/bin/../lib/gcc/nios2-elf/4.9.2/mno-hw-mul\libgcc.a
START GROUP
LOAD c:/altera/15.1/nios2eds/bin/gnu/h-x86_64-mingw32/bin/../lib/gcc/nios2-elf/4.9.2/../../../../../H-x86_64-mingw32/nios2-elf/lib/mno-hw-mul\libsmallc.a
LOAD c:/altera/15.1/nios2eds/bin/gnu/h-x86_64-mingw32/bin/../lib/gcc/nios2-elf/4.9.2/mno-hw-mul\libgcc.a
LOAD ../lab5_transmit_test_bsp/\libhal_bsp.a
LOAD c:/altera/15.1/nios2eds/bin/gnu/h-x86_64-mingw32/bin/../lib/gcc/nios2-elf/4.9.2/../../../../../H-x86_64-mingw32/nios2-elf/lib/mno-hw-mul\libm.a
END GROUP
LOAD c:/altera/15.1/nios2eds/bin/gnu/h-x86_64-mingw32/bin/../lib/gcc/nios2-elf/4.9.2/mno-hw-mul\libgcc.a
                0x0000000000000000                __alt_mem_onchip_mem = 0x0

.entry          0x0000000000000000       0x20
 *(.entry)
 .entry         0x0000000000000000       0x20 ../lab5_transmit_test_bsp//obj/HAL/src/crt0.o
                0x0000000000000000                __reset
                0x000000000000000c                _exit

.exceptions     0x0000000000000020        0x0
                0x0000000000000020                PROVIDE (__ram_exceptions_start, ABSOLUTE (.))
                0x0000000000000020                . = ALIGN (0x20)
 *(.irq)
 *(.exceptions.entry.label)
 *(.exceptions.entry.user)
 *(.exceptions.entry.ecc_fatal)
 *(.exceptions.entry)
 *(.exceptions.irqtest.user)
 *(.exceptions.irqtest)
 *(.exceptions.irqhandler.user)
 *(.exceptions.irqhandler)
 *(.exceptions.irqreturn.user)
 *(.exceptions.irqreturn)
 *(.exceptions.notirq.label)
 *(.exceptions.notirq.user)
 *(.exceptions.notirq)
 *(.exceptions.soft.user)
 *(.exceptions.soft)
 *(.exceptions.unknown.user)
 *(.exceptions.unknown)
 *(.exceptions.exit.label)
 *(.exceptions.exit.user)
 *(.exceptions.exit)
 *(.exceptions)
                0x0000000000000020                PROVIDE (__ram_exceptions_end, ABSOLUTE (.))
                0x0000000000000020                PROVIDE (__flash_exceptions_start, LOADADDR (.exceptions))

.text           0x0000000000000020      0x994
                0x0000000000000020                PROVIDE (stext, ABSOLUTE (.))
 *(.interp)
 *(.hash)
 *(.dynsym)
 *(.dynstr)
 *(.gnu.version)
 *(.gnu.version_d)
 *(.gnu.version_r)
 *(.rel.init)
 *(.rela.init)
 *(.rel.text .rel.text.* .rel.gnu.linkonce.t.*)
 *(.rela.text .rela.text.* .rela.gnu.linkonce.t.*)
 *(.rel.fini)
 *(.rela.fini)
 *(.rel.rodata .rel.rodata.* .rel.gnu.linkonce.r.*)
 *(.rela.rodata .rela.rodata.* .rela.gnu.linkonce.r.*)
 *(.rel.data .rel.data.* .rel.gnu.linkonce.d.*)
 *(.rela.data .rela.data.* .rela.gnu.linkonce.d.*)
 *(.rel.tdata .rel.tdata.* .rel.gnu.linkonce.td.*)
 *(.rela.tdata .rela.tdata.* .rela.gnu.linkonce.td.*)
 *(.rel.tbss .rel.tbss.* .rel.gnu.linkonce.tb.*)
 *(.rela.tbss .rela.tbss.* .rela.gnu.linkonce.tb.*)
 *(.rel.ctors)
 *(.rela.ctors)
 *(.rel.dtors)
 *(.rela.dtors)
 *(.rel.got)
 *(.rela.got)
 *(.rel.sdata .rel.sdata.* .rel.gnu.linkonce.s.*)
 *(.rela.sdata .rela.sdata.* .rela.gnu.linkonce.s.*)
 *(.rel.sbss .rel.sbss.* .rel.gnu.linkonce.sb.*)
 *(.rela.sbss .rela.sbss.* .rela.gnu.linkonce.sb.*)
 *(.rel.sdata2 .rel.sdata2.* .rel.gnu.linkonce.s2.*)
 *(.rela.sdata2 .rela.sdata2.* .rela.gnu.linkonce.s2.*)
 *(.rel.sbss2 .rel.sbss2.* .rel.gnu.linkonce.sb2.*)
 *(.rela.sbss2 .rela.sbss2.* .rela.gnu.linkonce.sb2.*)
 *(.rel.bss .rel.bss.* .rel.gnu.linkonce.b.*)
 *(.rela.bss .rela.bss.* .rela.gnu.linkonce.b.*)
 *(.rel.plt)
 *(.rela.plt)
 *(.rel.dyn)
 *(.init)
 *(.plt)
 *(.text .stub .text.* .gnu.linkonce.t.*)
 .text          0x0000000000000020       0x3c ../lab5_transmit_test_bsp//obj/HAL/src/crt0.o
                0x0000000000000020                _start
 .text          0x000000000000005c      0x338 obj/default/hello_world_small.o
                0x000000000000005c                readBuffer
                0x00000000000000a8                writeBuffer
                0x00000000000000e4                isEvenParity
                0x0000000000000120                getParityBit
                0x0000000000000134                readKeyboardToBuffer
                0x0000000000000194                transmitIfBufferNotEmpty
                0x00000000000002ec                printIfCharacterReceive
 .text.startup  0x0000000000000394       0x4c obj/default/hello_world_small.o
                0x0000000000000394                main
 .text          0x00000000000003e0      0x124 ../lab5_transmit_test_bsp/\libhal_bsp.a(alt_fcntl.o)
                0x00000000000003e0                fcntl
 .text          0x0000000000000504       0x44 ../lab5_transmit_test_bsp/\libhal_bsp.a(alt_getchar.o)
                0x0000000000000504                alt_getchar
 .text          0x0000000000000548       0xf8 ../lab5_transmit_test_bsp/\libhal_bsp.a(alt_load.o)
                0x0000000000000548                alt_load
 .text          0x0000000000000640       0x2c ../lab5_transmit_test_bsp/\libhal_bsp.a(alt_main.o)
                0x0000000000000640                alt_main
 .text          0x000000000000066c       0x48 ../lab5_transmit_test_bsp/\libhal_bsp.a(alt_putchar.o)
                0x000000000000066c                alt_putchar
 .text          0x00000000000006b4       0x38 ../lab5_transmit_test_bsp/\libhal_bsp.a(alt_putstr.o)
                0x00000000000006b4                alt_putstr
 .text          0x00000000000006ec        0x4 ../lab5_transmit_test_bsp/\libhal_bsp.a(alt_usleep.o)
                0x00000000000006ec                usleep
 .text          0x00000000000006f0       0x24 ../lab5_transmit_test_bsp/\libhal_bsp.a(alt_sys_init.o)
                0x00000000000006f0                alt_irq_init
                0x0000000000000710                alt_sys_init
 .text          0x0000000000000714       0x5c ../lab5_transmit_test_bsp/\libhal_bsp.a(altera_avalon_jtag_uart_read.o)
                0x0000000000000714                altera_avalon_jtag_uart_read
 .text          0x0000000000000770       0x34 ../lab5_transmit_test_bsp/\libhal_bsp.a(altera_avalon_jtag_uart_write.o)
                0x0000000000000770                altera_avalon_jtag_uart_write
 .text          0x00000000000007a4       0x88 ../lab5_transmit_test_bsp/\libhal_bsp.a(alt_busy_sleep.o)
                0x00000000000007a4                alt_busy_sleep
 .text          0x000000000000082c        0x4 ../lab5_transmit_test_bsp/\libhal_bsp.a(alt_dcache_flush_all.o)
                0x000000000000082c                alt_dcache_flush_all
 .text          0x0000000000000830        0x8 ../lab5_transmit_test_bsp/\libhal_bsp.a(alt_dev.o)
 .text          0x0000000000000838        0x0 ../lab5_transmit_test_bsp/\libhal_bsp.a(alt_errno.o)
 .text          0x0000000000000838        0x4 ../lab5_transmit_test_bsp/\libhal_bsp.a(alt_icache_flush_all.o)
                0x0000000000000838                alt_icache_flush_all
 .text          0x000000000000083c        0x8 ../lab5_transmit_test_bsp/\libhal_bsp.a(altera_nios2_qsys_irq.o)
                0x000000000000083c                altera_nios2_qsys_irq_init
 .text          0x0000000000000844        0x0 c:/altera/15.1/nios2eds/bin/gnu/h-x86_64-mingw32/bin/../lib/gcc/nios2-elf/4.9.2/../../../../../H-x86_64-mingw32/nios2-elf/lib/mno-hw-mul\libsmallc.a(lib_a-int_errno.o)
 .text          0x0000000000000844        0x0 c:/altera/15.1/nios2eds/bin/gnu/h-x86_64-mingw32/bin/../lib/gcc/nios2-elf/4.9.2/../../../../../H-x86_64-mingw32/nios2-elf/lib/mno-hw-mul\libsmallc.a(lib_a-strlen.o)
 .text.strlen   0x0000000000000844       0x1c c:/altera/15.1/nios2eds/bin/gnu/h-x86_64-mingw32/bin/../lib/gcc/nios2-elf/4.9.2/../../../../../H-x86_64-mingw32/nios2-elf/lib/mno-hw-mul\libsmallc.a(lib_a-strlen.o)
                0x0000000000000844                strlen
 .text          0x0000000000000860      0x12c c:/altera/15.1/nios2eds/bin/gnu/h-x86_64-mingw32/bin/../lib/gcc/nios2-elf/4.9.2/mno-hw-mul\libgcc.a(lib2-divmod.o)
                0x00000000000008cc                __divsi3
                0x0000000000000920                __modsi3
                0x000000000000097c                __udivsi3
                0x0000000000000984                __umodsi3
 .text          0x000000000000098c       0x28 c:/altera/15.1/nios2eds/bin/gnu/h-x86_64-mingw32/bin/../lib/gcc/nios2-elf/4.9.2/mno-hw-mul\libgcc.a(lib2-mul.o)
                0x000000000000098c                __mulsi3
 *(.gnu.warning.*)
 *(.fini)
                0x00000000000009b4                PROVIDE (__etext, ABSOLUTE (.))
                0x00000000000009b4                PROVIDE (_etext, ABSOLUTE (.))
                0x00000000000009b4                PROVIDE (etext, ABSOLUTE (.))
 *(.eh_frame_hdr)
                0x00000000000009b4                . = ALIGN (0x4)
                0x00000000000009b4                PROVIDE (__preinit_array_start, ABSOLUTE (.))
 *(.preinit_array)
                0x00000000000009b4                PROVIDE (__preinit_array_end, ABSOLUTE (.))
                0x00000000000009b4                PROVIDE (__init_array_start, ABSOLUTE (.))
 *(.init_array)
                0x00000000000009b4                PROVIDE (__init_array_end, ABSOLUTE (.))
                0x00000000000009b4                PROVIDE (__fini_array_start, ABSOLUTE (.))
 *(.fini_array)
                0x00000000000009b4                PROVIDE (__fini_array_end, ABSOLUTE (.))
 *(.eh_frame)
 *(.gcc_except_table .gcc_except_table.*)
 *(.dynamic)
                0x00000000000009b4                PROVIDE (__CTOR_LIST__, ABSOLUTE (.))
 *(.ctors)
 *(SORT(.ctors.*))
                0x00000000000009b4                PROVIDE (__CTOR_END__, ABSOLUTE (.))
                0x00000000000009b4                PROVIDE (__DTOR_LIST__, ABSOLUTE (.))
 *(.dtors)
 *(SORT(.dtors.*))
                0x00000000000009b4                PROVIDE (__DTOR_END__, ABSOLUTE (.))
 *(.jcr)
                0x00000000000009b4                . = ALIGN (0x4)

.rodata         0x00000000000009b4       0x50
                0x00000000000009b4                PROVIDE (__ram_rodata_start, ABSOLUTE (.))
                0x00000000000009b4                . = ALIGN (0x4)
 *(.rodata .rodata.* .gnu.linkonce.r.*)
 .rodata.str1.4
                0x00000000000009b4       0x41 obj/default/hello_world_small.o
                                         0x44 (size before relaxing)
 *fill*         0x00000000000009f5        0x3 
 .rodata.str1.4
                0x00000000000009f8        0xc ../lab5_transmit_test_bsp/\libhal_bsp.a(alt_dev.o)
 *(.rodata1)
                0x0000000000000a04                . = ALIGN (0x4)
                0x0000000000000a04                PROVIDE (__ram_rodata_end, ABSOLUTE (.))
                0x00000000000009b4                PROVIDE (__flash_rodata_start, LOADADDR (.rodata))

.rwdata         0x0000000000000a04       0x74 load address 0x0000000000000a78
                0x0000000000000a04                PROVIDE (__ram_rwdata_start, ABSOLUTE (.))
                0x0000000000000a04                . = ALIGN (0x4)
 *(.got.plt)
 *(.got)
 *(.data1)
 *(.data .data.* .gnu.linkonce.d.*)
 .data          0x0000000000000a04        0x0 ../lab5_transmit_test_bsp//obj/HAL/src/crt0.o
 .data          0x0000000000000a04        0x0 obj/default/hello_world_small.o
 .data          0x0000000000000a04        0x0 ../lab5_transmit_test_bsp/\libhal_bsp.a(alt_fcntl.o)
 .data          0x0000000000000a04        0x0 ../lab5_transmit_test_bsp/\libhal_bsp.a(alt_getchar.o)
 .data          0x0000000000000a04        0x0 ../lab5_transmit_test_bsp/\libhal_bsp.a(alt_load.o)
 .data          0x0000000000000a04        0x0 ../lab5_transmit_test_bsp/\libhal_bsp.a(alt_main.o)
 .data          0x0000000000000a04        0x0 ../lab5_transmit_test_bsp/\libhal_bsp.a(alt_putchar.o)
 .data          0x0000000000000a04        0x0 ../lab5_transmit_test_bsp/\libhal_bsp.a(alt_putstr.o)
 .data          0x0000000000000a04        0x0 ../lab5_transmit_test_bsp/\libhal_bsp.a(alt_usleep.o)
 .data          0x0000000000000a04        0x0 ../lab5_transmit_test_bsp/\libhal_bsp.a(alt_sys_init.o)
 .data          0x0000000000000a04        0x0 ../lab5_transmit_test_bsp/\libhal_bsp.a(altera_avalon_jtag_uart_read.o)
 .data          0x0000000000000a04        0x0 ../lab5_transmit_test_bsp/\libhal_bsp.a(altera_avalon_jtag_uart_write.o)
 .data          0x0000000000000a04        0x0 ../lab5_transmit_test_bsp/\libhal_bsp.a(alt_busy_sleep.o)
 .data          0x0000000000000a04        0x0 ../lab5_transmit_test_bsp/\libhal_bsp.a(alt_dcache_flush_all.o)
 .data          0x0000000000000a04       0x58 ../lab5_transmit_test_bsp/\libhal_bsp.a(alt_dev.o)
                0x0000000000000a04                alt_fd_list
                0x0000000000000a34                alt_dev_null
 .data          0x0000000000000a5c        0x0 ../lab5_transmit_test_bsp/\libhal_bsp.a(alt_errno.o)
 .data          0x0000000000000a5c        0x0 ../lab5_transmit_test_bsp/\libhal_bsp.a(alt_icache_flush_all.o)
 .data          0x0000000000000a5c        0x0 ../lab5_transmit_test_bsp/\libhal_bsp.a(altera_nios2_qsys_irq.o)
 .data          0x0000000000000a5c        0x0 c:/altera/15.1/nios2eds/bin/gnu/h-x86_64-mingw32/bin/../lib/gcc/nios2-elf/4.9.2/../../../../../H-x86_64-mingw32/nios2-elf/lib/mno-hw-mul\libsmallc.a(lib_a-int_errno.o)
 .data          0x0000000000000a5c        0x0 c:/altera/15.1/nios2eds/bin/gnu/h-x86_64-mingw32/bin/../lib/gcc/nios2-elf/4.9.2/../../../../../H-x86_64-mingw32/nios2-elf/lib/mno-hw-mul\libsmallc.a(lib_a-strlen.o)
 .data          0x0000000000000a5c        0x0 c:/altera/15.1/nios2eds/bin/gnu/h-x86_64-mingw32/bin/../lib/gcc/nios2-elf/4.9.2/mno-hw-mul\libgcc.a(lib2-divmod.o)
 .data          0x0000000000000a5c        0x0 c:/altera/15.1/nios2eds/bin/gnu/h-x86_64-mingw32/bin/../lib/gcc/nios2-elf/4.9.2/mno-hw-mul\libgcc.a(lib2-mul.o)
                0x0000000000008a5c                _gp = ABSOLUTE ((. + 0x8000))
                0x0000000000008a5c                PROVIDE (gp, _gp)
 *(.rwdata .rwdata.*)
 *(.sdata .sdata.* .gnu.linkonce.s.*)
 .sdata         0x0000000000000a5c        0x4 ../lab5_transmit_test_bsp/\libhal_bsp.a(alt_sys_init.o)
                0x0000000000000a5c                jtag_uart
 .sdata         0x0000000000000a60       0x14 ../lab5_transmit_test_bsp/\libhal_bsp.a(alt_dev.o)
                0x0000000000000a60                alt_max_fd
                0x0000000000000a64                alt_dev_list
                0x0000000000000a6c                alt_fs_list
 .sdata         0x0000000000000a74        0x4 ../lab5_transmit_test_bsp/\libhal_bsp.a(alt_errno.o)
                0x0000000000000a74                alt_errno
 *(.sdata2 .sdata2.* .gnu.linkonce.s2.*)
                0x0000000000000a78                . = ALIGN (0x4)
                0x0000000000000a78                _edata = ABSOLUTE (.)
                0x0000000000000a78                PROVIDE (edata, ABSOLUTE (.))
                0x0000000000000a78                PROVIDE (__ram_rwdata_end, ABSOLUTE (.))
                0x0000000000000a78                PROVIDE (__flash_rwdata_start, LOADADDR (.rwdata))

.bss            0x0000000000000aec       0x10
                0x0000000000000aec                __bss_start = ABSOLUTE (.)
                0x0000000000000aec                PROVIDE (__sbss_start, ABSOLUTE (.))
                0x0000000000000aec                PROVIDE (___sbss_start, ABSOLUTE (.))
 *(.dynsbss)
 *(.sbss .sbss.* .gnu.linkonce.sb.*)
 .sbss          0x0000000000000aec        0xc ../lab5_transmit_test_bsp/\libhal_bsp.a(alt_main.o)
                0x0000000000000aec                alt_envp
                0x0000000000000af0                alt_argv
                0x0000000000000af4                alt_argc
 .sbss          0x0000000000000af8        0x4 c:/altera/15.1/nios2eds/bin/gnu/h-x86_64-mingw32/bin/../lib/gcc/nios2-elf/4.9.2/../../../../../H-x86_64-mingw32/nios2-elf/lib/mno-hw-mul\libsmallc.a(lib_a-int_errno.o)
                0x0000000000000af8                errno
 *(.sbss2 .sbss2.* .gnu.linkonce.sb2.*)
 *(.scommon)
                0x0000000000000afc                PROVIDE (__sbss_end, ABSOLUTE (.))
                0x0000000000000afc                PROVIDE (___sbss_end, ABSOLUTE (.))
 *(.dynbss)
 *(.bss .bss.* .gnu.linkonce.b.*)
 .bss           0x0000000000000afc        0x0 ../lab5_transmit_test_bsp//obj/HAL/src/crt0.o
 .bss           0x0000000000000afc        0x0 obj/default/hello_world_small.o
 .bss           0x0000000000000afc        0x0 ../lab5_transmit_test_bsp/\libhal_bsp.a(alt_fcntl.o)
 .bss           0x0000000000000afc        0x0 ../lab5_transmit_test_bsp/\libhal_bsp.a(alt_getchar.o)
 .bss           0x0000000000000afc        0x0 ../lab5_transmit_test_bsp/\libhal_bsp.a(alt_load.o)
 .bss           0x0000000000000afc        0x0 ../lab5_transmit_test_bsp/\libhal_bsp.a(alt_main.o)
 .bss           0x0000000000000afc        0x0 ../lab5_transmit_test_bsp/\libhal_bsp.a(alt_putchar.o)
 .bss           0x0000000000000afc        0x0 ../lab5_transmit_test_bsp/\libhal_bsp.a(alt_putstr.o)
 .bss           0x0000000000000afc        0x0 ../lab5_transmit_test_bsp/\libhal_bsp.a(alt_usleep.o)
 .bss           0x0000000000000afc        0x0 ../lab5_transmit_test_bsp/\libhal_bsp.a(alt_sys_init.o)
 .bss           0x0000000000000afc        0x0 ../lab5_transmit_test_bsp/\libhal_bsp.a(altera_avalon_jtag_uart_read.o)
 .bss           0x0000000000000afc        0x0 ../lab5_transmit_test_bsp/\libhal_bsp.a(altera_avalon_jtag_uart_write.o)
 .bss           0x0000000000000afc        0x0 ../lab5_transmit_test_bsp/\libhal_bsp.a(alt_busy_sleep.o)
 .bss           0x0000000000000afc        0x0 ../lab5_transmit_test_bsp/\libhal_bsp.a(alt_dcache_flush_all.o)
 .bss           0x0000000000000afc        0x0 ../lab5_transmit_test_bsp/\libhal_bsp.a(alt_dev.o)
 .bss           0x0000000000000afc        0x0 ../lab5_transmit_test_bsp/\libhal_bsp.a(alt_errno.o)
 .bss           0x0000000000000afc        0x0 ../lab5_transmit_test_bsp/\libhal_bsp.a(alt_icache_flush_all.o)
 .bss           0x0000000000000afc        0x0 ../lab5_transmit_test_bsp/\libhal_bsp.a(altera_nios2_qsys_irq.o)
 .bss           0x0000000000000afc        0x0 c:/altera/15.1/nios2eds/bin/gnu/h-x86_64-mingw32/bin/../lib/gcc/nios2-elf/4.9.2/../../../../../H-x86_64-mingw32/nios2-elf/lib/mno-hw-mul\libsmallc.a(lib_a-int_errno.o)
 .bss           0x0000000000000afc        0x0 c:/altera/15.1/nios2eds/bin/gnu/h-x86_64-mingw32/bin/../lib/gcc/nios2-elf/4.9.2/../../../../../H-x86_64-mingw32/nios2-elf/lib/mno-hw-mul\libsmallc.a(lib_a-strlen.o)
 .bss           0x0000000000000afc        0x0 c:/altera/15.1/nios2eds/bin/gnu/h-x86_64-mingw32/bin/../lib/gcc/nios2-elf/4.9.2/mno-hw-mul\libgcc.a(lib2-divmod.o)
 .bss           0x0000000000000afc        0x0 c:/altera/15.1/nios2eds/bin/gnu/h-x86_64-mingw32/bin/../lib/gcc/nios2-elf/4.9.2/mno-hw-mul\libgcc.a(lib2-mul.o)
 *(COMMON)
                0x0000000000000afc                . = ALIGN (0x4)
                0x0000000000000afc                __bss_end = ABSOLUTE (.)

.onchip_mem     0x0000000000000afc        0x0
                0x0000000000000afc                PROVIDE (_alt_partition_onchip_mem_start, ABSOLUTE (.))
 *(.onchip_mem .onchip_mem. onchip_mem.*)
                0x0000000000000afc                . = ALIGN (0x4)
                0x0000000000000afc                PROVIDE (_alt_partition_onchip_mem_end, ABSOLUTE (.))
                0x0000000000000afc                _end = ABSOLUTE (.)
                0x0000000000000afc                end = ABSOLUTE (.)
                0x0000000000000afc                __alt_stack_base = ABSOLUTE (.)
                0x0000000000000afc                PROVIDE (_alt_partition_onchip_mem_load_addr, LOADADDR (.onchip_mem))

.stab
 *(.stab)

.stabstr
 *(.stabstr)

.stab.excl
 *(.stab.excl)

.stab.exclstr
 *(.stab.exclstr)

.stab.index
 *(.stab.index)

.stab.indexstr
 *(.stab.indexstr)

.comment        0x0000000000000000       0x23
 *(.comment)
 .comment       0x0000000000000000       0x23 obj/default/hello_world_small.o
                                         0x24 (size before relaxing)
 .comment       0x0000000000000000       0x24 ../lab5_transmit_test_bsp/\libhal_bsp.a(alt_fcntl.o)
 .comment       0x0000000000000000       0x24 ../lab5_transmit_test_bsp/\libhal_bsp.a(alt_getchar.o)
 .comment       0x0000000000000000       0x24 ../lab5_transmit_test_bsp/\libhal_bsp.a(alt_load.o)
 .comment       0x0000000000000000       0x24 ../lab5_transmit_test_bsp/\libhal_bsp.a(alt_main.o)
 .comment       0x0000000000000000       0x24 ../lab5_transmit_test_bsp/\libhal_bsp.a(alt_putchar.o)
 .comment       0x0000000000000000       0x24 ../lab5_transmit_test_bsp/\libhal_bsp.a(alt_putstr.o)
 .comment       0x0000000000000000       0x24 ../lab5_transmit_test_bsp/\libhal_bsp.a(alt_usleep.o)
 .comment       0x0000000000000000       0x24 ../lab5_transmit_test_bsp/\libhal_bsp.a(alt_sys_init.o)
 .comment       0x0000000000000000       0x24 ../lab5_transmit_test_bsp/\libhal_bsp.a(altera_avalon_jtag_uart_read.o)
 .comment       0x0000000000000000       0x24 ../lab5_transmit_test_bsp/\libhal_bsp.a(altera_avalon_jtag_uart_write.o)
 .comment       0x0000000000000000       0x24 ../lab5_transmit_test_bsp/\libhal_bsp.a(alt_busy_sleep.o)
 .comment       0x0000000000000000       0x24 ../lab5_transmit_test_bsp/\libhal_bsp.a(alt_dcache_flush_all.o)
 .comment       0x0000000000000000       0x24 ../lab5_transmit_test_bsp/\libhal_bsp.a(alt_dev.o)
 .comment       0x0000000000000000       0x24 ../lab5_transmit_test_bsp/\libhal_bsp.a(alt_errno.o)
 .comment       0x0000000000000000       0x24 ../lab5_transmit_test_bsp/\libhal_bsp.a(alt_icache_flush_all.o)
 .comment       0x0000000000000000       0x24 ../lab5_transmit_test_bsp/\libhal_bsp.a(altera_nios2_qsys_irq.o)
 .comment       0x0000000000000000       0x24 c:/altera/15.1/nios2eds/bin/gnu/h-x86_64-mingw32/bin/../lib/gcc/nios2-elf/4.9.2/../../../../../H-x86_64-mingw32/nios2-elf/lib/mno-hw-mul\libsmallc.a(lib_a-int_errno.o)
 .comment       0x0000000000000000       0x24 c:/altera/15.1/nios2eds/bin/gnu/h-x86_64-mingw32/bin/../lib/gcc/nios2-elf/4.9.2/../../../../../H-x86_64-mingw32/nios2-elf/lib/mno-hw-mul\libsmallc.a(lib_a-strlen.o)
 .comment       0x0000000000000000       0x24 c:/altera/15.1/nios2eds/bin/gnu/h-x86_64-mingw32/bin/../lib/gcc/nios2-elf/4.9.2/mno-hw-mul\libgcc.a(lib2-divmod.o)
 .comment       0x0000000000000000       0x24 c:/altera/15.1/nios2eds/bin/gnu/h-x86_64-mingw32/bin/../lib/gcc/nios2-elf/4.9.2/mno-hw-mul\libgcc.a(lib2-mul.o)

.debug
 *(.debug)

.line
 *(.line)

.debug_srcinfo
 *(.debug_srcinfo)

.debug_sfnames
 *(.debug_sfnames)

.debug_aranges  0x0000000000000000      0x2c0
 *(.debug_aranges)
 .debug_aranges
                0x0000000000000000       0x28 ../lab5_transmit_test_bsp//obj/HAL/src/crt0.o
 .debug_aranges
                0x0000000000000028       0x28 obj/default/hello_world_small.o
 .debug_aranges
                0x0000000000000050       0x20 ../lab5_transmit_test_bsp/\libhal_bsp.a(alt_fcntl.o)
 .debug_aranges
                0x0000000000000070       0x20 ../lab5_transmit_test_bsp/\libhal_bsp.a(alt_getchar.o)
 .debug_aranges
                0x0000000000000090       0x20 ../lab5_transmit_test_bsp/\libhal_bsp.a(alt_load.o)
 .debug_aranges
                0x00000000000000b0       0x20 ../lab5_transmit_test_bsp/\libhal_bsp.a(alt_main.o)
 .debug_aranges
                0x00000000000000d0       0x20 ../lab5_transmit_test_bsp/\libhal_bsp.a(alt_putchar.o)
 .debug_aranges
                0x00000000000000f0       0x20 ../lab5_transmit_test_bsp/\libhal_bsp.a(alt_putstr.o)
 .debug_aranges
                0x0000000000000110       0x20 ../lab5_transmit_test_bsp/\libhal_bsp.a(alt_usleep.o)
 .debug_aranges
                0x0000000000000130       0x20 ../lab5_transmit_test_bsp/\libhal_bsp.a(alt_sys_init.o)
 .debug_aranges
                0x0000000000000150       0x20 ../lab5_transmit_test_bsp/\libhal_bsp.a(altera_avalon_jtag_uart_read.o)
 .debug_aranges
                0x0000000000000170       0x20 ../lab5_transmit_test_bsp/\libhal_bsp.a(altera_avalon_jtag_uart_write.o)
 .debug_aranges
                0x0000000000000190       0x20 ../lab5_transmit_test_bsp/\libhal_bsp.a(alt_busy_sleep.o)
 .debug_aranges
                0x00000000000001b0       0x20 ../lab5_transmit_test_bsp/\libhal_bsp.a(alt_dcache_flush_all.o)
 .debug_aranges
                0x00000000000001d0       0x20 ../lab5_transmit_test_bsp/\libhal_bsp.a(alt_dev.o)
 .debug_aranges
                0x00000000000001f0       0x18 ../lab5_transmit_test_bsp/\libhal_bsp.a(alt_errno.o)
 .debug_aranges
                0x0000000000000208       0x20 ../lab5_transmit_test_bsp/\libhal_bsp.a(alt_icache_flush_all.o)
 .debug_aranges
                0x0000000000000228       0x20 ../lab5_transmit_test_bsp/\libhal_bsp.a(altera_nios2_qsys_irq.o)
 .debug_aranges
                0x0000000000000248       0x18 c:/altera/15.1/nios2eds/bin/gnu/h-x86_64-mingw32/bin/../lib/gcc/nios2-elf/4.9.2/../../../../../H-x86_64-mingw32/nios2-elf/lib/mno-hw-mul\libsmallc.a(lib_a-int_errno.o)
 .debug_aranges
                0x0000000000000260       0x20 c:/altera/15.1/nios2eds/bin/gnu/h-x86_64-mingw32/bin/../lib/gcc/nios2-elf/4.9.2/../../../../../H-x86_64-mingw32/nios2-elf/lib/mno-hw-mul\libsmallc.a(lib_a-strlen.o)
 .debug_aranges
                0x0000000000000280       0x20 c:/altera/15.1/nios2eds/bin/gnu/h-x86_64-mingw32/bin/../lib/gcc/nios2-elf/4.9.2/mno-hw-mul\libgcc.a(lib2-divmod.o)
 .debug_aranges
                0x00000000000002a0       0x20 c:/altera/15.1/nios2eds/bin/gnu/h-x86_64-mingw32/bin/../lib/gcc/nios2-elf/4.9.2/mno-hw-mul\libgcc.a(lib2-mul.o)

.debug_pubnames
 *(.debug_pubnames)

.debug_info     0x0000000000000000     0x2478
 *(.debug_info .gnu.linkonce.wi.*)
 .debug_info    0x0000000000000000       0x8e ../lab5_transmit_test_bsp//obj/HAL/src/crt0.o
 .debug_info    0x000000000000008e      0x4b2 obj/default/hello_world_small.o
 .debug_info    0x0000000000000540      0x4dc ../lab5_transmit_test_bsp/\libhal_bsp.a(alt_fcntl.o)
 .debug_info    0x0000000000000a1c      0x33b ../lab5_transmit_test_bsp/\libhal_bsp.a(alt_getchar.o)
 .debug_info    0x0000000000000d57      0x1ba ../lab5_transmit_test_bsp/\libhal_bsp.a(alt_load.o)
 .debug_info    0x0000000000000f11      0x17b ../lab5_transmit_test_bsp/\libhal_bsp.a(alt_main.o)
 .debug_info    0x000000000000108c      0x138 ../lab5_transmit_test_bsp/\libhal_bsp.a(alt_putchar.o)
 .debug_info    0x00000000000011c4      0x15d ../lab5_transmit_test_bsp/\libhal_bsp.a(alt_putstr.o)
 .debug_info    0x0000000000001321       0xd0 ../lab5_transmit_test_bsp/\libhal_bsp.a(alt_usleep.o)
 .debug_info    0x00000000000013f1      0x17a ../lab5_transmit_test_bsp/\libhal_bsp.a(alt_sys_init.o)
 .debug_info    0x000000000000156b      0x1ad ../lab5_transmit_test_bsp/\libhal_bsp.a(altera_avalon_jtag_uart_read.o)
 .debug_info    0x0000000000001718      0x190 ../lab5_transmit_test_bsp/\libhal_bsp.a(altera_avalon_jtag_uart_write.o)
 .debug_info    0x00000000000018a8       0xd1 ../lab5_transmit_test_bsp/\libhal_bsp.a(alt_busy_sleep.o)
 .debug_info    0x0000000000001979       0x8b ../lab5_transmit_test_bsp/\libhal_bsp.a(alt_dcache_flush_all.o)
 .debug_info    0x0000000000001a04      0x492 ../lab5_transmit_test_bsp/\libhal_bsp.a(alt_dev.o)
 .debug_info    0x0000000000001e96       0x9f ../lab5_transmit_test_bsp/\libhal_bsp.a(alt_errno.o)
 .debug_info    0x0000000000001f35       0x8b ../lab5_transmit_test_bsp/\libhal_bsp.a(alt_icache_flush_all.o)
 .debug_info    0x0000000000001fc0       0x8b ../lab5_transmit_test_bsp/\libhal_bsp.a(altera_nios2_qsys_irq.o)
 .debug_info    0x000000000000204b       0x83 c:/altera/15.1/nios2eds/bin/gnu/h-x86_64-mingw32/bin/../lib/gcc/nios2-elf/4.9.2/../../../../../H-x86_64-mingw32/nios2-elf/lib/mno-hw-mul\libsmallc.a(lib_a-int_errno.o)
 .debug_info    0x00000000000020ce       0xc2 c:/altera/15.1/nios2eds/bin/gnu/h-x86_64-mingw32/bin/../lib/gcc/nios2-elf/4.9.2/../../../../../H-x86_64-mingw32/nios2-elf/lib/mno-hw-mul\libsmallc.a(lib_a-strlen.o)
 .debug_info    0x0000000000002190      0x234 c:/altera/15.1/nios2eds/bin/gnu/h-x86_64-mingw32/bin/../lib/gcc/nios2-elf/4.9.2/mno-hw-mul\libgcc.a(lib2-divmod.o)
 .debug_info    0x00000000000023c4       0xb4 c:/altera/15.1/nios2eds/bin/gnu/h-x86_64-mingw32/bin/../lib/gcc/nios2-elf/4.9.2/mno-hw-mul\libgcc.a(lib2-mul.o)

.debug_abbrev   0x0000000000000000     0x100e
 *(.debug_abbrev)
 .debug_abbrev  0x0000000000000000       0x12 ../lab5_transmit_test_bsp//obj/HAL/src/crt0.o
 .debug_abbrev  0x0000000000000012      0x1f5 obj/default/hello_world_small.o
 .debug_abbrev  0x0000000000000207      0x142 ../lab5_transmit_test_bsp/\libhal_bsp.a(alt_fcntl.o)
 .debug_abbrev  0x0000000000000349      0x11f ../lab5_transmit_test_bsp/\libhal_bsp.a(alt_getchar.o)
 .debug_abbrev  0x0000000000000468       0xd8 ../lab5_transmit_test_bsp/\libhal_bsp.a(alt_load.o)
 .debug_abbrev  0x0000000000000540      0x120 ../lab5_transmit_test_bsp/\libhal_bsp.a(alt_main.o)
 .debug_abbrev  0x0000000000000660       0xd4 ../lab5_transmit_test_bsp/\libhal_bsp.a(alt_putchar.o)
 .debug_abbrev  0x0000000000000734       0xe2 ../lab5_transmit_test_bsp/\libhal_bsp.a(alt_putstr.o)
 .debug_abbrev  0x0000000000000816       0x96 ../lab5_transmit_test_bsp/\libhal_bsp.a(alt_usleep.o)
 .debug_abbrev  0x00000000000008ac      0x107 ../lab5_transmit_test_bsp/\libhal_bsp.a(alt_sys_init.o)
 .debug_abbrev  0x00000000000009b3      0x102 ../lab5_transmit_test_bsp/\libhal_bsp.a(altera_avalon_jtag_uart_read.o)
 .debug_abbrev  0x0000000000000ab5       0xd5 ../lab5_transmit_test_bsp/\libhal_bsp.a(altera_avalon_jtag_uart_write.o)
 .debug_abbrev  0x0000000000000b8a       0x8d ../lab5_transmit_test_bsp/\libhal_bsp.a(alt_busy_sleep.o)
 .debug_abbrev  0x0000000000000c17       0x42 ../lab5_transmit_test_bsp/\libhal_bsp.a(alt_dcache_flush_all.o)
 .debug_abbrev  0x0000000000000c59       0xd9 ../lab5_transmit_test_bsp/\libhal_bsp.a(alt_dev.o)
 .debug_abbrev  0x0000000000000d32       0x5a ../lab5_transmit_test_bsp/\libhal_bsp.a(alt_errno.o)
 .debug_abbrev  0x0000000000000d8c       0x42 ../lab5_transmit_test_bsp/\libhal_bsp.a(alt_icache_flush_all.o)
 .debug_abbrev  0x0000000000000dce       0x42 ../lab5_transmit_test_bsp/\libhal_bsp.a(altera_nios2_qsys_irq.o)
 .debug_abbrev  0x0000000000000e10       0x37 c:/altera/15.1/nios2eds/bin/gnu/h-x86_64-mingw32/bin/../lib/gcc/nios2-elf/4.9.2/../../../../../H-x86_64-mingw32/nios2-elf/lib/mno-hw-mul\libsmallc.a(lib_a-int_errno.o)
 .debug_abbrev  0x0000000000000e47       0x7f c:/altera/15.1/nios2eds/bin/gnu/h-x86_64-mingw32/bin/../lib/gcc/nios2-elf/4.9.2/../../../../../H-x86_64-mingw32/nios2-elf/lib/mno-hw-mul\libsmallc.a(lib_a-strlen.o)
 .debug_abbrev  0x0000000000000ec6       0xd9 c:/altera/15.1/nios2eds/bin/gnu/h-x86_64-mingw32/bin/../lib/gcc/nios2-elf/4.9.2/mno-hw-mul\libgcc.a(lib2-divmod.o)
 .debug_abbrev  0x0000000000000f9f       0x6f c:/altera/15.1/nios2eds/bin/gnu/h-x86_64-mingw32/bin/../lib/gcc/nios2-elf/4.9.2/mno-hw-mul\libgcc.a(lib2-mul.o)

.debug_line     0x0000000000000000     0x10bc
 *(.debug_line)
 .debug_line    0x0000000000000000       0x66 ../lab5_transmit_test_bsp//obj/HAL/src/crt0.o
 .debug_line    0x0000000000000066      0x191 obj/default/hello_world_small.o
 .debug_line    0x00000000000001f7      0x1c1 ../lab5_transmit_test_bsp/\libhal_bsp.a(alt_fcntl.o)
 .debug_line    0x00000000000003b8       0xb7 ../lab5_transmit_test_bsp/\libhal_bsp.a(alt_getchar.o)
 .debug_line    0x000000000000046f       0xa6 ../lab5_transmit_test_bsp/\libhal_bsp.a(alt_load.o)
 .debug_line    0x0000000000000515       0xbd ../lab5_transmit_test_bsp/\libhal_bsp.a(alt_main.o)
 .debug_line    0x00000000000005d2       0x55 ../lab5_transmit_test_bsp/\libhal_bsp.a(alt_putchar.o)
 .debug_line    0x0000000000000627       0xf5 ../lab5_transmit_test_bsp/\libhal_bsp.a(alt_putstr.o)
 .debug_line    0x000000000000071c       0xc7 ../lab5_transmit_test_bsp/\libhal_bsp.a(alt_usleep.o)
 .debug_line    0x00000000000007e3      0x101 ../lab5_transmit_test_bsp/\libhal_bsp.a(alt_sys_init.o)
 .debug_line    0x00000000000008e4       0xfb ../lab5_transmit_test_bsp/\libhal_bsp.a(altera_avalon_jtag_uart_read.o)
 .debug_line    0x00000000000009df       0xf0 ../lab5_transmit_test_bsp/\libhal_bsp.a(altera_avalon_jtag_uart_write.o)
 .debug_line    0x0000000000000acf       0xc0 ../lab5_transmit_test_bsp/\libhal_bsp.a(alt_busy_sleep.o)
 .debug_line    0x0000000000000b8f       0x4e ../lab5_transmit_test_bsp/\libhal_bsp.a(alt_dcache_flush_all.o)
 .debug_line    0x0000000000000bdd       0xee ../lab5_transmit_test_bsp/\libhal_bsp.a(alt_dev.o)
 .debug_line    0x0000000000000ccb       0x51 ../lab5_transmit_test_bsp/\libhal_bsp.a(alt_errno.o)
 .debug_line    0x0000000000000d1c       0x4e ../lab5_transmit_test_bsp/\libhal_bsp.a(alt_icache_flush_all.o)
 .debug_line    0x0000000000000d6a       0x50 ../lab5_transmit_test_bsp/\libhal_bsp.a(altera_nios2_qsys_irq.o)
 .debug_line    0x0000000000000dba       0x5f c:/altera/15.1/nios2eds/bin/gnu/h-x86_64-mingw32/bin/../lib/gcc/nios2-elf/4.9.2/../../../../../H-x86_64-mingw32/nios2-elf/lib/mno-hw-mul\libsmallc.a(lib_a-int_errno.o)
 .debug_line    0x0000000000000e19      0x15c c:/altera/15.1/nios2eds/bin/gnu/h-x86_64-mingw32/bin/../lib/gcc/nios2-elf/4.9.2/../../../../../H-x86_64-mingw32/nios2-elf/lib/mno-hw-mul\libsmallc.a(lib_a-strlen.o)
 .debug_line    0x0000000000000f75       0xc7 c:/altera/15.1/nios2eds/bin/gnu/h-x86_64-mingw32/bin/../lib/gcc/nios2-elf/4.9.2/mno-hw-mul\libgcc.a(lib2-divmod.o)
 .debug_line    0x000000000000103c       0x80 c:/altera/15.1/nios2eds/bin/gnu/h-x86_64-mingw32/bin/../lib/gcc/nios2-elf/4.9.2/mno-hw-mul\libgcc.a(lib2-mul.o)

.debug_frame    0x0000000000000000      0x434
 *(.debug_frame)
 .debug_frame   0x0000000000000000       0xf4 obj/default/hello_world_small.o
 .debug_frame   0x00000000000000f4       0x40 ../lab5_transmit_test_bsp/\libhal_bsp.a(alt_fcntl.o)
 .debug_frame   0x0000000000000134       0x2c ../lab5_transmit_test_bsp/\libhal_bsp.a(alt_getchar.o)
 .debug_frame   0x0000000000000160       0x30 ../lab5_transmit_test_bsp/\libhal_bsp.a(alt_load.o)
 .debug_frame   0x0000000000000190       0x2c ../lab5_transmit_test_bsp/\libhal_bsp.a(alt_main.o)
 .debug_frame   0x00000000000001bc       0x30 ../lab5_transmit_test_bsp/\libhal_bsp.a(alt_putchar.o)
 .debug_frame   0x00000000000001ec       0x30 ../lab5_transmit_test_bsp/\libhal_bsp.a(alt_putstr.o)
 .debug_frame   0x000000000000021c       0x20 ../lab5_transmit_test_bsp/\libhal_bsp.a(alt_usleep.o)
 .debug_frame   0x000000000000023c       0x3c ../lab5_transmit_test_bsp/\libhal_bsp.a(alt_sys_init.o)
 .debug_frame   0x0000000000000278       0x20 ../lab5_transmit_test_bsp/\libhal_bsp.a(altera_avalon_jtag_uart_read.o)
 .debug_frame   0x0000000000000298       0x20 ../lab5_transmit_test_bsp/\libhal_bsp.a(altera_avalon_jtag_uart_write.o)
 .debug_frame   0x00000000000002b8       0x30 ../lab5_transmit_test_bsp/\libhal_bsp.a(alt_busy_sleep.o)
 .debug_frame   0x00000000000002e8       0x20 ../lab5_transmit_test_bsp/\libhal_bsp.a(alt_dcache_flush_all.o)
 .debug_frame   0x0000000000000308       0x20 ../lab5_transmit_test_bsp/\libhal_bsp.a(alt_dev.o)
 .debug_frame   0x0000000000000328       0x20 ../lab5_transmit_test_bsp/\libhal_bsp.a(alt_icache_flush_all.o)
 .debug_frame   0x0000000000000348       0x20 ../lab5_transmit_test_bsp/\libhal_bsp.a(altera_nios2_qsys_irq.o)
 .debug_frame   0x0000000000000368       0x20 c:/altera/15.1/nios2eds/bin/gnu/h-x86_64-mingw32/bin/../lib/gcc/nios2-elf/4.9.2/../../../../../H-x86_64-mingw32/nios2-elf/lib/mno-hw-mul\libsmallc.a(lib_a-strlen.o)
 .debug_frame   0x0000000000000388       0x8c c:/altera/15.1/nios2eds/bin/gnu/h-x86_64-mingw32/bin/../lib/gcc/nios2-elf/4.9.2/mno-hw-mul\libgcc.a(lib2-divmod.o)
 .debug_frame   0x0000000000000414       0x20 c:/altera/15.1/nios2eds/bin/gnu/h-x86_64-mingw32/bin/../lib/gcc/nios2-elf/4.9.2/mno-hw-mul\libgcc.a(lib2-mul.o)

.debug_str      0x0000000000000000      0xc0f
 *(.debug_str)
 .debug_str     0x0000000000000000      0x1ff obj/default/hello_world_small.o
                                        0x248 (size before relaxing)
 .debug_str     0x00000000000001ff      0x21f ../lab5_transmit_test_bsp/\libhal_bsp.a(alt_fcntl.o)
                                        0x331 (size before relaxing)
 .debug_str     0x000000000000041e       0x5d ../lab5_transmit_test_bsp/\libhal_bsp.a(alt_getchar.o)
                                        0x239 (size before relaxing)
 .debug_str     0x000000000000047b      0x113 ../lab5_transmit_test_bsp/\libhal_bsp.a(alt_load.o)
                                        0x23f (size before relaxing)
 .debug_str     0x000000000000058e       0x5e ../lab5_transmit_test_bsp/\libhal_bsp.a(alt_main.o)
                                        0x1b8 (size before relaxing)
 .debug_str     0x00000000000005ec       0x34 ../lab5_transmit_test_bsp/\libhal_bsp.a(alt_putchar.o)
                                        0x18e (size before relaxing)
 .debug_str     0x0000000000000620       0x23 ../lab5_transmit_test_bsp/\libhal_bsp.a(alt_putstr.o)
                                        0x19a (size before relaxing)
 .debug_str     0x0000000000000643       0x24 ../lab5_transmit_test_bsp/\libhal_bsp.a(alt_usleep.o)
                                        0x15a (size before relaxing)
 .debug_str     0x0000000000000667       0x86 ../lab5_transmit_test_bsp/\libhal_bsp.a(alt_sys_init.o)
                                        0x227 (size before relaxing)
 .debug_str     0x00000000000006ed       0x38 ../lab5_transmit_test_bsp/\libhal_bsp.a(altera_avalon_jtag_uart_read.o)
                                        0x222 (size before relaxing)
 .debug_str     0x0000000000000725       0x2c ../lab5_transmit_test_bsp/\libhal_bsp.a(altera_avalon_jtag_uart_write.o)
                                        0x218 (size before relaxing)
 .debug_str     0x0000000000000751       0x33 ../lab5_transmit_test_bsp/\libhal_bsp.a(alt_busy_sleep.o)
                                        0x16e (size before relaxing)
 .debug_str     0x0000000000000784       0x1f ../lab5_transmit_test_bsp/\libhal_bsp.a(alt_dcache_flush_all.o)
                                        0x158 (size before relaxing)
 .debug_str     0x00000000000007a3       0x50 ../lab5_transmit_test_bsp/\libhal_bsp.a(alt_dev.o)
                                        0x308 (size before relaxing)
 .debug_str     0x00000000000007f3       0x14 ../lab5_transmit_test_bsp/\libhal_bsp.a(alt_errno.o)
                                        0x148 (size before relaxing)
 .debug_str     0x0000000000000807       0x1f ../lab5_transmit_test_bsp/\libhal_bsp.a(alt_icache_flush_all.o)
                                        0x158 (size before relaxing)
 .debug_str     0x0000000000000826       0x20 ../lab5_transmit_test_bsp/\libhal_bsp.a(altera_nios2_qsys_irq.o)
                                        0x15f (size before relaxing)
 .debug_str     0x0000000000000846      0x132 c:/altera/15.1/nios2eds/bin/gnu/h-x86_64-mingw32/bin/../lib/gcc/nios2-elf/4.9.2/../../../../../H-x86_64-mingw32/nios2-elf/lib/mno-hw-mul\libsmallc.a(lib_a-int_errno.o)
                                        0x1ca (size before relaxing)
 .debug_str     0x0000000000000978       0xd2 c:/altera/15.1/nios2eds/bin/gnu/h-x86_64-mingw32/bin/../lib/gcc/nios2-elf/4.9.2/../../../../../H-x86_64-mingw32/nios2-elf/lib/mno-hw-mul\libsmallc.a(lib_a-strlen.o)
                                        0x1d7 (size before relaxing)
 .debug_str     0x0000000000000a4a      0x185 c:/altera/15.1/nios2eds/bin/gnu/h-x86_64-mingw32/bin/../lib/gcc/nios2-elf/4.9.2/mno-hw-mul\libgcc.a(lib2-divmod.o)
                                        0x1d0 (size before relaxing)
 .debug_str     0x0000000000000bcf       0x40 c:/altera/15.1/nios2eds/bin/gnu/h-x86_64-mingw32/bin/../lib/gcc/nios2-elf/4.9.2/mno-hw-mul\libgcc.a(lib2-mul.o)
                                        0x191 (size before relaxing)

.debug_loc      0x0000000000000000      0x930
 *(.debug_loc)
 .debug_loc     0x0000000000000000      0x30f obj/default/hello_world_small.o
 .debug_loc     0x000000000000030f       0x99 ../lab5_transmit_test_bsp/\libhal_bsp.a(alt_fcntl.o)
 .debug_loc     0x00000000000003a8       0x2c ../lab5_transmit_test_bsp/\libhal_bsp.a(alt_putchar.o)
 .debug_loc     0x00000000000003d4       0x37 ../lab5_transmit_test_bsp/\libhal_bsp.a(alt_putstr.o)
 .debug_loc     0x000000000000040b       0x21 ../lab5_transmit_test_bsp/\libhal_bsp.a(alt_usleep.o)
 .debug_loc     0x000000000000042c       0x21 ../lab5_transmit_test_bsp/\libhal_bsp.a(alt_sys_init.o)
 .debug_loc     0x000000000000044d       0xcd ../lab5_transmit_test_bsp/\libhal_bsp.a(altera_avalon_jtag_uart_read.o)
 .debug_loc     0x000000000000051a       0x8b ../lab5_transmit_test_bsp/\libhal_bsp.a(altera_avalon_jtag_uart_write.o)
 .debug_loc     0x00000000000005a5       0x67 ../lab5_transmit_test_bsp/\libhal_bsp.a(alt_busy_sleep.o)
 .debug_loc     0x000000000000060c       0x1e c:/altera/15.1/nios2eds/bin/gnu/h-x86_64-mingw32/bin/../lib/gcc/nios2-elf/4.9.2/../../../../../H-x86_64-mingw32/nios2-elf/lib/mno-hw-mul\libsmallc.a(lib_a-strlen.o)
 .debug_loc     0x000000000000062a      0x273 c:/altera/15.1/nios2eds/bin/gnu/h-x86_64-mingw32/bin/../lib/gcc/nios2-elf/4.9.2/mno-hw-mul\libgcc.a(lib2-divmod.o)
 .debug_loc     0x000000000000089d       0x93 c:/altera/15.1/nios2eds/bin/gnu/h-x86_64-mingw32/bin/../lib/gcc/nios2-elf/4.9.2/mno-hw-mul\libgcc.a(lib2-mul.o)

.debug_macinfo
 *(.debug_macinfo)

.debug_weaknames
 *(.debug_weaknames)

.debug_funcnames
 *(.debug_funcnames)

.debug_typenames
 *(.debug_typenames)

.debug_varnames
 *(.debug_varnames)

.debug_alt_sim_info
                0x0000000000000000       0x40
 *(.debug_alt_sim_info)
 .debug_alt_sim_info
                0x0000000000000000       0x10 ../lab5_transmit_test_bsp//obj/HAL/src/crt0.o
 .debug_alt_sim_info
                0x0000000000000010       0x30 ../lab5_transmit_test_bsp/\libhal_bsp.a(alt_busy_sleep.o)
                0x0000000000002000                __alt_data_end = 0x2000
                0x0000000000002000                PROVIDE (__alt_stack_pointer, __alt_data_end)
                0x0000000000000afc                PROVIDE (__alt_stack_limit, __alt_stack_base)
                0x0000000000000afc                PROVIDE (__alt_heap_start, end)
                0x0000000000002000                PROVIDE (__alt_heap_limit, 0x2000)
OUTPUT(lab5_transmit_test.elf elf32-littlenios2)

.debug_ranges   0x0000000000000000       0xe8
 .debug_ranges  0x0000000000000000       0x20 ../lab5_transmit_test_bsp//obj/HAL/src/crt0.o
 .debug_ranges  0x0000000000000020       0x50 obj/default/hello_world_small.o
 .debug_ranges  0x0000000000000070       0x48 ../lab5_transmit_test_bsp/\libhal_bsp.a(alt_load.o)
 .debug_ranges  0x00000000000000b8       0x20 ../lab5_transmit_test_bsp/\libhal_bsp.a(altera_avalon_jtag_uart_read.o)
 .debug_ranges  0x00000000000000d8       0x10 c:/altera/15.1/nios2eds/bin/gnu/h-x86_64-mingw32/bin/../lib/gcc/nios2-elf/4.9.2/../../../../../H-x86_64-mingw32/nios2-elf/lib/mno-hw-mul\libsmallc.a(lib_a-strlen.o)
