Archive member included to satisfy reference by file (symbol)

c:/altera/15.1/nios2eds/bin/gnu/h-x86_64-mingw32/bin/../lib/gcc/nios2-elf/4.9.2/../../../../../H-x86_64-mingw32/nios2-elf/lib/mno-hw-mul\libsmallc.a(lib_a-memcpy.o)
                              obj/default/hello_world_small.o (memcpy)
c:/altera/15.1/nios2eds/bin/gnu/h-x86_64-mingw32/bin/../lib/gcc/nios2-elf/4.9.2/../../../../../H-x86_64-mingw32/nios2-elf/lib/mno-hw-mul\libsmallc.a(lib_a-strlen.o)
                              obj/default/hello_world_small.o (strlen)
../transmit_test_3_bsp/\libhal_bsp.a(alt_load.o)
                              ../transmit_test_3_bsp//obj/HAL/src/crt0.o (alt_load)
../transmit_test_3_bsp/\libhal_bsp.a(alt_main.o)
                              ../transmit_test_3_bsp//obj/HAL/src/crt0.o (alt_main)
../transmit_test_3_bsp/\libhal_bsp.a(alt_putstr.o)
                              obj/default/hello_world_small.o (alt_putstr)
../transmit_test_3_bsp/\libhal_bsp.a(alt_usleep.o)
                              obj/default/hello_world_small.o (usleep)
../transmit_test_3_bsp/\libhal_bsp.a(alt_sys_init.o)
                              ../transmit_test_3_bsp/\libhal_bsp.a(alt_main.o) (alt_irq_init)
../transmit_test_3_bsp/\libhal_bsp.a(altera_avalon_jtag_uart_write.o)
                              ../transmit_test_3_bsp/\libhal_bsp.a(alt_putstr.o) (altera_avalon_jtag_uart_write)
../transmit_test_3_bsp/\libhal_bsp.a(alt_busy_sleep.o)
                              ../transmit_test_3_bsp/\libhal_bsp.a(alt_usleep.o) (alt_busy_sleep)
../transmit_test_3_bsp/\libhal_bsp.a(alt_dcache_flush_all.o)
                              ../transmit_test_3_bsp/\libhal_bsp.a(alt_load.o) (alt_dcache_flush_all)
../transmit_test_3_bsp/\libhal_bsp.a(alt_icache_flush_all.o)
                              ../transmit_test_3_bsp/\libhal_bsp.a(alt_load.o) (alt_icache_flush_all)
../transmit_test_3_bsp/\libhal_bsp.a(altera_nios2_qsys_irq.o)
                              ../transmit_test_3_bsp/\libhal_bsp.a(alt_sys_init.o) (altera_nios2_qsys_irq_init)
c:/altera/15.1/nios2eds/bin/gnu/h-x86_64-mingw32/bin/../lib/gcc/nios2-elf/4.9.2/mno-hw-mul\libgcc.a(lib2-divmod.o)
                              ../transmit_test_3_bsp/\libhal_bsp.a(alt_busy_sleep.o) (__udivsi3)
c:/altera/15.1/nios2eds/bin/gnu/h-x86_64-mingw32/bin/../lib/gcc/nios2-elf/4.9.2/mno-hw-mul\libgcc.a(lib2-mul.o)
                              ../transmit_test_3_bsp/\libhal_bsp.a(alt_busy_sleep.o) (__mulsi3)

Memory Configuration

Name             Origin             Length             Attributes
reset            0x0000000000000000 0x0000000000000020
onchip_mem       0x0000000000000020 0x0000000000003fe0
*default*        0x0000000000000000 0xffffffffffffffff

Linker script and memory map

LOAD ../transmit_test_3_bsp//obj/HAL/src/crt0.o
LOAD obj/default/hello_world_small.o
LOAD c:/altera/15.1/nios2eds/bin/gnu/h-x86_64-mingw32/bin/../lib/gcc/nios2-elf/4.9.2/../../../../../H-x86_64-mingw32/nios2-elf/lib/mno-hw-mul\libstdc++.a
LOAD c:/altera/15.1/nios2eds/bin/gnu/h-x86_64-mingw32/bin/../lib/gcc/nios2-elf/4.9.2/../../../../../H-x86_64-mingw32/nios2-elf/lib/mno-hw-mul\libm.a
LOAD c:/altera/15.1/nios2eds/bin/gnu/h-x86_64-mingw32/bin/../lib/gcc/nios2-elf/4.9.2/mno-hw-mul\libgcc.a
START GROUP
LOAD c:/altera/15.1/nios2eds/bin/gnu/h-x86_64-mingw32/bin/../lib/gcc/nios2-elf/4.9.2/../../../../../H-x86_64-mingw32/nios2-elf/lib/mno-hw-mul\libsmallc.a
LOAD c:/altera/15.1/nios2eds/bin/gnu/h-x86_64-mingw32/bin/../lib/gcc/nios2-elf/4.9.2/mno-hw-mul\libgcc.a
LOAD ../transmit_test_3_bsp/\libhal_bsp.a
LOAD c:/altera/15.1/nios2eds/bin/gnu/h-x86_64-mingw32/bin/../lib/gcc/nios2-elf/4.9.2/../../../../../H-x86_64-mingw32/nios2-elf/lib/mno-hw-mul\libm.a
END GROUP
LOAD c:/altera/15.1/nios2eds/bin/gnu/h-x86_64-mingw32/bin/../lib/gcc/nios2-elf/4.9.2/mno-hw-mul\libgcc.a
                0x0000000000000000                __alt_mem_onchip_mem = 0x0

.entry          0x0000000000000000       0x20
 *(.entry)
 .entry         0x0000000000000000       0x20 ../transmit_test_3_bsp//obj/HAL/src/crt0.o
                0x0000000000000000                __reset
                0x000000000000000c                _exit

.exceptions     0x0000000000000020        0x0
                0x0000000000000020                PROVIDE (__ram_exceptions_start, ABSOLUTE (.))
                0x0000000000000020                . = ALIGN (0x20)
 *(.irq)
 *(.exceptions.entry.label)
 *(.exceptions.entry.user)
 *(.exceptions.entry.ecc_fatal)
 *(.exceptions.entry)
 *(.exceptions.irqtest.user)
 *(.exceptions.irqtest)
 *(.exceptions.irqhandler.user)
 *(.exceptions.irqhandler)
 *(.exceptions.irqreturn.user)
 *(.exceptions.irqreturn)
 *(.exceptions.notirq.label)
 *(.exceptions.notirq.user)
 *(.exceptions.notirq)
 *(.exceptions.soft.user)
 *(.exceptions.soft)
 *(.exceptions.unknown.user)
 *(.exceptions.unknown)
 *(.exceptions.exit.label)
 *(.exceptions.exit.user)
 *(.exceptions.exit)
 *(.exceptions)
                0x0000000000000020                PROVIDE (__ram_exceptions_end, ABSOLUTE (.))
                0x0000000000000020                PROVIDE (__flash_exceptions_start, LOADADDR (.exceptions))

.text           0x0000000000000020      0x518
                0x0000000000000020                PROVIDE (stext, ABSOLUTE (.))
 *(.interp)
 *(.hash)
 *(.dynsym)
 *(.dynstr)
 *(.gnu.version)
 *(.gnu.version_d)
 *(.gnu.version_r)
 *(.rel.init)
 *(.rela.init)
 *(.rel.text .rel.text.* .rel.gnu.linkonce.t.*)
 *(.rela.text .rela.text.* .rela.gnu.linkonce.t.*)
 *(.rel.fini)
 *(.rela.fini)
 *(.rel.rodata .rel.rodata.* .rel.gnu.linkonce.r.*)
 *(.rela.rodata .rela.rodata.* .rela.gnu.linkonce.r.*)
 *(.rel.data .rel.data.* .rel.gnu.linkonce.d.*)
 *(.rela.data .rela.data.* .rela.gnu.linkonce.d.*)
 *(.rel.tdata .rel.tdata.* .rel.gnu.linkonce.td.*)
 *(.rela.tdata .rela.tdata.* .rela.gnu.linkonce.td.*)
 *(.rel.tbss .rel.tbss.* .rel.gnu.linkonce.tb.*)
 *(.rela.tbss .rela.tbss.* .rela.gnu.linkonce.tb.*)
 *(.rel.ctors)
 *(.rela.ctors)
 *(.rel.dtors)
 *(.rela.dtors)
 *(.rel.got)
 *(.rela.got)
 *(.rel.sdata .rel.sdata.* .rel.gnu.linkonce.s.*)
 *(.rela.sdata .rela.sdata.* .rela.gnu.linkonce.s.*)
 *(.rel.sbss .rel.sbss.* .rel.gnu.linkonce.sb.*)
 *(.rela.sbss .rela.sbss.* .rela.gnu.linkonce.sb.*)
 *(.rel.sdata2 .rel.sdata2.* .rel.gnu.linkonce.s2.*)
 *(.rela.sdata2 .rela.sdata2.* .rela.gnu.linkonce.s2.*)
 *(.rel.sbss2 .rel.sbss2.* .rel.gnu.linkonce.sb2.*)
 *(.rela.sbss2 .rela.sbss2.* .rela.gnu.linkonce.sb2.*)
 *(.rel.bss .rel.bss.* .rel.gnu.linkonce.b.*)
 *(.rela.bss .rela.bss.* .rela.gnu.linkonce.b.*)
 *(.rel.plt)
 *(.rela.plt)
 *(.rel.dyn)
 *(.init)
 *(.plt)
 *(.text .stub .text.* .gnu.linkonce.t.*)
 .text          0x0000000000000020       0x3c ../transmit_test_3_bsp//obj/HAL/src/crt0.o
                0x0000000000000020                _start
 .text          0x000000000000005c       0x10 obj/default/hello_world_small.o
                0x000000000000005c                setParity
                0x0000000000000064                getCharacter
 .text.startup  0x000000000000006c       0xe4 obj/default/hello_world_small.o
                0x000000000000006c                main
 .text          0x0000000000000150        0x0 c:/altera/15.1/nios2eds/bin/gnu/h-x86_64-mingw32/bin/../lib/gcc/nios2-elf/4.9.2/../../../../../H-x86_64-mingw32/nios2-elf/lib/mno-hw-mul\libsmallc.a(lib_a-memcpy.o)
 .text.memcpy   0x0000000000000150       0x28 c:/altera/15.1/nios2eds/bin/gnu/h-x86_64-mingw32/bin/../lib/gcc/nios2-elf/4.9.2/../../../../../H-x86_64-mingw32/nios2-elf/lib/mno-hw-mul\libsmallc.a(lib_a-memcpy.o)
                0x0000000000000150                memcpy
 .text          0x0000000000000178        0x0 c:/altera/15.1/nios2eds/bin/gnu/h-x86_64-mingw32/bin/../lib/gcc/nios2-elf/4.9.2/../../../../../H-x86_64-mingw32/nios2-elf/lib/mno-hw-mul\libsmallc.a(lib_a-strlen.o)
 .text.strlen   0x0000000000000178       0x1c c:/altera/15.1/nios2eds/bin/gnu/h-x86_64-mingw32/bin/../lib/gcc/nios2-elf/4.9.2/../../../../../H-x86_64-mingw32/nios2-elf/lib/mno-hw-mul\libsmallc.a(lib_a-strlen.o)
                0x0000000000000178                strlen
 .text          0x0000000000000194       0xf8 ../transmit_test_3_bsp/\libhal_bsp.a(alt_load.o)
                0x0000000000000194                alt_load
 .text          0x000000000000028c       0x2c ../transmit_test_3_bsp/\libhal_bsp.a(alt_main.o)
                0x000000000000028c                alt_main
 .text          0x00000000000002b8       0x38 ../transmit_test_3_bsp/\libhal_bsp.a(alt_putstr.o)
                0x00000000000002b8                alt_putstr
 .text          0x00000000000002f0        0x4 ../transmit_test_3_bsp/\libhal_bsp.a(alt_usleep.o)
                0x00000000000002f0                usleep
 .text          0x00000000000002f4       0x24 ../transmit_test_3_bsp/\libhal_bsp.a(alt_sys_init.o)
                0x00000000000002f4                alt_irq_init
                0x0000000000000314                alt_sys_init
 .text          0x0000000000000318       0x34 ../transmit_test_3_bsp/\libhal_bsp.a(altera_avalon_jtag_uart_write.o)
                0x0000000000000318                altera_avalon_jtag_uart_write
 .text          0x000000000000034c       0x88 ../transmit_test_3_bsp/\libhal_bsp.a(alt_busy_sleep.o)
                0x000000000000034c                alt_busy_sleep
 .text          0x00000000000003d4        0x4 ../transmit_test_3_bsp/\libhal_bsp.a(alt_dcache_flush_all.o)
                0x00000000000003d4                alt_dcache_flush_all
 .text          0x00000000000003d8        0x4 ../transmit_test_3_bsp/\libhal_bsp.a(alt_icache_flush_all.o)
                0x00000000000003d8                alt_icache_flush_all
 .text          0x00000000000003dc        0x8 ../transmit_test_3_bsp/\libhal_bsp.a(altera_nios2_qsys_irq.o)
                0x00000000000003dc                altera_nios2_qsys_irq_init
 .text          0x00000000000003e4      0x12c c:/altera/15.1/nios2eds/bin/gnu/h-x86_64-mingw32/bin/../lib/gcc/nios2-elf/4.9.2/mno-hw-mul\libgcc.a(lib2-divmod.o)
                0x0000000000000450                __divsi3
                0x00000000000004a4                __modsi3
                0x0000000000000500                __udivsi3
                0x0000000000000508                __umodsi3
 .text          0x0000000000000510       0x28 c:/altera/15.1/nios2eds/bin/gnu/h-x86_64-mingw32/bin/../lib/gcc/nios2-elf/4.9.2/mno-hw-mul\libgcc.a(lib2-mul.o)
                0x0000000000000510                __mulsi3
 *(.gnu.warning.*)
 *(.fini)
                0x0000000000000538                PROVIDE (__etext, ABSOLUTE (.))
                0x0000000000000538                PROVIDE (_etext, ABSOLUTE (.))
                0x0000000000000538                PROVIDE (etext, ABSOLUTE (.))
 *(.eh_frame_hdr)
                0x0000000000000538                . = ALIGN (0x4)
                0x0000000000000538                PROVIDE (__preinit_array_start, ABSOLUTE (.))
 *(.preinit_array)
                0x0000000000000538                PROVIDE (__preinit_array_end, ABSOLUTE (.))
                0x0000000000000538                PROVIDE (__init_array_start, ABSOLUTE (.))
 *(.init_array)
                0x0000000000000538                PROVIDE (__init_array_end, ABSOLUTE (.))
                0x0000000000000538                PROVIDE (__fini_array_start, ABSOLUTE (.))
 *(.fini_array)
                0x0000000000000538                PROVIDE (__fini_array_end, ABSOLUTE (.))
 *(.eh_frame)
 *(.gcc_except_table .gcc_except_table.*)
 *(.dynamic)
                0x0000000000000538                PROVIDE (__CTOR_LIST__, ABSOLUTE (.))
 *(.ctors)
 *(SORT(.ctors.*))
                0x0000000000000538                PROVIDE (__CTOR_END__, ABSOLUTE (.))
                0x0000000000000538                PROVIDE (__DTOR_LIST__, ABSOLUTE (.))
 *(.dtors)
 *(SORT(.dtors.*))
                0x0000000000000538                PROVIDE (__DTOR_END__, ABSOLUTE (.))
 *(.jcr)
                0x0000000000000538                . = ALIGN (0x4)

.rodata         0x0000000000000538       0x34
                0x0000000000000538                PROVIDE (__ram_rodata_start, ABSOLUTE (.))
                0x0000000000000538                . = ALIGN (0x4)
 *(.rodata .rodata.* .gnu.linkonce.r.*)
 .rodata.str1.4
                0x0000000000000538       0x18 obj/default/hello_world_small.o
 .rodata        0x0000000000000550       0x1c obj/default/hello_world_small.o
 *(.rodata1)
                0x000000000000056c                . = ALIGN (0x4)
                0x000000000000056c                PROVIDE (__ram_rodata_end, ABSOLUTE (.))
                0x0000000000000538                PROVIDE (__flash_rodata_start, LOADADDR (.rodata))

.rwdata         0x000000000000056c        0x4 load address 0x0000000000000570
                0x000000000000056c                PROVIDE (__ram_rwdata_start, ABSOLUTE (.))
                0x000000000000056c                . = ALIGN (0x4)
 *(.got.plt)
 *(.got)
 *(.data1)
 *(.data .data.* .gnu.linkonce.d.*)
 .data          0x000000000000056c        0x0 ../transmit_test_3_bsp//obj/HAL/src/crt0.o
 .data          0x000000000000056c        0x0 obj/default/hello_world_small.o
 .data          0x000000000000056c        0x0 c:/altera/15.1/nios2eds/bin/gnu/h-x86_64-mingw32/bin/../lib/gcc/nios2-elf/4.9.2/../../../../../H-x86_64-mingw32/nios2-elf/lib/mno-hw-mul\libsmallc.a(lib_a-memcpy.o)
 .data          0x000000000000056c        0x0 c:/altera/15.1/nios2eds/bin/gnu/h-x86_64-mingw32/bin/../lib/gcc/nios2-elf/4.9.2/../../../../../H-x86_64-mingw32/nios2-elf/lib/mno-hw-mul\libsmallc.a(lib_a-strlen.o)
 .data          0x000000000000056c        0x0 ../transmit_test_3_bsp/\libhal_bsp.a(alt_load.o)
 .data          0x000000000000056c        0x0 ../transmit_test_3_bsp/\libhal_bsp.a(alt_main.o)
 .data          0x000000000000056c        0x0 ../transmit_test_3_bsp/\libhal_bsp.a(alt_putstr.o)
 .data          0x000000000000056c        0x0 ../transmit_test_3_bsp/\libhal_bsp.a(alt_usleep.o)
 .data          0x000000000000056c        0x0 ../transmit_test_3_bsp/\libhal_bsp.a(alt_sys_init.o)
 .data          0x000000000000056c        0x0 ../transmit_test_3_bsp/\libhal_bsp.a(altera_avalon_jtag_uart_write.o)
 .data          0x000000000000056c        0x0 ../transmit_test_3_bsp/\libhal_bsp.a(alt_busy_sleep.o)
 .data          0x000000000000056c        0x0 ../transmit_test_3_bsp/\libhal_bsp.a(alt_dcache_flush_all.o)
 .data          0x000000000000056c        0x0 ../transmit_test_3_bsp/\libhal_bsp.a(alt_icache_flush_all.o)
 .data          0x000000000000056c        0x0 ../transmit_test_3_bsp/\libhal_bsp.a(altera_nios2_qsys_irq.o)
 .data          0x000000000000056c        0x0 c:/altera/15.1/nios2eds/bin/gnu/h-x86_64-mingw32/bin/../lib/gcc/nios2-elf/4.9.2/mno-hw-mul\libgcc.a(lib2-divmod.o)
 .data          0x000000000000056c        0x0 c:/altera/15.1/nios2eds/bin/gnu/h-x86_64-mingw32/bin/../lib/gcc/nios2-elf/4.9.2/mno-hw-mul\libgcc.a(lib2-mul.o)
                0x000000000000856c                _gp = ABSOLUTE ((. + 0x8000))
                0x000000000000856c                PROVIDE (gp, _gp)
 *(.rwdata .rwdata.*)
 *(.sdata .sdata.* .gnu.linkonce.s.*)
 .sdata         0x000000000000056c        0x4 ../transmit_test_3_bsp/\libhal_bsp.a(alt_sys_init.o)
                0x000000000000056c                jtag_uart
 *(.sdata2 .sdata2.* .gnu.linkonce.s2.*)
                0x0000000000000570                . = ALIGN (0x4)
                0x0000000000000570                _edata = ABSOLUTE (.)
                0x0000000000000570                PROVIDE (edata, ABSOLUTE (.))
                0x0000000000000570                PROVIDE (__ram_rwdata_end, ABSOLUTE (.))
                0x0000000000000570                PROVIDE (__flash_rwdata_start, LOADADDR (.rwdata))

.bss            0x0000000000000574        0xc
                0x0000000000000574                __bss_start = ABSOLUTE (.)
                0x0000000000000574                PROVIDE (__sbss_start, ABSOLUTE (.))
                0x0000000000000574                PROVIDE (___sbss_start, ABSOLUTE (.))
 *(.dynsbss)
 *(.sbss .sbss.* .gnu.linkonce.sb.*)
 .sbss          0x0000000000000574        0xc ../transmit_test_3_bsp/\libhal_bsp.a(alt_main.o)
                0x0000000000000574                alt_envp
                0x0000000000000578                alt_argv
                0x000000000000057c                alt_argc
 *(.sbss2 .sbss2.* .gnu.linkonce.sb2.*)
 *(.scommon)
                0x0000000000000580                PROVIDE (__sbss_end, ABSOLUTE (.))
                0x0000000000000580                PROVIDE (___sbss_end, ABSOLUTE (.))
 *(.dynbss)
 *(.bss .bss.* .gnu.linkonce.b.*)
 .bss           0x0000000000000580        0x0 ../transmit_test_3_bsp//obj/HAL/src/crt0.o
 .bss           0x0000000000000580        0x0 obj/default/hello_world_small.o
 .bss           0x0000000000000580        0x0 c:/altera/15.1/nios2eds/bin/gnu/h-x86_64-mingw32/bin/../lib/gcc/nios2-elf/4.9.2/../../../../../H-x86_64-mingw32/nios2-elf/lib/mno-hw-mul\libsmallc.a(lib_a-memcpy.o)
 .bss           0x0000000000000580        0x0 c:/altera/15.1/nios2eds/bin/gnu/h-x86_64-mingw32/bin/../lib/gcc/nios2-elf/4.9.2/../../../../../H-x86_64-mingw32/nios2-elf/lib/mno-hw-mul\libsmallc.a(lib_a-strlen.o)
 .bss           0x0000000000000580        0x0 ../transmit_test_3_bsp/\libhal_bsp.a(alt_load.o)
 .bss           0x0000000000000580        0x0 ../transmit_test_3_bsp/\libhal_bsp.a(alt_main.o)
 .bss           0x0000000000000580        0x0 ../transmit_test_3_bsp/\libhal_bsp.a(alt_putstr.o)
 .bss           0x0000000000000580        0x0 ../transmit_test_3_bsp/\libhal_bsp.a(alt_usleep.o)
 .bss           0x0000000000000580        0x0 ../transmit_test_3_bsp/\libhal_bsp.a(alt_sys_init.o)
 .bss           0x0000000000000580        0x0 ../transmit_test_3_bsp/\libhal_bsp.a(altera_avalon_jtag_uart_write.o)
 .bss           0x0000000000000580        0x0 ../transmit_test_3_bsp/\libhal_bsp.a(alt_busy_sleep.o)
 .bss           0x0000000000000580        0x0 ../transmit_test_3_bsp/\libhal_bsp.a(alt_dcache_flush_all.o)
 .bss           0x0000000000000580        0x0 ../transmit_test_3_bsp/\libhal_bsp.a(alt_icache_flush_all.o)
 .bss           0x0000000000000580        0x0 ../transmit_test_3_bsp/\libhal_bsp.a(altera_nios2_qsys_irq.o)
 .bss           0x0000000000000580        0x0 c:/altera/15.1/nios2eds/bin/gnu/h-x86_64-mingw32/bin/../lib/gcc/nios2-elf/4.9.2/mno-hw-mul\libgcc.a(lib2-divmod.o)
 .bss           0x0000000000000580        0x0 c:/altera/15.1/nios2eds/bin/gnu/h-x86_64-mingw32/bin/../lib/gcc/nios2-elf/4.9.2/mno-hw-mul\libgcc.a(lib2-mul.o)
 *(COMMON)
                0x0000000000000580                . = ALIGN (0x4)
                0x0000000000000580                __bss_end = ABSOLUTE (.)

.onchip_mem     0x0000000000000580        0x0
                0x0000000000000580                PROVIDE (_alt_partition_onchip_mem_start, ABSOLUTE (.))
 *(.onchip_mem .onchip_mem. onchip_mem.*)
                0x0000000000000580                . = ALIGN (0x4)
                0x0000000000000580                PROVIDE (_alt_partition_onchip_mem_end, ABSOLUTE (.))
                0x0000000000000580                _end = ABSOLUTE (.)
                0x0000000000000580                end = ABSOLUTE (.)
                0x0000000000000580                __alt_stack_base = ABSOLUTE (.)
                0x0000000000000580                PROVIDE (_alt_partition_onchip_mem_load_addr, LOADADDR (.onchip_mem))

.stab
 *(.stab)

.stabstr
 *(.stabstr)

.stab.excl
 *(.stab.excl)

.stab.exclstr
 *(.stab.exclstr)

.stab.index
 *(.stab.index)

.stab.indexstr
 *(.stab.indexstr)

.comment        0x0000000000000000       0x23
 *(.comment)
 .comment       0x0000000000000000       0x23 obj/default/hello_world_small.o
                                         0x24 (size before relaxing)
 .comment       0x0000000000000000       0x24 c:/altera/15.1/nios2eds/bin/gnu/h-x86_64-mingw32/bin/../lib/gcc/nios2-elf/4.9.2/../../../../../H-x86_64-mingw32/nios2-elf/lib/mno-hw-mul\libsmallc.a(lib_a-memcpy.o)
 .comment       0x0000000000000000       0x24 c:/altera/15.1/nios2eds/bin/gnu/h-x86_64-mingw32/bin/../lib/gcc/nios2-elf/4.9.2/../../../../../H-x86_64-mingw32/nios2-elf/lib/mno-hw-mul\libsmallc.a(lib_a-strlen.o)
 .comment       0x0000000000000000       0x24 ../transmit_test_3_bsp/\libhal_bsp.a(alt_load.o)
 .comment       0x0000000000000000       0x24 ../transmit_test_3_bsp/\libhal_bsp.a(alt_main.o)
 .comment       0x0000000000000000       0x24 ../transmit_test_3_bsp/\libhal_bsp.a(alt_putstr.o)
 .comment       0x0000000000000000       0x24 ../transmit_test_3_bsp/\libhal_bsp.a(alt_usleep.o)
 .comment       0x0000000000000000       0x24 ../transmit_test_3_bsp/\libhal_bsp.a(alt_sys_init.o)
 .comment       0x0000000000000000       0x24 ../transmit_test_3_bsp/\libhal_bsp.a(altera_avalon_jtag_uart_write.o)
 .comment       0x0000000000000000       0x24 ../transmit_test_3_bsp/\libhal_bsp.a(alt_busy_sleep.o)
 .comment       0x0000000000000000       0x24 ../transmit_test_3_bsp/\libhal_bsp.a(alt_dcache_flush_all.o)
 .comment       0x0000000000000000       0x24 ../transmit_test_3_bsp/\libhal_bsp.a(alt_icache_flush_all.o)
 .comment       0x0000000000000000       0x24 ../transmit_test_3_bsp/\libhal_bsp.a(altera_nios2_qsys_irq.o)
 .comment       0x0000000000000000       0x24 c:/altera/15.1/nios2eds/bin/gnu/h-x86_64-mingw32/bin/../lib/gcc/nios2-elf/4.9.2/mno-hw-mul\libgcc.a(lib2-divmod.o)
 .comment       0x0000000000000000       0x24 c:/altera/15.1/nios2eds/bin/gnu/h-x86_64-mingw32/bin/../lib/gcc/nios2-elf/4.9.2/mno-hw-mul\libgcc.a(lib2-mul.o)

.debug
 *(.debug)

.line
 *(.line)

.debug_srcinfo
 *(.debug_srcinfo)

.debug_sfnames
 *(.debug_sfnames)

.debug_aranges  0x0000000000000000      0x210
 *(.debug_aranges)
 .debug_aranges
                0x0000000000000000       0x28 ../transmit_test_3_bsp//obj/HAL/src/crt0.o
 .debug_aranges
                0x0000000000000028       0x28 obj/default/hello_world_small.o
 .debug_aranges
                0x0000000000000050       0x20 c:/altera/15.1/nios2eds/bin/gnu/h-x86_64-mingw32/bin/../lib/gcc/nios2-elf/4.9.2/../../../../../H-x86_64-mingw32/nios2-elf/lib/mno-hw-mul\libsmallc.a(lib_a-memcpy.o)
 .debug_aranges
                0x0000000000000070       0x20 c:/altera/15.1/nios2eds/bin/gnu/h-x86_64-mingw32/bin/../lib/gcc/nios2-elf/4.9.2/../../../../../H-x86_64-mingw32/nios2-elf/lib/mno-hw-mul\libsmallc.a(lib_a-strlen.o)
 .debug_aranges
                0x0000000000000090       0x20 ../transmit_test_3_bsp/\libhal_bsp.a(alt_load.o)
 .debug_aranges
                0x00000000000000b0       0x20 ../transmit_test_3_bsp/\libhal_bsp.a(alt_main.o)
 .debug_aranges
                0x00000000000000d0       0x20 ../transmit_test_3_bsp/\libhal_bsp.a(alt_putstr.o)
 .debug_aranges
                0x00000000000000f0       0x20 ../transmit_test_3_bsp/\libhal_bsp.a(alt_usleep.o)
 .debug_aranges
                0x0000000000000110       0x20 ../transmit_test_3_bsp/\libhal_bsp.a(alt_sys_init.o)
 .debug_aranges
                0x0000000000000130       0x20 ../transmit_test_3_bsp/\libhal_bsp.a(altera_avalon_jtag_uart_write.o)
 .debug_aranges
                0x0000000000000150       0x20 ../transmit_test_3_bsp/\libhal_bsp.a(alt_busy_sleep.o)
 .debug_aranges
                0x0000000000000170       0x20 ../transmit_test_3_bsp/\libhal_bsp.a(alt_dcache_flush_all.o)
 .debug_aranges
                0x0000000000000190       0x20 ../transmit_test_3_bsp/\libhal_bsp.a(alt_icache_flush_all.o)
 .debug_aranges
                0x00000000000001b0       0x20 ../transmit_test_3_bsp/\libhal_bsp.a(altera_nios2_qsys_irq.o)
 .debug_aranges
                0x00000000000001d0       0x20 c:/altera/15.1/nios2eds/bin/gnu/h-x86_64-mingw32/bin/../lib/gcc/nios2-elf/4.9.2/mno-hw-mul\libgcc.a(lib2-divmod.o)
 .debug_aranges
                0x00000000000001f0       0x20 c:/altera/15.1/nios2eds/bin/gnu/h-x86_64-mingw32/bin/../lib/gcc/nios2-elf/4.9.2/mno-hw-mul\libgcc.a(lib2-mul.o)

.debug_pubnames
 *(.debug_pubnames)

.debug_info     0x0000000000000000     0x12cc
 *(.debug_info .gnu.linkonce.wi.*)
 .debug_info    0x0000000000000000       0x8b ../transmit_test_3_bsp//obj/HAL/src/crt0.o
 .debug_info    0x000000000000008b      0x2b3 obj/default/hello_world_small.o
 .debug_info    0x000000000000033e      0x106 c:/altera/15.1/nios2eds/bin/gnu/h-x86_64-mingw32/bin/../lib/gcc/nios2-elf/4.9.2/../../../../../H-x86_64-mingw32/nios2-elf/lib/mno-hw-mul\libsmallc.a(lib_a-memcpy.o)
 .debug_info    0x0000000000000444       0xc2 c:/altera/15.1/nios2eds/bin/gnu/h-x86_64-mingw32/bin/../lib/gcc/nios2-elf/4.9.2/../../../../../H-x86_64-mingw32/nios2-elf/lib/mno-hw-mul\libsmallc.a(lib_a-strlen.o)
 .debug_info    0x0000000000000506      0x1ba ../transmit_test_3_bsp/\libhal_bsp.a(alt_load.o)
 .debug_info    0x00000000000006c0      0x17b ../transmit_test_3_bsp/\libhal_bsp.a(alt_main.o)
 .debug_info    0x000000000000083b      0x15d ../transmit_test_3_bsp/\libhal_bsp.a(alt_putstr.o)
 .debug_info    0x0000000000000998       0xd0 ../transmit_test_3_bsp/\libhal_bsp.a(alt_usleep.o)
 .debug_info    0x0000000000000a68      0x17a ../transmit_test_3_bsp/\libhal_bsp.a(alt_sys_init.o)
 .debug_info    0x0000000000000be2      0x190 ../transmit_test_3_bsp/\libhal_bsp.a(altera_avalon_jtag_uart_write.o)
 .debug_info    0x0000000000000d72       0xd1 ../transmit_test_3_bsp/\libhal_bsp.a(alt_busy_sleep.o)
 .debug_info    0x0000000000000e43       0x8b ../transmit_test_3_bsp/\libhal_bsp.a(alt_dcache_flush_all.o)
 .debug_info    0x0000000000000ece       0x8b ../transmit_test_3_bsp/\libhal_bsp.a(alt_icache_flush_all.o)
 .debug_info    0x0000000000000f59       0x8b ../transmit_test_3_bsp/\libhal_bsp.a(altera_nios2_qsys_irq.o)
 .debug_info    0x0000000000000fe4      0x234 c:/altera/15.1/nios2eds/bin/gnu/h-x86_64-mingw32/bin/../lib/gcc/nios2-elf/4.9.2/mno-hw-mul\libgcc.a(lib2-divmod.o)
 .debug_info    0x0000000000001218       0xb4 c:/altera/15.1/nios2eds/bin/gnu/h-x86_64-mingw32/bin/../lib/gcc/nios2-elf/4.9.2/mno-hw-mul\libgcc.a(lib2-mul.o)

.debug_abbrev   0x0000000000000000      0xad6
 *(.debug_abbrev)
 .debug_abbrev  0x0000000000000000       0x12 ../transmit_test_3_bsp//obj/HAL/src/crt0.o
 .debug_abbrev  0x0000000000000012      0x1ba obj/default/hello_world_small.o
 .debug_abbrev  0x00000000000001cc       0xa4 c:/altera/15.1/nios2eds/bin/gnu/h-x86_64-mingw32/bin/../lib/gcc/nios2-elf/4.9.2/../../../../../H-x86_64-mingw32/nios2-elf/lib/mno-hw-mul\libsmallc.a(lib_a-memcpy.o)
 .debug_abbrev  0x0000000000000270       0x7f c:/altera/15.1/nios2eds/bin/gnu/h-x86_64-mingw32/bin/../lib/gcc/nios2-elf/4.9.2/../../../../../H-x86_64-mingw32/nios2-elf/lib/mno-hw-mul\libsmallc.a(lib_a-strlen.o)
 .debug_abbrev  0x00000000000002ef       0xd8 ../transmit_test_3_bsp/\libhal_bsp.a(alt_load.o)
 .debug_abbrev  0x00000000000003c7      0x120 ../transmit_test_3_bsp/\libhal_bsp.a(alt_main.o)
 .debug_abbrev  0x00000000000004e7       0xe2 ../transmit_test_3_bsp/\libhal_bsp.a(alt_putstr.o)
 .debug_abbrev  0x00000000000005c9       0x96 ../transmit_test_3_bsp/\libhal_bsp.a(alt_usleep.o)
 .debug_abbrev  0x000000000000065f      0x107 ../transmit_test_3_bsp/\libhal_bsp.a(alt_sys_init.o)
 .debug_abbrev  0x0000000000000766       0xd5 ../transmit_test_3_bsp/\libhal_bsp.a(altera_avalon_jtag_uart_write.o)
 .debug_abbrev  0x000000000000083b       0x8d ../transmit_test_3_bsp/\libhal_bsp.a(alt_busy_sleep.o)
 .debug_abbrev  0x00000000000008c8       0x42 ../transmit_test_3_bsp/\libhal_bsp.a(alt_dcache_flush_all.o)
 .debug_abbrev  0x000000000000090a       0x42 ../transmit_test_3_bsp/\libhal_bsp.a(alt_icache_flush_all.o)
 .debug_abbrev  0x000000000000094c       0x42 ../transmit_test_3_bsp/\libhal_bsp.a(altera_nios2_qsys_irq.o)
 .debug_abbrev  0x000000000000098e       0xd9 c:/altera/15.1/nios2eds/bin/gnu/h-x86_64-mingw32/bin/../lib/gcc/nios2-elf/4.9.2/mno-hw-mul\libgcc.a(lib2-divmod.o)
 .debug_abbrev  0x0000000000000a67       0x6f c:/altera/15.1/nios2eds/bin/gnu/h-x86_64-mingw32/bin/../lib/gcc/nios2-elf/4.9.2/mno-hw-mul\libgcc.a(lib2-mul.o)

.debug_line     0x0000000000000000      0xc55
 *(.debug_line)
 .debug_line    0x0000000000000000       0x66 ../transmit_test_3_bsp//obj/HAL/src/crt0.o
 .debug_line    0x0000000000000066      0x132 obj/default/hello_world_small.o
 .debug_line    0x0000000000000198      0x15e c:/altera/15.1/nios2eds/bin/gnu/h-x86_64-mingw32/bin/../lib/gcc/nios2-elf/4.9.2/../../../../../H-x86_64-mingw32/nios2-elf/lib/mno-hw-mul\libsmallc.a(lib_a-memcpy.o)
 .debug_line    0x00000000000002f6      0x15c c:/altera/15.1/nios2eds/bin/gnu/h-x86_64-mingw32/bin/../lib/gcc/nios2-elf/4.9.2/../../../../../H-x86_64-mingw32/nios2-elf/lib/mno-hw-mul\libsmallc.a(lib_a-strlen.o)
 .debug_line    0x0000000000000452       0xa6 ../transmit_test_3_bsp/\libhal_bsp.a(alt_load.o)
 .debug_line    0x00000000000004f8       0xbd ../transmit_test_3_bsp/\libhal_bsp.a(alt_main.o)
 .debug_line    0x00000000000005b5       0xf5 ../transmit_test_3_bsp/\libhal_bsp.a(alt_putstr.o)
 .debug_line    0x00000000000006aa       0xc7 ../transmit_test_3_bsp/\libhal_bsp.a(alt_usleep.o)
 .debug_line    0x0000000000000771      0x101 ../transmit_test_3_bsp/\libhal_bsp.a(alt_sys_init.o)
 .debug_line    0x0000000000000872       0xf0 ../transmit_test_3_bsp/\libhal_bsp.a(altera_avalon_jtag_uart_write.o)
 .debug_line    0x0000000000000962       0xc0 ../transmit_test_3_bsp/\libhal_bsp.a(alt_busy_sleep.o)
 .debug_line    0x0000000000000a22       0x4e ../transmit_test_3_bsp/\libhal_bsp.a(alt_dcache_flush_all.o)
 .debug_line    0x0000000000000a70       0x4e ../transmit_test_3_bsp/\libhal_bsp.a(alt_icache_flush_all.o)
 .debug_line    0x0000000000000abe       0x50 ../transmit_test_3_bsp/\libhal_bsp.a(altera_nios2_qsys_irq.o)
 .debug_line    0x0000000000000b0e       0xc7 c:/altera/15.1/nios2eds/bin/gnu/h-x86_64-mingw32/bin/../lib/gcc/nios2-elf/4.9.2/mno-hw-mul\libgcc.a(lib2-divmod.o)
 .debug_line    0x0000000000000bd5       0x80 c:/altera/15.1/nios2eds/bin/gnu/h-x86_64-mingw32/bin/../lib/gcc/nios2-elf/4.9.2/mno-hw-mul\libgcc.a(lib2-mul.o)

.debug_frame    0x0000000000000000      0x2e4
 *(.debug_frame)
 .debug_frame   0x0000000000000000       0x60 obj/default/hello_world_small.o
 .debug_frame   0x0000000000000060       0x20 c:/altera/15.1/nios2eds/bin/gnu/h-x86_64-mingw32/bin/../lib/gcc/nios2-elf/4.9.2/../../../../../H-x86_64-mingw32/nios2-elf/lib/mno-hw-mul\libsmallc.a(lib_a-memcpy.o)
 .debug_frame   0x0000000000000080       0x20 c:/altera/15.1/nios2eds/bin/gnu/h-x86_64-mingw32/bin/../lib/gcc/nios2-elf/4.9.2/../../../../../H-x86_64-mingw32/nios2-elf/lib/mno-hw-mul\libsmallc.a(lib_a-strlen.o)
 .debug_frame   0x00000000000000a0       0x30 ../transmit_test_3_bsp/\libhal_bsp.a(alt_load.o)
 .debug_frame   0x00000000000000d0       0x2c ../transmit_test_3_bsp/\libhal_bsp.a(alt_main.o)
 .debug_frame   0x00000000000000fc       0x30 ../transmit_test_3_bsp/\libhal_bsp.a(alt_putstr.o)
 .debug_frame   0x000000000000012c       0x20 ../transmit_test_3_bsp/\libhal_bsp.a(alt_usleep.o)
 .debug_frame   0x000000000000014c       0x3c ../transmit_test_3_bsp/\libhal_bsp.a(alt_sys_init.o)
 .debug_frame   0x0000000000000188       0x20 ../transmit_test_3_bsp/\libhal_bsp.a(altera_avalon_jtag_uart_write.o)
 .debug_frame   0x00000000000001a8       0x30 ../transmit_test_3_bsp/\libhal_bsp.a(alt_busy_sleep.o)
 .debug_frame   0x00000000000001d8       0x20 ../transmit_test_3_bsp/\libhal_bsp.a(alt_dcache_flush_all.o)
 .debug_frame   0x00000000000001f8       0x20 ../transmit_test_3_bsp/\libhal_bsp.a(alt_icache_flush_all.o)
 .debug_frame   0x0000000000000218       0x20 ../transmit_test_3_bsp/\libhal_bsp.a(altera_nios2_qsys_irq.o)
 .debug_frame   0x0000000000000238       0x8c c:/altera/15.1/nios2eds/bin/gnu/h-x86_64-mingw32/bin/../lib/gcc/nios2-elf/4.9.2/mno-hw-mul\libgcc.a(lib2-divmod.o)
 .debug_frame   0x00000000000002c4       0x20 c:/altera/15.1/nios2eds/bin/gnu/h-x86_64-mingw32/bin/../lib/gcc/nios2-elf/4.9.2/mno-hw-mul\libgcc.a(lib2-mul.o)

.debug_str      0x0000000000000000      0x867
 *(.debug_str)
 .debug_str     0x0000000000000000      0x141 obj/default/hello_world_small.o
                                        0x17f (size before relaxing)
 .debug_str     0x0000000000000141      0x14c c:/altera/15.1/nios2eds/bin/gnu/h-x86_64-mingw32/bin/../lib/gcc/nios2-elf/4.9.2/../../../../../H-x86_64-mingw32/nios2-elf/lib/mno-hw-mul\libsmallc.a(lib_a-memcpy.o)
                                        0x1e5 (size before relaxing)
 .debug_str     0x000000000000028d       0x3d c:/altera/15.1/nios2eds/bin/gnu/h-x86_64-mingw32/bin/../lib/gcc/nios2-elf/4.9.2/../../../../../H-x86_64-mingw32/nios2-elf/lib/mno-hw-mul\libsmallc.a(lib_a-strlen.o)
                                        0x1d7 (size before relaxing)
 .debug_str     0x00000000000002ca      0x172 ../transmit_test_3_bsp/\libhal_bsp.a(alt_load.o)
                                        0x23c (size before relaxing)
 .debug_str     0x000000000000043c       0x8f ../transmit_test_3_bsp/\libhal_bsp.a(alt_main.o)
                                        0x1b5 (size before relaxing)
 .debug_str     0x00000000000004cb       0x5d ../transmit_test_3_bsp/\libhal_bsp.a(alt_putstr.o)
                                        0x197 (size before relaxing)
 .debug_str     0x0000000000000528       0x24 ../transmit_test_3_bsp/\libhal_bsp.a(alt_usleep.o)
                                        0x157 (size before relaxing)
 .debug_str     0x000000000000054c       0x86 ../transmit_test_3_bsp/\libhal_bsp.a(alt_sys_init.o)
                                        0x224 (size before relaxing)
 .debug_str     0x00000000000005d2       0x3f ../transmit_test_3_bsp/\libhal_bsp.a(altera_avalon_jtag_uart_write.o)
                                        0x215 (size before relaxing)
 .debug_str     0x0000000000000611       0x33 ../transmit_test_3_bsp/\libhal_bsp.a(alt_busy_sleep.o)
                                        0x16b (size before relaxing)
 .debug_str     0x0000000000000644       0x1f ../transmit_test_3_bsp/\libhal_bsp.a(alt_dcache_flush_all.o)
                                        0x155 (size before relaxing)
 .debug_str     0x0000000000000663       0x1f ../transmit_test_3_bsp/\libhal_bsp.a(alt_icache_flush_all.o)
                                        0x155 (size before relaxing)
 .debug_str     0x0000000000000682       0x20 ../transmit_test_3_bsp/\libhal_bsp.a(altera_nios2_qsys_irq.o)
                                        0x15c (size before relaxing)
 .debug_str     0x00000000000006a2      0x185 c:/altera/15.1/nios2eds/bin/gnu/h-x86_64-mingw32/bin/../lib/gcc/nios2-elf/4.9.2/mno-hw-mul\libgcc.a(lib2-divmod.o)
                                        0x1d0 (size before relaxing)
 .debug_str     0x0000000000000827       0x40 c:/altera/15.1/nios2eds/bin/gnu/h-x86_64-mingw32/bin/../lib/gcc/nios2-elf/4.9.2/mno-hw-mul\libgcc.a(lib2-mul.o)
                                        0x191 (size before relaxing)

.debug_loc      0x0000000000000000      0x7f0
 *(.debug_loc)
 .debug_loc     0x0000000000000000      0x246 obj/default/hello_world_small.o
 .debug_loc     0x0000000000000246      0x11b c:/altera/15.1/nios2eds/bin/gnu/h-x86_64-mingw32/bin/../lib/gcc/nios2-elf/4.9.2/../../../../../H-x86_64-mingw32/nios2-elf/lib/mno-hw-mul\libsmallc.a(lib_a-memcpy.o)
 .debug_loc     0x0000000000000361       0x1e c:/altera/15.1/nios2eds/bin/gnu/h-x86_64-mingw32/bin/../lib/gcc/nios2-elf/4.9.2/../../../../../H-x86_64-mingw32/nios2-elf/lib/mno-hw-mul\libsmallc.a(lib_a-strlen.o)
 .debug_loc     0x000000000000037f       0x37 ../transmit_test_3_bsp/\libhal_bsp.a(alt_putstr.o)
 .debug_loc     0x00000000000003b6       0x21 ../transmit_test_3_bsp/\libhal_bsp.a(alt_usleep.o)
 .debug_loc     0x00000000000003d7       0x21 ../transmit_test_3_bsp/\libhal_bsp.a(alt_sys_init.o)
 .debug_loc     0x00000000000003f8       0x8b ../transmit_test_3_bsp/\libhal_bsp.a(altera_avalon_jtag_uart_write.o)
 .debug_loc     0x0000000000000483       0x67 ../transmit_test_3_bsp/\libhal_bsp.a(alt_busy_sleep.o)
 .debug_loc     0x00000000000004ea      0x273 c:/altera/15.1/nios2eds/bin/gnu/h-x86_64-mingw32/bin/../lib/gcc/nios2-elf/4.9.2/mno-hw-mul\libgcc.a(lib2-divmod.o)
 .debug_loc     0x000000000000075d       0x93 c:/altera/15.1/nios2eds/bin/gnu/h-x86_64-mingw32/bin/../lib/gcc/nios2-elf/4.9.2/mno-hw-mul\libgcc.a(lib2-mul.o)

.debug_macinfo
 *(.debug_macinfo)

.debug_weaknames
 *(.debug_weaknames)

.debug_funcnames
 *(.debug_funcnames)

.debug_typenames
 *(.debug_typenames)

.debug_varnames
 *(.debug_varnames)

.debug_alt_sim_info
                0x0000000000000000       0x40
 *(.debug_alt_sim_info)
 .debug_alt_sim_info
                0x0000000000000000       0x10 ../transmit_test_3_bsp//obj/HAL/src/crt0.o
 .debug_alt_sim_info
                0x0000000000000010       0x30 ../transmit_test_3_bsp/\libhal_bsp.a(alt_busy_sleep.o)
                0x0000000000004000                __alt_data_end = 0x4000
                0x0000000000004000                PROVIDE (__alt_stack_pointer, __alt_data_end)
                0x0000000000000580                PROVIDE (__alt_stack_limit, __alt_stack_base)
                0x0000000000000580                PROVIDE (__alt_heap_start, end)
                0x0000000000004000                PROVIDE (__alt_heap_limit, 0x4000)
OUTPUT(transmit_test_3.elf elf32-littlenios2)

.debug_ranges   0x0000000000000000       0xa0
 .debug_ranges  0x0000000000000000       0x20 ../transmit_test_3_bsp//obj/HAL/src/crt0.o
 .debug_ranges  0x0000000000000020       0x18 obj/default/hello_world_small.o
 .debug_ranges  0x0000000000000038       0x10 c:/altera/15.1/nios2eds/bin/gnu/h-x86_64-mingw32/bin/../lib/gcc/nios2-elf/4.9.2/../../../../../H-x86_64-mingw32/nios2-elf/lib/mno-hw-mul\libsmallc.a(lib_a-memcpy.o)
 .debug_ranges  0x0000000000000048       0x10 c:/altera/15.1/nios2eds/bin/gnu/h-x86_64-mingw32/bin/../lib/gcc/nios2-elf/4.9.2/../../../../../H-x86_64-mingw32/nios2-elf/lib/mno-hw-mul\libsmallc.a(lib_a-strlen.o)
 .debug_ranges  0x0000000000000058       0x48 ../transmit_test_3_bsp/\libhal_bsp.a(alt_load.o)
