Archive member included to satisfy reference by file (symbol)

c:/altera/15.1/nios2eds/bin/gnu/h-x86_64-mingw32/bin/../lib/gcc/nios2-elf/4.9.2/../../../../../H-x86_64-mingw32/nios2-elf/lib/mno-hw-mul\libsmallc.a(lib_a-memcpy.o)
                              obj/default/hello_world_small.o (memcpy)
c:/altera/15.1/nios2eds/bin/gnu/h-x86_64-mingw32/bin/../lib/gcc/nios2-elf/4.9.2/../../../../../H-x86_64-mingw32/nios2-elf/lib/mno-hw-mul\libsmallc.a(lib_a-strlen.o)
                              obj/default/hello_world_small.o (strlen)
../transmittest4_bsp/\libhal_bsp.a(alt_load.o)
                              ../transmittest4_bsp//obj/HAL/src/crt0.o (alt_load)
../transmittest4_bsp/\libhal_bsp.a(alt_main.o)
                              ../transmittest4_bsp//obj/HAL/src/crt0.o (alt_main)
../transmittest4_bsp/\libhal_bsp.a(alt_printf.o)
                              obj/default/hello_world_small.o (alt_printf)
../transmittest4_bsp/\libhal_bsp.a(alt_putchar.o)
                              ../transmittest4_bsp/\libhal_bsp.a(alt_printf.o) (alt_putchar)
../transmittest4_bsp/\libhal_bsp.a(alt_putstr.o)
                              obj/default/hello_world_small.o (alt_putstr)
../transmittest4_bsp/\libhal_bsp.a(alt_usleep.o)
                              obj/default/hello_world_small.o (usleep)
../transmittest4_bsp/\libhal_bsp.a(alt_sys_init.o)
                              ../transmittest4_bsp/\libhal_bsp.a(alt_main.o) (alt_irq_init)
../transmittest4_bsp/\libhal_bsp.a(altera_avalon_jtag_uart_write.o)
                              ../transmittest4_bsp/\libhal_bsp.a(alt_putchar.o) (altera_avalon_jtag_uart_write)
../transmittest4_bsp/\libhal_bsp.a(alt_busy_sleep.o)
                              ../transmittest4_bsp/\libhal_bsp.a(alt_usleep.o) (alt_busy_sleep)
../transmittest4_bsp/\libhal_bsp.a(alt_dcache_flush_all.o)
                              ../transmittest4_bsp/\libhal_bsp.a(alt_load.o) (alt_dcache_flush_all)
../transmittest4_bsp/\libhal_bsp.a(alt_icache_flush_all.o)
                              ../transmittest4_bsp/\libhal_bsp.a(alt_load.o) (alt_icache_flush_all)
../transmittest4_bsp/\libhal_bsp.a(altera_nios2_qsys_irq.o)
                              ../transmittest4_bsp/\libhal_bsp.a(alt_sys_init.o) (altera_nios2_qsys_irq_init)
c:/altera/15.1/nios2eds/bin/gnu/h-x86_64-mingw32/bin/../lib/gcc/nios2-elf/4.9.2/mno-hw-mul\libgcc.a(lib2-divmod.o)
                              ../transmittest4_bsp/\libhal_bsp.a(alt_busy_sleep.o) (__udivsi3)
c:/altera/15.1/nios2eds/bin/gnu/h-x86_64-mingw32/bin/../lib/gcc/nios2-elf/4.9.2/mno-hw-mul\libgcc.a(lib2-mul.o)
                              ../transmittest4_bsp/\libhal_bsp.a(alt_busy_sleep.o) (__mulsi3)

Memory Configuration

Name             Origin             Length             Attributes
reset            0x0000000000000000 0x0000000000000020
onchip_mem       0x0000000000000020 0x0000000000003fe0
*default*        0x0000000000000000 0xffffffffffffffff

Linker script and memory map

LOAD ../transmittest4_bsp//obj/HAL/src/crt0.o
LOAD obj/default/hello_world_small.o
LOAD c:/altera/15.1/nios2eds/bin/gnu/h-x86_64-mingw32/bin/../lib/gcc/nios2-elf/4.9.2/../../../../../H-x86_64-mingw32/nios2-elf/lib/mno-hw-mul\libstdc++.a
LOAD c:/altera/15.1/nios2eds/bin/gnu/h-x86_64-mingw32/bin/../lib/gcc/nios2-elf/4.9.2/../../../../../H-x86_64-mingw32/nios2-elf/lib/mno-hw-mul\libm.a
LOAD c:/altera/15.1/nios2eds/bin/gnu/h-x86_64-mingw32/bin/../lib/gcc/nios2-elf/4.9.2/mno-hw-mul\libgcc.a
START GROUP
LOAD c:/altera/15.1/nios2eds/bin/gnu/h-x86_64-mingw32/bin/../lib/gcc/nios2-elf/4.9.2/../../../../../H-x86_64-mingw32/nios2-elf/lib/mno-hw-mul\libsmallc.a
LOAD c:/altera/15.1/nios2eds/bin/gnu/h-x86_64-mingw32/bin/../lib/gcc/nios2-elf/4.9.2/mno-hw-mul\libgcc.a
LOAD ../transmittest4_bsp/\libhal_bsp.a
LOAD c:/altera/15.1/nios2eds/bin/gnu/h-x86_64-mingw32/bin/../lib/gcc/nios2-elf/4.9.2/../../../../../H-x86_64-mingw32/nios2-elf/lib/mno-hw-mul\libm.a
END GROUP
LOAD c:/altera/15.1/nios2eds/bin/gnu/h-x86_64-mingw32/bin/../lib/gcc/nios2-elf/4.9.2/mno-hw-mul\libgcc.a
                0x0000000000000000                __alt_mem_onchip_mem = 0x0

.entry          0x0000000000000000       0x20
 *(.entry)
 .entry         0x0000000000000000       0x20 ../transmittest4_bsp//obj/HAL/src/crt0.o
                0x0000000000000000                __reset
                0x000000000000000c                _exit

.exceptions     0x0000000000000020        0x0
                0x0000000000000020                PROVIDE (__ram_exceptions_start, ABSOLUTE (.))
                0x0000000000000020                . = ALIGN (0x20)
 *(.irq)
 *(.exceptions.entry.label)
 *(.exceptions.entry.user)
 *(.exceptions.entry.ecc_fatal)
 *(.exceptions.entry)
 *(.exceptions.irqtest.user)
 *(.exceptions.irqtest)
 *(.exceptions.irqhandler.user)
 *(.exceptions.irqhandler)
 *(.exceptions.irqreturn.user)
 *(.exceptions.irqreturn)
 *(.exceptions.notirq.label)
 *(.exceptions.notirq.user)
 *(.exceptions.notirq)
 *(.exceptions.soft.user)
 *(.exceptions.soft)
 *(.exceptions.unknown.user)
 *(.exceptions.unknown)
 *(.exceptions.exit.label)
 *(.exceptions.exit.user)
 *(.exceptions.exit)
 *(.exceptions)
                0x0000000000000020                PROVIDE (__ram_exceptions_end, ABSOLUTE (.))
                0x0000000000000020                PROVIDE (__flash_exceptions_start, LOADADDR (.exceptions))

.text           0x0000000000000020      0x75c
                0x0000000000000020                PROVIDE (stext, ABSOLUTE (.))
 *(.interp)
 *(.hash)
 *(.dynsym)
 *(.dynstr)
 *(.gnu.version)
 *(.gnu.version_d)
 *(.gnu.version_r)
 *(.rel.init)
 *(.rela.init)
 *(.rel.text .rel.text.* .rel.gnu.linkonce.t.*)
 *(.rela.text .rela.text.* .rela.gnu.linkonce.t.*)
 *(.rel.fini)
 *(.rela.fini)
 *(.rel.rodata .rel.rodata.* .rel.gnu.linkonce.r.*)
 *(.rela.rodata .rela.rodata.* .rela.gnu.linkonce.r.*)
 *(.rel.data .rel.data.* .rel.gnu.linkonce.d.*)
 *(.rela.data .rela.data.* .rela.gnu.linkonce.d.*)
 *(.rel.tdata .rel.tdata.* .rel.gnu.linkonce.td.*)
 *(.rela.tdata .rela.tdata.* .rela.gnu.linkonce.td.*)
 *(.rel.tbss .rel.tbss.* .rel.gnu.linkonce.tb.*)
 *(.rela.tbss .rela.tbss.* .rela.gnu.linkonce.tb.*)
 *(.rel.ctors)
 *(.rela.ctors)
 *(.rel.dtors)
 *(.rela.dtors)
 *(.rel.got)
 *(.rela.got)
 *(.rel.sdata .rel.sdata.* .rel.gnu.linkonce.s.*)
 *(.rela.sdata .rela.sdata.* .rela.gnu.linkonce.s.*)
 *(.rel.sbss .rel.sbss.* .rel.gnu.linkonce.sb.*)
 *(.rela.sbss .rela.sbss.* .rela.gnu.linkonce.sb.*)
 *(.rel.sdata2 .rel.sdata2.* .rel.gnu.linkonce.s2.*)
 *(.rela.sdata2 .rela.sdata2.* .rela.gnu.linkonce.s2.*)
 *(.rel.sbss2 .rel.sbss2.* .rel.gnu.linkonce.sb2.*)
 *(.rela.sbss2 .rela.sbss2.* .rela.gnu.linkonce.sb2.*)
 *(.rel.bss .rel.bss.* .rel.gnu.linkonce.b.*)
 *(.rela.bss .rela.bss.* .rela.gnu.linkonce.b.*)
 *(.rel.plt)
 *(.rela.plt)
 *(.rel.dyn)
 *(.init)
 *(.plt)
 *(.text .stub .text.* .gnu.linkonce.t.*)
 .text          0x0000000000000020       0x3c ../transmittest4_bsp//obj/HAL/src/crt0.o
                0x0000000000000020                _start
 .text          0x000000000000005c       0xa0 obj/default/hello_world_small.o
                0x000000000000005c                setParity
                0x0000000000000064                getParity
                0x0000000000000084                getCharacter
                0x000000000000008c                getBits
 .text.startup  0x00000000000000fc       0xe4 obj/default/hello_world_small.o
                0x00000000000000fc                main
 .text          0x00000000000001e0        0x0 c:/altera/15.1/nios2eds/bin/gnu/h-x86_64-mingw32/bin/../lib/gcc/nios2-elf/4.9.2/../../../../../H-x86_64-mingw32/nios2-elf/lib/mno-hw-mul\libsmallc.a(lib_a-memcpy.o)
 .text.memcpy   0x00000000000001e0       0x28 c:/altera/15.1/nios2eds/bin/gnu/h-x86_64-mingw32/bin/../lib/gcc/nios2-elf/4.9.2/../../../../../H-x86_64-mingw32/nios2-elf/lib/mno-hw-mul\libsmallc.a(lib_a-memcpy.o)
                0x00000000000001e0                memcpy
 .text          0x0000000000000208        0x0 c:/altera/15.1/nios2eds/bin/gnu/h-x86_64-mingw32/bin/../lib/gcc/nios2-elf/4.9.2/../../../../../H-x86_64-mingw32/nios2-elf/lib/mno-hw-mul\libsmallc.a(lib_a-strlen.o)
 .text.strlen   0x0000000000000208       0x1c c:/altera/15.1/nios2eds/bin/gnu/h-x86_64-mingw32/bin/../lib/gcc/nios2-elf/4.9.2/../../../../../H-x86_64-mingw32/nios2-elf/lib/mno-hw-mul\libsmallc.a(lib_a-strlen.o)
                0x0000000000000208                strlen
 .text          0x0000000000000224       0xf8 ../transmittest4_bsp/\libhal_bsp.a(alt_load.o)
                0x0000000000000224                alt_load
 .text          0x000000000000031c       0x2c ../transmittest4_bsp/\libhal_bsp.a(alt_main.o)
                0x000000000000031c                alt_main
 .text          0x0000000000000348      0x16c ../transmittest4_bsp/\libhal_bsp.a(alt_printf.o)
                0x0000000000000348                alt_printf
 .text          0x00000000000004b4       0x48 ../transmittest4_bsp/\libhal_bsp.a(alt_putchar.o)
                0x00000000000004b4                alt_putchar
 .text          0x00000000000004fc       0x38 ../transmittest4_bsp/\libhal_bsp.a(alt_putstr.o)
                0x00000000000004fc                alt_putstr
 .text          0x0000000000000534        0x4 ../transmittest4_bsp/\libhal_bsp.a(alt_usleep.o)
                0x0000000000000534                usleep
 .text          0x0000000000000538       0x24 ../transmittest4_bsp/\libhal_bsp.a(alt_sys_init.o)
                0x0000000000000538                alt_irq_init
                0x0000000000000558                alt_sys_init
 .text          0x000000000000055c       0x34 ../transmittest4_bsp/\libhal_bsp.a(altera_avalon_jtag_uart_write.o)
                0x000000000000055c                altera_avalon_jtag_uart_write
 .text          0x0000000000000590       0x88 ../transmittest4_bsp/\libhal_bsp.a(alt_busy_sleep.o)
                0x0000000000000590                alt_busy_sleep
 .text          0x0000000000000618        0x4 ../transmittest4_bsp/\libhal_bsp.a(alt_dcache_flush_all.o)
                0x0000000000000618                alt_dcache_flush_all
 .text          0x000000000000061c        0x4 ../transmittest4_bsp/\libhal_bsp.a(alt_icache_flush_all.o)
                0x000000000000061c                alt_icache_flush_all
 .text          0x0000000000000620        0x8 ../transmittest4_bsp/\libhal_bsp.a(altera_nios2_qsys_irq.o)
                0x0000000000000620                altera_nios2_qsys_irq_init
 .text          0x0000000000000628      0x12c c:/altera/15.1/nios2eds/bin/gnu/h-x86_64-mingw32/bin/../lib/gcc/nios2-elf/4.9.2/mno-hw-mul\libgcc.a(lib2-divmod.o)
                0x0000000000000694                __divsi3
                0x00000000000006e8                __modsi3
                0x0000000000000744                __udivsi3
                0x000000000000074c                __umodsi3
 .text          0x0000000000000754       0x28 c:/altera/15.1/nios2eds/bin/gnu/h-x86_64-mingw32/bin/../lib/gcc/nios2-elf/4.9.2/mno-hw-mul\libgcc.a(lib2-mul.o)
                0x0000000000000754                __mulsi3
 *(.gnu.warning.*)
 *(.fini)
                0x000000000000077c                PROVIDE (__etext, ABSOLUTE (.))
                0x000000000000077c                PROVIDE (_etext, ABSOLUTE (.))
                0x000000000000077c                PROVIDE (etext, ABSOLUTE (.))
 *(.eh_frame_hdr)
                0x000000000000077c                . = ALIGN (0x4)
                0x000000000000077c                PROVIDE (__preinit_array_start, ABSOLUTE (.))
 *(.preinit_array)
                0x000000000000077c                PROVIDE (__preinit_array_end, ABSOLUTE (.))
                0x000000000000077c                PROVIDE (__init_array_start, ABSOLUTE (.))
 *(.init_array)
                0x000000000000077c                PROVIDE (__init_array_end, ABSOLUTE (.))
                0x000000000000077c                PROVIDE (__fini_array_start, ABSOLUTE (.))
 *(.fini_array)
                0x000000000000077c                PROVIDE (__fini_array_end, ABSOLUTE (.))
 *(.eh_frame)
 *(.gcc_except_table .gcc_except_table.*)
 *(.dynamic)
                0x000000000000077c                PROVIDE (__CTOR_LIST__, ABSOLUTE (.))
 *(.ctors)
 *(SORT(.ctors.*))
                0x000000000000077c                PROVIDE (__CTOR_END__, ABSOLUTE (.))
                0x000000000000077c                PROVIDE (__DTOR_LIST__, ABSOLUTE (.))
 *(.dtors)
 *(SORT(.dtors.*))
                0x000000000000077c                PROVIDE (__DTOR_END__, ABSOLUTE (.))
 *(.jcr)
                0x000000000000077c                . = ALIGN (0x4)

.rodata         0x000000000000077c       0x48
                0x000000000000077c                PROVIDE (__ram_rodata_start, ABSOLUTE (.))
                0x000000000000077c                . = ALIGN (0x4)
 *(.rodata .rodata.* .gnu.linkonce.r.*)
 .rodata.str1.4
                0x000000000000077c       0x2c obj/default/hello_world_small.o
 .rodata        0x00000000000007a8       0x1c obj/default/hello_world_small.o
 *(.rodata1)
                0x00000000000007c4                . = ALIGN (0x4)
                0x00000000000007c4                PROVIDE (__ram_rodata_end, ABSOLUTE (.))
                0x000000000000077c                PROVIDE (__flash_rodata_start, LOADADDR (.rodata))

.rwdata         0x00000000000007c4        0x4 load address 0x00000000000007c8
                0x00000000000007c4                PROVIDE (__ram_rwdata_start, ABSOLUTE (.))
                0x00000000000007c4                . = ALIGN (0x4)
 *(.got.plt)
 *(.got)
 *(.data1)
 *(.data .data.* .gnu.linkonce.d.*)
 .data          0x00000000000007c4        0x0 ../transmittest4_bsp//obj/HAL/src/crt0.o
 .data          0x00000000000007c4        0x0 obj/default/hello_world_small.o
 .data          0x00000000000007c4        0x0 c:/altera/15.1/nios2eds/bin/gnu/h-x86_64-mingw32/bin/../lib/gcc/nios2-elf/4.9.2/../../../../../H-x86_64-mingw32/nios2-elf/lib/mno-hw-mul\libsmallc.a(lib_a-memcpy.o)
 .data          0x00000000000007c4        0x0 c:/altera/15.1/nios2eds/bin/gnu/h-x86_64-mingw32/bin/../lib/gcc/nios2-elf/4.9.2/../../../../../H-x86_64-mingw32/nios2-elf/lib/mno-hw-mul\libsmallc.a(lib_a-strlen.o)
 .data          0x00000000000007c4        0x0 ../transmittest4_bsp/\libhal_bsp.a(alt_load.o)
 .data          0x00000000000007c4        0x0 ../transmittest4_bsp/\libhal_bsp.a(alt_main.o)
 .data          0x00000000000007c4        0x0 ../transmittest4_bsp/\libhal_bsp.a(alt_printf.o)
 .data          0x00000000000007c4        0x0 ../transmittest4_bsp/\libhal_bsp.a(alt_putchar.o)
 .data          0x00000000000007c4        0x0 ../transmittest4_bsp/\libhal_bsp.a(alt_putstr.o)
 .data          0x00000000000007c4        0x0 ../transmittest4_bsp/\libhal_bsp.a(alt_usleep.o)
 .data          0x00000000000007c4        0x0 ../transmittest4_bsp/\libhal_bsp.a(alt_sys_init.o)
 .data          0x00000000000007c4        0x0 ../transmittest4_bsp/\libhal_bsp.a(altera_avalon_jtag_uart_write.o)
 .data          0x00000000000007c4        0x0 ../transmittest4_bsp/\libhal_bsp.a(alt_busy_sleep.o)
 .data          0x00000000000007c4        0x0 ../transmittest4_bsp/\libhal_bsp.a(alt_dcache_flush_all.o)
 .data          0x00000000000007c4        0x0 ../transmittest4_bsp/\libhal_bsp.a(alt_icache_flush_all.o)
 .data          0x00000000000007c4        0x0 ../transmittest4_bsp/\libhal_bsp.a(altera_nios2_qsys_irq.o)
 .data          0x00000000000007c4        0x0 c:/altera/15.1/nios2eds/bin/gnu/h-x86_64-mingw32/bin/../lib/gcc/nios2-elf/4.9.2/mno-hw-mul\libgcc.a(lib2-divmod.o)
 .data          0x00000000000007c4        0x0 c:/altera/15.1/nios2eds/bin/gnu/h-x86_64-mingw32/bin/../lib/gcc/nios2-elf/4.9.2/mno-hw-mul\libgcc.a(lib2-mul.o)
                0x00000000000087c4                _gp = ABSOLUTE ((. + 0x8000))
                0x00000000000087c4                PROVIDE (gp, _gp)
 *(.rwdata .rwdata.*)
 *(.sdata .sdata.* .gnu.linkonce.s.*)
 .sdata         0x00000000000007c4        0x4 ../transmittest4_bsp/\libhal_bsp.a(alt_sys_init.o)
                0x00000000000007c4                jtag_uart
 *(.sdata2 .sdata2.* .gnu.linkonce.s2.*)
                0x00000000000007c8                . = ALIGN (0x4)
                0x00000000000007c8                _edata = ABSOLUTE (.)
                0x00000000000007c8                PROVIDE (edata, ABSOLUTE (.))
                0x00000000000007c8                PROVIDE (__ram_rwdata_end, ABSOLUTE (.))
                0x00000000000007c8                PROVIDE (__flash_rwdata_start, LOADADDR (.rwdata))

.bss            0x00000000000007cc        0xc
                0x00000000000007cc                __bss_start = ABSOLUTE (.)
                0x00000000000007cc                PROVIDE (__sbss_start, ABSOLUTE (.))
                0x00000000000007cc                PROVIDE (___sbss_start, ABSOLUTE (.))
 *(.dynsbss)
 *(.sbss .sbss.* .gnu.linkonce.sb.*)
 .sbss          0x00000000000007cc        0xc ../transmittest4_bsp/\libhal_bsp.a(alt_main.o)
                0x00000000000007cc                alt_envp
                0x00000000000007d0                alt_argv
                0x00000000000007d4                alt_argc
 *(.sbss2 .sbss2.* .gnu.linkonce.sb2.*)
 *(.scommon)
                0x00000000000007d8                PROVIDE (__sbss_end, ABSOLUTE (.))
                0x00000000000007d8                PROVIDE (___sbss_end, ABSOLUTE (.))
 *(.dynbss)
 *(.bss .bss.* .gnu.linkonce.b.*)
 .bss           0x00000000000007d8        0x0 ../transmittest4_bsp//obj/HAL/src/crt0.o
 .bss           0x00000000000007d8        0x0 obj/default/hello_world_small.o
 .bss           0x00000000000007d8        0x0 c:/altera/15.1/nios2eds/bin/gnu/h-x86_64-mingw32/bin/../lib/gcc/nios2-elf/4.9.2/../../../../../H-x86_64-mingw32/nios2-elf/lib/mno-hw-mul\libsmallc.a(lib_a-memcpy.o)
 .bss           0x00000000000007d8        0x0 c:/altera/15.1/nios2eds/bin/gnu/h-x86_64-mingw32/bin/../lib/gcc/nios2-elf/4.9.2/../../../../../H-x86_64-mingw32/nios2-elf/lib/mno-hw-mul\libsmallc.a(lib_a-strlen.o)
 .bss           0x00000000000007d8        0x0 ../transmittest4_bsp/\libhal_bsp.a(alt_load.o)
 .bss           0x00000000000007d8        0x0 ../transmittest4_bsp/\libhal_bsp.a(alt_main.o)
 .bss           0x00000000000007d8        0x0 ../transmittest4_bsp/\libhal_bsp.a(alt_printf.o)
 .bss           0x00000000000007d8        0x0 ../transmittest4_bsp/\libhal_bsp.a(alt_putchar.o)
 .bss           0x00000000000007d8        0x0 ../transmittest4_bsp/\libhal_bsp.a(alt_putstr.o)
 .bss           0x00000000000007d8        0x0 ../transmittest4_bsp/\libhal_bsp.a(alt_usleep.o)
 .bss           0x00000000000007d8        0x0 ../transmittest4_bsp/\libhal_bsp.a(alt_sys_init.o)
 .bss           0x00000000000007d8        0x0 ../transmittest4_bsp/\libhal_bsp.a(altera_avalon_jtag_uart_write.o)
 .bss           0x00000000000007d8        0x0 ../transmittest4_bsp/\libhal_bsp.a(alt_busy_sleep.o)
 .bss           0x00000000000007d8        0x0 ../transmittest4_bsp/\libhal_bsp.a(alt_dcache_flush_all.o)
 .bss           0x00000000000007d8        0x0 ../transmittest4_bsp/\libhal_bsp.a(alt_icache_flush_all.o)
 .bss           0x00000000000007d8        0x0 ../transmittest4_bsp/\libhal_bsp.a(altera_nios2_qsys_irq.o)
 .bss           0x00000000000007d8        0x0 c:/altera/15.1/nios2eds/bin/gnu/h-x86_64-mingw32/bin/../lib/gcc/nios2-elf/4.9.2/mno-hw-mul\libgcc.a(lib2-divmod.o)
 .bss           0x00000000000007d8        0x0 c:/altera/15.1/nios2eds/bin/gnu/h-x86_64-mingw32/bin/../lib/gcc/nios2-elf/4.9.2/mno-hw-mul\libgcc.a(lib2-mul.o)
 *(COMMON)
                0x00000000000007d8                . = ALIGN (0x4)
                0x00000000000007d8                __bss_end = ABSOLUTE (.)

.onchip_mem     0x00000000000007d8        0x0
                0x00000000000007d8                PROVIDE (_alt_partition_onchip_mem_start, ABSOLUTE (.))
 *(.onchip_mem .onchip_mem. onchip_mem.*)
                0x00000000000007d8                . = ALIGN (0x4)
                0x00000000000007d8                PROVIDE (_alt_partition_onchip_mem_end, ABSOLUTE (.))
                0x00000000000007d8                _end = ABSOLUTE (.)
                0x00000000000007d8                end = ABSOLUTE (.)
                0x00000000000007d8                __alt_stack_base = ABSOLUTE (.)
                0x00000000000007d8                PROVIDE (_alt_partition_onchip_mem_load_addr, LOADADDR (.onchip_mem))

.stab
 *(.stab)

.stabstr
 *(.stabstr)

.stab.excl
 *(.stab.excl)

.stab.exclstr
 *(.stab.exclstr)

.stab.index
 *(.stab.index)

.stab.indexstr
 *(.stab.indexstr)

.comment        0x0000000000000000       0x23
 *(.comment)
 .comment       0x0000000000000000       0x23 obj/default/hello_world_small.o
                                         0x24 (size before relaxing)
 .comment       0x0000000000000000       0x24 c:/altera/15.1/nios2eds/bin/gnu/h-x86_64-mingw32/bin/../lib/gcc/nios2-elf/4.9.2/../../../../../H-x86_64-mingw32/nios2-elf/lib/mno-hw-mul\libsmallc.a(lib_a-memcpy.o)
 .comment       0x0000000000000000       0x24 c:/altera/15.1/nios2eds/bin/gnu/h-x86_64-mingw32/bin/../lib/gcc/nios2-elf/4.9.2/../../../../../H-x86_64-mingw32/nios2-elf/lib/mno-hw-mul\libsmallc.a(lib_a-strlen.o)
 .comment       0x0000000000000000       0x24 ../transmittest4_bsp/\libhal_bsp.a(alt_load.o)
 .comment       0x0000000000000000       0x24 ../transmittest4_bsp/\libhal_bsp.a(alt_main.o)
 .comment       0x0000000000000000       0x24 ../transmittest4_bsp/\libhal_bsp.a(alt_printf.o)
 .comment       0x0000000000000000       0x24 ../transmittest4_bsp/\libhal_bsp.a(alt_putchar.o)
 .comment       0x0000000000000000       0x24 ../transmittest4_bsp/\libhal_bsp.a(alt_putstr.o)
 .comment       0x0000000000000000       0x24 ../transmittest4_bsp/\libhal_bsp.a(alt_usleep.o)
 .comment       0x0000000000000000       0x24 ../transmittest4_bsp/\libhal_bsp.a(alt_sys_init.o)
 .comment       0x0000000000000000       0x24 ../transmittest4_bsp/\libhal_bsp.a(altera_avalon_jtag_uart_write.o)
 .comment       0x0000000000000000       0x24 ../transmittest4_bsp/\libhal_bsp.a(alt_busy_sleep.o)
 .comment       0x0000000000000000       0x24 ../transmittest4_bsp/\libhal_bsp.a(alt_dcache_flush_all.o)
 .comment       0x0000000000000000       0x24 ../transmittest4_bsp/\libhal_bsp.a(alt_icache_flush_all.o)
 .comment       0x0000000000000000       0x24 ../transmittest4_bsp/\libhal_bsp.a(altera_nios2_qsys_irq.o)
 .comment       0x0000000000000000       0x24 c:/altera/15.1/nios2eds/bin/gnu/h-x86_64-mingw32/bin/../lib/gcc/nios2-elf/4.9.2/mno-hw-mul\libgcc.a(lib2-divmod.o)
 .comment       0x0000000000000000       0x24 c:/altera/15.1/nios2eds/bin/gnu/h-x86_64-mingw32/bin/../lib/gcc/nios2-elf/4.9.2/mno-hw-mul\libgcc.a(lib2-mul.o)

.debug
 *(.debug)

.line
 *(.line)

.debug_srcinfo
 *(.debug_srcinfo)

.debug_sfnames
 *(.debug_sfnames)

.debug_aranges  0x0000000000000000      0x250
 *(.debug_aranges)
 .debug_aranges
                0x0000000000000000       0x28 ../transmittest4_bsp//obj/HAL/src/crt0.o
 .debug_aranges
                0x0000000000000028       0x28 obj/default/hello_world_small.o
 .debug_aranges
                0x0000000000000050       0x20 c:/altera/15.1/nios2eds/bin/gnu/h-x86_64-mingw32/bin/../lib/gcc/nios2-elf/4.9.2/../../../../../H-x86_64-mingw32/nios2-elf/lib/mno-hw-mul\libsmallc.a(lib_a-memcpy.o)
 .debug_aranges
                0x0000000000000070       0x20 c:/altera/15.1/nios2eds/bin/gnu/h-x86_64-mingw32/bin/../lib/gcc/nios2-elf/4.9.2/../../../../../H-x86_64-mingw32/nios2-elf/lib/mno-hw-mul\libsmallc.a(lib_a-strlen.o)
 .debug_aranges
                0x0000000000000090       0x20 ../transmittest4_bsp/\libhal_bsp.a(alt_load.o)
 .debug_aranges
                0x00000000000000b0       0x20 ../transmittest4_bsp/\libhal_bsp.a(alt_main.o)
 .debug_aranges
                0x00000000000000d0       0x20 ../transmittest4_bsp/\libhal_bsp.a(alt_printf.o)
 .debug_aranges
                0x00000000000000f0       0x20 ../transmittest4_bsp/\libhal_bsp.a(alt_putchar.o)
 .debug_aranges
                0x0000000000000110       0x20 ../transmittest4_bsp/\libhal_bsp.a(alt_putstr.o)
 .debug_aranges
                0x0000000000000130       0x20 ../transmittest4_bsp/\libhal_bsp.a(alt_usleep.o)
 .debug_aranges
                0x0000000000000150       0x20 ../transmittest4_bsp/\libhal_bsp.a(alt_sys_init.o)
 .debug_aranges
                0x0000000000000170       0x20 ../transmittest4_bsp/\libhal_bsp.a(altera_avalon_jtag_uart_write.o)
 .debug_aranges
                0x0000000000000190       0x20 ../transmittest4_bsp/\libhal_bsp.a(alt_busy_sleep.o)
 .debug_aranges
                0x00000000000001b0       0x20 ../transmittest4_bsp/\libhal_bsp.a(alt_dcache_flush_all.o)
 .debug_aranges
                0x00000000000001d0       0x20 ../transmittest4_bsp/\libhal_bsp.a(alt_icache_flush_all.o)
 .debug_aranges
                0x00000000000001f0       0x20 ../transmittest4_bsp/\libhal_bsp.a(altera_nios2_qsys_irq.o)
 .debug_aranges
                0x0000000000000210       0x20 c:/altera/15.1/nios2eds/bin/gnu/h-x86_64-mingw32/bin/../lib/gcc/nios2-elf/4.9.2/mno-hw-mul\libgcc.a(lib2-divmod.o)
 .debug_aranges
                0x0000000000000230       0x20 c:/altera/15.1/nios2eds/bin/gnu/h-x86_64-mingw32/bin/../lib/gcc/nios2-elf/4.9.2/mno-hw-mul\libgcc.a(lib2-mul.o)

.debug_pubnames
 *(.debug_pubnames)

.debug_info     0x0000000000000000     0x161f
 *(.debug_info .gnu.linkonce.wi.*)
 .debug_info    0x0000000000000000       0x76 ../transmittest4_bsp//obj/HAL/src/crt0.o
 .debug_info    0x0000000000000076      0x390 obj/default/hello_world_small.o
 .debug_info    0x0000000000000406      0x106 c:/altera/15.1/nios2eds/bin/gnu/h-x86_64-mingw32/bin/../lib/gcc/nios2-elf/4.9.2/../../../../../H-x86_64-mingw32/nios2-elf/lib/mno-hw-mul\libsmallc.a(lib_a-memcpy.o)
 .debug_info    0x000000000000050c       0xc2 c:/altera/15.1/nios2eds/bin/gnu/h-x86_64-mingw32/bin/../lib/gcc/nios2-elf/4.9.2/../../../../../H-x86_64-mingw32/nios2-elf/lib/mno-hw-mul\libsmallc.a(lib_a-strlen.o)
 .debug_info    0x00000000000005ce      0x1ba ../transmittest4_bsp/\libhal_bsp.a(alt_load.o)
 .debug_info    0x0000000000000788      0x17b ../transmittest4_bsp/\libhal_bsp.a(alt_main.o)
 .debug_info    0x0000000000000903      0x153 ../transmittest4_bsp/\libhal_bsp.a(alt_printf.o)
 .debug_info    0x0000000000000a56      0x138 ../transmittest4_bsp/\libhal_bsp.a(alt_putchar.o)
 .debug_info    0x0000000000000b8e      0x15d ../transmittest4_bsp/\libhal_bsp.a(alt_putstr.o)
 .debug_info    0x0000000000000ceb       0xd0 ../transmittest4_bsp/\libhal_bsp.a(alt_usleep.o)
 .debug_info    0x0000000000000dbb      0x17a ../transmittest4_bsp/\libhal_bsp.a(alt_sys_init.o)
 .debug_info    0x0000000000000f35      0x190 ../transmittest4_bsp/\libhal_bsp.a(altera_avalon_jtag_uart_write.o)
 .debug_info    0x00000000000010c5       0xd1 ../transmittest4_bsp/\libhal_bsp.a(alt_busy_sleep.o)
 .debug_info    0x0000000000001196       0x8b ../transmittest4_bsp/\libhal_bsp.a(alt_dcache_flush_all.o)
 .debug_info    0x0000000000001221       0x8b ../transmittest4_bsp/\libhal_bsp.a(alt_icache_flush_all.o)
 .debug_info    0x00000000000012ac       0x8b ../transmittest4_bsp/\libhal_bsp.a(altera_nios2_qsys_irq.o)
 .debug_info    0x0000000000001337      0x234 c:/altera/15.1/nios2eds/bin/gnu/h-x86_64-mingw32/bin/../lib/gcc/nios2-elf/4.9.2/mno-hw-mul\libgcc.a(lib2-divmod.o)
 .debug_info    0x000000000000156b       0xb4 c:/altera/15.1/nios2eds/bin/gnu/h-x86_64-mingw32/bin/../lib/gcc/nios2-elf/4.9.2/mno-hw-mul\libgcc.a(lib2-mul.o)

.debug_abbrev   0x0000000000000000      0xca9
 *(.debug_abbrev)
 .debug_abbrev  0x0000000000000000       0x12 ../transmittest4_bsp//obj/HAL/src/crt0.o
 .debug_abbrev  0x0000000000000012      0x1db obj/default/hello_world_small.o
 .debug_abbrev  0x00000000000001ed       0xa4 c:/altera/15.1/nios2eds/bin/gnu/h-x86_64-mingw32/bin/../lib/gcc/nios2-elf/4.9.2/../../../../../H-x86_64-mingw32/nios2-elf/lib/mno-hw-mul\libsmallc.a(lib_a-memcpy.o)
 .debug_abbrev  0x0000000000000291       0x7f c:/altera/15.1/nios2eds/bin/gnu/h-x86_64-mingw32/bin/../lib/gcc/nios2-elf/4.9.2/../../../../../H-x86_64-mingw32/nios2-elf/lib/mno-hw-mul\libsmallc.a(lib_a-strlen.o)
 .debug_abbrev  0x0000000000000310       0xd8 ../transmittest4_bsp/\libhal_bsp.a(alt_load.o)
 .debug_abbrev  0x00000000000003e8      0x120 ../transmittest4_bsp/\libhal_bsp.a(alt_main.o)
 .debug_abbrev  0x0000000000000508       0xde ../transmittest4_bsp/\libhal_bsp.a(alt_printf.o)
 .debug_abbrev  0x00000000000005e6       0xd4 ../transmittest4_bsp/\libhal_bsp.a(alt_putchar.o)
 .debug_abbrev  0x00000000000006ba       0xe2 ../transmittest4_bsp/\libhal_bsp.a(alt_putstr.o)
 .debug_abbrev  0x000000000000079c       0x96 ../transmittest4_bsp/\libhal_bsp.a(alt_usleep.o)
 .debug_abbrev  0x0000000000000832      0x107 ../transmittest4_bsp/\libhal_bsp.a(alt_sys_init.o)
 .debug_abbrev  0x0000000000000939       0xd5 ../transmittest4_bsp/\libhal_bsp.a(altera_avalon_jtag_uart_write.o)
 .debug_abbrev  0x0000000000000a0e       0x8d ../transmittest4_bsp/\libhal_bsp.a(alt_busy_sleep.o)
 .debug_abbrev  0x0000000000000a9b       0x42 ../transmittest4_bsp/\libhal_bsp.a(alt_dcache_flush_all.o)
 .debug_abbrev  0x0000000000000add       0x42 ../transmittest4_bsp/\libhal_bsp.a(alt_icache_flush_all.o)
 .debug_abbrev  0x0000000000000b1f       0x42 ../transmittest4_bsp/\libhal_bsp.a(altera_nios2_qsys_irq.o)
 .debug_abbrev  0x0000000000000b61       0xd9 c:/altera/15.1/nios2eds/bin/gnu/h-x86_64-mingw32/bin/../lib/gcc/nios2-elf/4.9.2/mno-hw-mul\libgcc.a(lib2-divmod.o)
 .debug_abbrev  0x0000000000000c3a       0x6f c:/altera/15.1/nios2eds/bin/gnu/h-x86_64-mingw32/bin/../lib/gcc/nios2-elf/4.9.2/mno-hw-mul\libgcc.a(lib2-mul.o)

.debug_line     0x0000000000000000      0xdd6
 *(.debug_line)
 .debug_line    0x0000000000000000       0x66 ../transmittest4_bsp//obj/HAL/src/crt0.o
 .debug_line    0x0000000000000066      0x156 obj/default/hello_world_small.o
 .debug_line    0x00000000000001bc      0x15e c:/altera/15.1/nios2eds/bin/gnu/h-x86_64-mingw32/bin/../lib/gcc/nios2-elf/4.9.2/../../../../../H-x86_64-mingw32/nios2-elf/lib/mno-hw-mul\libsmallc.a(lib_a-memcpy.o)
 .debug_line    0x000000000000031a      0x15c c:/altera/15.1/nios2eds/bin/gnu/h-x86_64-mingw32/bin/../lib/gcc/nios2-elf/4.9.2/../../../../../H-x86_64-mingw32/nios2-elf/lib/mno-hw-mul\libsmallc.a(lib_a-strlen.o)
 .debug_line    0x0000000000000476       0xa6 ../transmittest4_bsp/\libhal_bsp.a(alt_load.o)
 .debug_line    0x000000000000051c       0xbd ../transmittest4_bsp/\libhal_bsp.a(alt_main.o)
 .debug_line    0x00000000000005d9      0x108 ../transmittest4_bsp/\libhal_bsp.a(alt_printf.o)
 .debug_line    0x00000000000006e1       0x55 ../transmittest4_bsp/\libhal_bsp.a(alt_putchar.o)
 .debug_line    0x0000000000000736       0xf5 ../transmittest4_bsp/\libhal_bsp.a(alt_putstr.o)
 .debug_line    0x000000000000082b       0xc7 ../transmittest4_bsp/\libhal_bsp.a(alt_usleep.o)
 .debug_line    0x00000000000008f2      0x101 ../transmittest4_bsp/\libhal_bsp.a(alt_sys_init.o)
 .debug_line    0x00000000000009f3       0xf0 ../transmittest4_bsp/\libhal_bsp.a(altera_avalon_jtag_uart_write.o)
 .debug_line    0x0000000000000ae3       0xc0 ../transmittest4_bsp/\libhal_bsp.a(alt_busy_sleep.o)
 .debug_line    0x0000000000000ba3       0x4e ../transmittest4_bsp/\libhal_bsp.a(alt_dcache_flush_all.o)
 .debug_line    0x0000000000000bf1       0x4e ../transmittest4_bsp/\libhal_bsp.a(alt_icache_flush_all.o)
 .debug_line    0x0000000000000c3f       0x50 ../transmittest4_bsp/\libhal_bsp.a(altera_nios2_qsys_irq.o)
 .debug_line    0x0000000000000c8f       0xc7 c:/altera/15.1/nios2eds/bin/gnu/h-x86_64-mingw32/bin/../lib/gcc/nios2-elf/4.9.2/mno-hw-mul\libgcc.a(lib2-divmod.o)
 .debug_line    0x0000000000000d56       0x80 c:/altera/15.1/nios2eds/bin/gnu/h-x86_64-mingw32/bin/../lib/gcc/nios2-elf/4.9.2/mno-hw-mul\libgcc.a(lib2-mul.o)

.debug_frame    0x0000000000000000      0x394
 *(.debug_frame)
 .debug_frame   0x0000000000000000       0x8c obj/default/hello_world_small.o
 .debug_frame   0x000000000000008c       0x20 c:/altera/15.1/nios2eds/bin/gnu/h-x86_64-mingw32/bin/../lib/gcc/nios2-elf/4.9.2/../../../../../H-x86_64-mingw32/nios2-elf/lib/mno-hw-mul\libsmallc.a(lib_a-memcpy.o)
 .debug_frame   0x00000000000000ac       0x20 c:/altera/15.1/nios2eds/bin/gnu/h-x86_64-mingw32/bin/../lib/gcc/nios2-elf/4.9.2/../../../../../H-x86_64-mingw32/nios2-elf/lib/mno-hw-mul\libsmallc.a(lib_a-strlen.o)
 .debug_frame   0x00000000000000cc       0x30 ../transmittest4_bsp/\libhal_bsp.a(alt_load.o)
 .debug_frame   0x00000000000000fc       0x2c ../transmittest4_bsp/\libhal_bsp.a(alt_main.o)
 .debug_frame   0x0000000000000128       0x54 ../transmittest4_bsp/\libhal_bsp.a(alt_printf.o)
 .debug_frame   0x000000000000017c       0x30 ../transmittest4_bsp/\libhal_bsp.a(alt_putchar.o)
 .debug_frame   0x00000000000001ac       0x30 ../transmittest4_bsp/\libhal_bsp.a(alt_putstr.o)
 .debug_frame   0x00000000000001dc       0x20 ../transmittest4_bsp/\libhal_bsp.a(alt_usleep.o)
 .debug_frame   0x00000000000001fc       0x3c ../transmittest4_bsp/\libhal_bsp.a(alt_sys_init.o)
 .debug_frame   0x0000000000000238       0x20 ../transmittest4_bsp/\libhal_bsp.a(altera_avalon_jtag_uart_write.o)
 .debug_frame   0x0000000000000258       0x30 ../transmittest4_bsp/\libhal_bsp.a(alt_busy_sleep.o)
 .debug_frame   0x0000000000000288       0x20 ../transmittest4_bsp/\libhal_bsp.a(alt_dcache_flush_all.o)
 .debug_frame   0x00000000000002a8       0x20 ../transmittest4_bsp/\libhal_bsp.a(alt_icache_flush_all.o)
 .debug_frame   0x00000000000002c8       0x20 ../transmittest4_bsp/\libhal_bsp.a(altera_nios2_qsys_irq.o)
 .debug_frame   0x00000000000002e8       0x8c c:/altera/15.1/nios2eds/bin/gnu/h-x86_64-mingw32/bin/../lib/gcc/nios2-elf/4.9.2/mno-hw-mul\libgcc.a(lib2-divmod.o)
 .debug_frame   0x0000000000000374       0x20 c:/altera/15.1/nios2eds/bin/gnu/h-x86_64-mingw32/bin/../lib/gcc/nios2-elf/4.9.2/mno-hw-mul\libgcc.a(lib2-mul.o)

.debug_str      0x0000000000000000      0x8c9
 *(.debug_str)
 .debug_str     0x0000000000000000      0x149 obj/default/hello_world_small.o
                                        0x187 (size before relaxing)
 .debug_str     0x0000000000000149      0x14c c:/altera/15.1/nios2eds/bin/gnu/h-x86_64-mingw32/bin/../lib/gcc/nios2-elf/4.9.2/../../../../../H-x86_64-mingw32/nios2-elf/lib/mno-hw-mul\libsmallc.a(lib_a-memcpy.o)
                                        0x1e5 (size before relaxing)
 .debug_str     0x0000000000000295       0x3d c:/altera/15.1/nios2eds/bin/gnu/h-x86_64-mingw32/bin/../lib/gcc/nios2-elf/4.9.2/../../../../../H-x86_64-mingw32/nios2-elf/lib/mno-hw-mul\libsmallc.a(lib_a-strlen.o)
                                        0x1d7 (size before relaxing)
 .debug_str     0x00000000000002d2      0x15d ../transmittest4_bsp/\libhal_bsp.a(alt_load.o)
                                        0x227 (size before relaxing)
 .debug_str     0x000000000000042f       0x8f ../transmittest4_bsp/\libhal_bsp.a(alt_main.o)
                                        0x1a0 (size before relaxing)
 .debug_str     0x00000000000004be       0x59 ../transmittest4_bsp/\libhal_bsp.a(alt_printf.o)
                                         0xfd (size before relaxing)
 .debug_str     0x0000000000000517       0x5e ../transmittest4_bsp/\libhal_bsp.a(alt_putchar.o)
                                        0x176 (size before relaxing)
 .debug_str     0x0000000000000575       0x15 ../transmittest4_bsp/\libhal_bsp.a(alt_putstr.o)
                                        0x182 (size before relaxing)
 .debug_str     0x000000000000058a       0x24 ../transmittest4_bsp/\libhal_bsp.a(alt_usleep.o)
                                        0x142 (size before relaxing)
 .debug_str     0x00000000000005ae       0x86 ../transmittest4_bsp/\libhal_bsp.a(alt_sys_init.o)
                                        0x20f (size before relaxing)
 .debug_str     0x0000000000000634       0x3f ../transmittest4_bsp/\libhal_bsp.a(altera_avalon_jtag_uart_write.o)
                                        0x200 (size before relaxing)
 .debug_str     0x0000000000000673       0x33 ../transmittest4_bsp/\libhal_bsp.a(alt_busy_sleep.o)
                                        0x156 (size before relaxing)
 .debug_str     0x00000000000006a6       0x1f ../transmittest4_bsp/\libhal_bsp.a(alt_dcache_flush_all.o)
                                        0x140 (size before relaxing)
 .debug_str     0x00000000000006c5       0x1f ../transmittest4_bsp/\libhal_bsp.a(alt_icache_flush_all.o)
                                        0x140 (size before relaxing)
 .debug_str     0x00000000000006e4       0x20 ../transmittest4_bsp/\libhal_bsp.a(altera_nios2_qsys_irq.o)
                                        0x147 (size before relaxing)
 .debug_str     0x0000000000000704      0x185 c:/altera/15.1/nios2eds/bin/gnu/h-x86_64-mingw32/bin/../lib/gcc/nios2-elf/4.9.2/mno-hw-mul\libgcc.a(lib2-divmod.o)
                                        0x1d0 (size before relaxing)
 .debug_str     0x0000000000000889       0x40 c:/altera/15.1/nios2eds/bin/gnu/h-x86_64-mingw32/bin/../lib/gcc/nios2-elf/4.9.2/mno-hw-mul\libgcc.a(lib2-mul.o)
                                        0x191 (size before relaxing)

.debug_loc      0x0000000000000000      0xa64
 *(.debug_loc)
 .debug_loc     0x0000000000000000      0x2c8 obj/default/hello_world_small.o
 .debug_loc     0x00000000000002c8      0x11b c:/altera/15.1/nios2eds/bin/gnu/h-x86_64-mingw32/bin/../lib/gcc/nios2-elf/4.9.2/../../../../../H-x86_64-mingw32/nios2-elf/lib/mno-hw-mul\libsmallc.a(lib_a-memcpy.o)
 .debug_loc     0x00000000000003e3       0x1e c:/altera/15.1/nios2eds/bin/gnu/h-x86_64-mingw32/bin/../lib/gcc/nios2-elf/4.9.2/../../../../../H-x86_64-mingw32/nios2-elf/lib/mno-hw-mul\libsmallc.a(lib_a-strlen.o)
 .debug_loc     0x0000000000000401      0x1c6 ../transmittest4_bsp/\libhal_bsp.a(alt_printf.o)
 .debug_loc     0x00000000000005c7       0x2c ../transmittest4_bsp/\libhal_bsp.a(alt_putchar.o)
 .debug_loc     0x00000000000005f3       0x37 ../transmittest4_bsp/\libhal_bsp.a(alt_putstr.o)
 .debug_loc     0x000000000000062a       0x21 ../transmittest4_bsp/\libhal_bsp.a(alt_usleep.o)
 .debug_loc     0x000000000000064b       0x21 ../transmittest4_bsp/\libhal_bsp.a(alt_sys_init.o)
 .debug_loc     0x000000000000066c       0x8b ../transmittest4_bsp/\libhal_bsp.a(altera_avalon_jtag_uart_write.o)
 .debug_loc     0x00000000000006f7       0x67 ../transmittest4_bsp/\libhal_bsp.a(alt_busy_sleep.o)
 .debug_loc     0x000000000000075e      0x273 c:/altera/15.1/nios2eds/bin/gnu/h-x86_64-mingw32/bin/../lib/gcc/nios2-elf/4.9.2/mno-hw-mul\libgcc.a(lib2-divmod.o)
 .debug_loc     0x00000000000009d1       0x93 c:/altera/15.1/nios2eds/bin/gnu/h-x86_64-mingw32/bin/../lib/gcc/nios2-elf/4.9.2/mno-hw-mul\libgcc.a(lib2-mul.o)

.debug_macinfo
 *(.debug_macinfo)

.debug_weaknames
 *(.debug_weaknames)

.debug_funcnames
 *(.debug_funcnames)

.debug_typenames
 *(.debug_typenames)

.debug_varnames
 *(.debug_varnames)

.debug_alt_sim_info
                0x0000000000000000       0x40
 *(.debug_alt_sim_info)
 .debug_alt_sim_info
                0x0000000000000000       0x10 ../transmittest4_bsp//obj/HAL/src/crt0.o
 .debug_alt_sim_info
                0x0000000000000010       0x30 ../transmittest4_bsp/\libhal_bsp.a(alt_busy_sleep.o)
                0x0000000000004000                __alt_data_end = 0x4000
                0x0000000000004000                PROVIDE (__alt_stack_pointer, __alt_data_end)
                0x00000000000007d8                PROVIDE (__alt_stack_limit, __alt_stack_base)
                0x00000000000007d8                PROVIDE (__alt_heap_start, end)
                0x0000000000004000                PROVIDE (__alt_heap_limit, 0x4000)
OUTPUT(transmittest4.elf elf32-littlenios2)

.debug_ranges   0x0000000000000000       0xb8
 .debug_ranges  0x0000000000000000       0x20 ../transmittest4_bsp//obj/HAL/src/crt0.o
 .debug_ranges  0x0000000000000020       0x18 obj/default/hello_world_small.o
 .debug_ranges  0x0000000000000038       0x10 c:/altera/15.1/nios2eds/bin/gnu/h-x86_64-mingw32/bin/../lib/gcc/nios2-elf/4.9.2/../../../../../H-x86_64-mingw32/nios2-elf/lib/mno-hw-mul\libsmallc.a(lib_a-memcpy.o)
 .debug_ranges  0x0000000000000048       0x10 c:/altera/15.1/nios2eds/bin/gnu/h-x86_64-mingw32/bin/../lib/gcc/nios2-elf/4.9.2/../../../../../H-x86_64-mingw32/nios2-elf/lib/mno-hw-mul\libsmallc.a(lib_a-strlen.o)
 .debug_ranges  0x0000000000000058       0x48 ../transmittest4_bsp/\libhal_bsp.a(alt_load.o)
 .debug_ranges  0x00000000000000a0       0x18 ../transmittest4_bsp/\libhal_bsp.a(alt_printf.o)
