Archive member included to satisfy reference by file (symbol)

../sram_test_bsp/\libhal_bsp.a(alt_load.o)
                              ../sram_test_bsp//obj/HAL/src/crt0.o (alt_load)
../sram_test_bsp/\libhal_bsp.a(alt_main.o)
                              ../sram_test_bsp//obj/HAL/src/crt0.o (alt_main)
../sram_test_bsp/\libhal_bsp.a(alt_putstr.o)
                              obj/default/hello_world_small.o (alt_putstr)
../sram_test_bsp/\libhal_bsp.a(alt_usleep.o)
                              obj/default/hello_world_small.o (usleep)
../sram_test_bsp/\libhal_bsp.a(alt_sys_init.o)
                              ../sram_test_bsp/\libhal_bsp.a(alt_main.o) (alt_irq_init)
../sram_test_bsp/\libhal_bsp.a(altera_avalon_jtag_uart_write.o)
                              ../sram_test_bsp/\libhal_bsp.a(alt_putstr.o) (altera_avalon_jtag_uart_write)
../sram_test_bsp/\libhal_bsp.a(alt_busy_sleep.o)
                              ../sram_test_bsp/\libhal_bsp.a(alt_usleep.o) (alt_busy_sleep)
../sram_test_bsp/\libhal_bsp.a(alt_dcache_flush_all.o)
                              ../sram_test_bsp/\libhal_bsp.a(alt_load.o) (alt_dcache_flush_all)
../sram_test_bsp/\libhal_bsp.a(alt_icache_flush_all.o)
                              ../sram_test_bsp/\libhal_bsp.a(alt_load.o) (alt_icache_flush_all)
../sram_test_bsp/\libhal_bsp.a(altera_nios2_qsys_irq.o)
                              ../sram_test_bsp/\libhal_bsp.a(alt_sys_init.o) (altera_nios2_qsys_irq_init)
c:/altera/15.1/nios2eds/bin/gnu/h-x86_64-mingw32/bin/../lib/gcc/nios2-elf/4.9.2/../../../../../H-x86_64-mingw32/nios2-elf/lib/mno-hw-mul\libsmallc.a(lib_a-strlen.o)
                              ../sram_test_bsp/\libhal_bsp.a(alt_putstr.o) (strlen)
c:/altera/15.1/nios2eds/bin/gnu/h-x86_64-mingw32/bin/../lib/gcc/nios2-elf/4.9.2/mno-hw-mul\libgcc.a(lib2-divmod.o)
                              ../sram_test_bsp/\libhal_bsp.a(alt_busy_sleep.o) (__udivsi3)
c:/altera/15.1/nios2eds/bin/gnu/h-x86_64-mingw32/bin/../lib/gcc/nios2-elf/4.9.2/mno-hw-mul\libgcc.a(lib2-mul.o)
                              ../sram_test_bsp/\libhal_bsp.a(alt_busy_sleep.o) (__mulsi3)

Memory Configuration

Name             Origin             Length             Attributes
reset            0x0000000000000000 0x0000000000000020
onchip_mem       0x0000000000000020 0x0000000000000fe0
*default*        0x0000000000000000 0xffffffffffffffff

Linker script and memory map

LOAD ../sram_test_bsp//obj/HAL/src/crt0.o
LOAD obj/default/hello_world_small.o
LOAD c:/altera/15.1/nios2eds/bin/gnu/h-x86_64-mingw32/bin/../lib/gcc/nios2-elf/4.9.2/../../../../../H-x86_64-mingw32/nios2-elf/lib/mno-hw-mul\libstdc++.a
LOAD c:/altera/15.1/nios2eds/bin/gnu/h-x86_64-mingw32/bin/../lib/gcc/nios2-elf/4.9.2/../../../../../H-x86_64-mingw32/nios2-elf/lib/mno-hw-mul\libm.a
LOAD c:/altera/15.1/nios2eds/bin/gnu/h-x86_64-mingw32/bin/../lib/gcc/nios2-elf/4.9.2/mno-hw-mul\libgcc.a
START GROUP
LOAD c:/altera/15.1/nios2eds/bin/gnu/h-x86_64-mingw32/bin/../lib/gcc/nios2-elf/4.9.2/../../../../../H-x86_64-mingw32/nios2-elf/lib/mno-hw-mul\libsmallc.a
LOAD c:/altera/15.1/nios2eds/bin/gnu/h-x86_64-mingw32/bin/../lib/gcc/nios2-elf/4.9.2/mno-hw-mul\libgcc.a
LOAD ../sram_test_bsp/\libhal_bsp.a
LOAD c:/altera/15.1/nios2eds/bin/gnu/h-x86_64-mingw32/bin/../lib/gcc/nios2-elf/4.9.2/../../../../../H-x86_64-mingw32/nios2-elf/lib/mno-hw-mul\libm.a
END GROUP
LOAD c:/altera/15.1/nios2eds/bin/gnu/h-x86_64-mingw32/bin/../lib/gcc/nios2-elf/4.9.2/mno-hw-mul\libgcc.a
                0x0000000000000000                __alt_mem_onchip_mem = 0x0

.entry          0x0000000000000000       0x20
 *(.entry)
 .entry         0x0000000000000000       0x20 ../sram_test_bsp//obj/HAL/src/crt0.o
                0x0000000000000000                __reset
                0x000000000000000c                _exit

.exceptions     0x0000000000000020        0x0
                0x0000000000000020                PROVIDE (__ram_exceptions_start, ABSOLUTE (.))
                0x0000000000000020                . = ALIGN (0x20)
 *(.irq)
 *(.exceptions.entry.label)
 *(.exceptions.entry.user)
 *(.exceptions.entry.ecc_fatal)
 *(.exceptions.entry)
 *(.exceptions.irqtest.user)
 *(.exceptions.irqtest)
 *(.exceptions.irqhandler.user)
 *(.exceptions.irqhandler)
 *(.exceptions.irqreturn.user)
 *(.exceptions.irqreturn)
 *(.exceptions.notirq.label)
 *(.exceptions.notirq.user)
 *(.exceptions.notirq)
 *(.exceptions.soft.user)
 *(.exceptions.soft)
 *(.exceptions.unknown.user)
 *(.exceptions.unknown)
 *(.exceptions.exit.label)
 *(.exceptions.exit.user)
 *(.exceptions.exit)
 *(.exceptions)
                0x0000000000000020                PROVIDE (__ram_exceptions_end, ABSOLUTE (.))
                0x0000000000000020                PROVIDE (__flash_exceptions_start, LOADADDR (.exceptions))

.text           0x0000000000000020      0x4b0
                0x0000000000000020                PROVIDE (stext, ABSOLUTE (.))
 *(.interp)
 *(.hash)
 *(.dynsym)
 *(.dynstr)
 *(.gnu.version)
 *(.gnu.version_d)
 *(.gnu.version_r)
 *(.rel.init)
 *(.rela.init)
 *(.rel.text .rel.text.* .rel.gnu.linkonce.t.*)
 *(.rela.text .rela.text.* .rela.gnu.linkonce.t.*)
 *(.rel.fini)
 *(.rela.fini)
 *(.rel.rodata .rel.rodata.* .rel.gnu.linkonce.r.*)
 *(.rela.rodata .rela.rodata.* .rela.gnu.linkonce.r.*)
 *(.rel.data .rel.data.* .rel.gnu.linkonce.d.*)
 *(.rela.data .rela.data.* .rela.gnu.linkonce.d.*)
 *(.rel.tdata .rel.tdata.* .rel.gnu.linkonce.td.*)
 *(.rela.tdata .rela.tdata.* .rela.gnu.linkonce.td.*)
 *(.rel.tbss .rel.tbss.* .rel.gnu.linkonce.tb.*)
 *(.rela.tbss .rela.tbss.* .rela.gnu.linkonce.tb.*)
 *(.rel.ctors)
 *(.rela.ctors)
 *(.rel.dtors)
 *(.rela.dtors)
 *(.rel.got)
 *(.rela.got)
 *(.rel.sdata .rel.sdata.* .rel.gnu.linkonce.s.*)
 *(.rela.sdata .rela.sdata.* .rela.gnu.linkonce.s.*)
 *(.rel.sbss .rel.sbss.* .rel.gnu.linkonce.sb.*)
 *(.rela.sbss .rela.sbss.* .rela.gnu.linkonce.sb.*)
 *(.rel.sdata2 .rel.sdata2.* .rel.gnu.linkonce.s2.*)
 *(.rela.sdata2 .rela.sdata2.* .rela.gnu.linkonce.s2.*)
 *(.rel.sbss2 .rel.sbss2.* .rel.gnu.linkonce.sb2.*)
 *(.rela.sbss2 .rela.sbss2.* .rela.gnu.linkonce.sb2.*)
 *(.rel.bss .rel.bss.* .rel.gnu.linkonce.b.*)
 *(.rela.bss .rela.bss.* .rela.gnu.linkonce.b.*)
 *(.rel.plt)
 *(.rela.plt)
 *(.rel.dyn)
 *(.init)
 *(.plt)
 *(.text .stub .text.* .gnu.linkonce.t.*)
 .text          0x0000000000000020       0x3c ../sram_test_bsp//obj/HAL/src/crt0.o
                0x0000000000000020                _start
 .text          0x000000000000005c        0x0 obj/default/hello_world_small.o
 .text.startup  0x000000000000005c       0xb4 obj/default/hello_world_small.o
                0x000000000000005c                main
 .text          0x0000000000000110       0xf8 ../sram_test_bsp/\libhal_bsp.a(alt_load.o)
                0x0000000000000110                alt_load
 .text          0x0000000000000208       0x2c ../sram_test_bsp/\libhal_bsp.a(alt_main.o)
                0x0000000000000208                alt_main
 .text          0x0000000000000234       0x38 ../sram_test_bsp/\libhal_bsp.a(alt_putstr.o)
                0x0000000000000234                alt_putstr
 .text          0x000000000000026c        0x4 ../sram_test_bsp/\libhal_bsp.a(alt_usleep.o)
                0x000000000000026c                usleep
 .text          0x0000000000000270       0x24 ../sram_test_bsp/\libhal_bsp.a(alt_sys_init.o)
                0x0000000000000270                alt_irq_init
                0x0000000000000290                alt_sys_init
 .text          0x0000000000000294       0x34 ../sram_test_bsp/\libhal_bsp.a(altera_avalon_jtag_uart_write.o)
                0x0000000000000294                altera_avalon_jtag_uart_write
 .text          0x00000000000002c8       0x88 ../sram_test_bsp/\libhal_bsp.a(alt_busy_sleep.o)
                0x00000000000002c8                alt_busy_sleep
 .text          0x0000000000000350        0x4 ../sram_test_bsp/\libhal_bsp.a(alt_dcache_flush_all.o)
                0x0000000000000350                alt_dcache_flush_all
 .text          0x0000000000000354        0x4 ../sram_test_bsp/\libhal_bsp.a(alt_icache_flush_all.o)
                0x0000000000000354                alt_icache_flush_all
 .text          0x0000000000000358        0x8 ../sram_test_bsp/\libhal_bsp.a(altera_nios2_qsys_irq.o)
                0x0000000000000358                altera_nios2_qsys_irq_init
 .text          0x0000000000000360        0x0 c:/altera/15.1/nios2eds/bin/gnu/h-x86_64-mingw32/bin/../lib/gcc/nios2-elf/4.9.2/../../../../../H-x86_64-mingw32/nios2-elf/lib/mno-hw-mul\libsmallc.a(lib_a-strlen.o)
 .text.strlen   0x0000000000000360       0x1c c:/altera/15.1/nios2eds/bin/gnu/h-x86_64-mingw32/bin/../lib/gcc/nios2-elf/4.9.2/../../../../../H-x86_64-mingw32/nios2-elf/lib/mno-hw-mul\libsmallc.a(lib_a-strlen.o)
                0x0000000000000360                strlen
 .text          0x000000000000037c      0x12c c:/altera/15.1/nios2eds/bin/gnu/h-x86_64-mingw32/bin/../lib/gcc/nios2-elf/4.9.2/mno-hw-mul\libgcc.a(lib2-divmod.o)
                0x00000000000003e8                __divsi3
                0x000000000000043c                __modsi3
                0x0000000000000498                __udivsi3
                0x00000000000004a0                __umodsi3
 .text          0x00000000000004a8       0x28 c:/altera/15.1/nios2eds/bin/gnu/h-x86_64-mingw32/bin/../lib/gcc/nios2-elf/4.9.2/mno-hw-mul\libgcc.a(lib2-mul.o)
                0x00000000000004a8                __mulsi3
 *(.gnu.warning.*)
 *(.fini)
                0x00000000000004d0                PROVIDE (__etext, ABSOLUTE (.))
                0x00000000000004d0                PROVIDE (_etext, ABSOLUTE (.))
                0x00000000000004d0                PROVIDE (etext, ABSOLUTE (.))
 *(.eh_frame_hdr)
                0x00000000000004d0                . = ALIGN (0x4)
                0x00000000000004d0                PROVIDE (__preinit_array_start, ABSOLUTE (.))
 *(.preinit_array)
                0x00000000000004d0                PROVIDE (__preinit_array_end, ABSOLUTE (.))
                0x00000000000004d0                PROVIDE (__init_array_start, ABSOLUTE (.))
 *(.init_array)
                0x00000000000004d0                PROVIDE (__init_array_end, ABSOLUTE (.))
                0x00000000000004d0                PROVIDE (__fini_array_start, ABSOLUTE (.))
 *(.fini_array)
                0x00000000000004d0                PROVIDE (__fini_array_end, ABSOLUTE (.))
 *(.eh_frame)
 *(.gcc_except_table .gcc_except_table.*)
 *(.dynamic)
                0x00000000000004d0                PROVIDE (__CTOR_LIST__, ABSOLUTE (.))
 *(.ctors)
 *(SORT(.ctors.*))
                0x00000000000004d0                PROVIDE (__CTOR_END__, ABSOLUTE (.))
                0x00000000000004d0                PROVIDE (__DTOR_LIST__, ABSOLUTE (.))
 *(.dtors)
 *(SORT(.dtors.*))
                0x00000000000004d0                PROVIDE (__DTOR_END__, ABSOLUTE (.))
 *(.jcr)
                0x00000000000004d0                . = ALIGN (0x4)

.rodata         0x00000000000004d0       0x18
                0x00000000000004d0                PROVIDE (__ram_rodata_start, ABSOLUTE (.))
                0x00000000000004d0                . = ALIGN (0x4)
 *(.rodata .rodata.* .gnu.linkonce.r.*)
 .rodata.str1.4
                0x00000000000004d0       0x18 obj/default/hello_world_small.o
 *(.rodata1)
                0x00000000000004e8                . = ALIGN (0x4)
                0x00000000000004e8                PROVIDE (__ram_rodata_end, ABSOLUTE (.))
                0x00000000000004d0                PROVIDE (__flash_rodata_start, LOADADDR (.rodata))

.rwdata         0x00000000000004e8        0x4 load address 0x00000000000004ec
                0x00000000000004e8                PROVIDE (__ram_rwdata_start, ABSOLUTE (.))
                0x00000000000004e8                . = ALIGN (0x4)
 *(.got.plt)
 *(.got)
 *(.data1)
 *(.data .data.* .gnu.linkonce.d.*)
 .data          0x00000000000004e8        0x0 ../sram_test_bsp//obj/HAL/src/crt0.o
 .data          0x00000000000004e8        0x0 obj/default/hello_world_small.o
 .data          0x00000000000004e8        0x0 ../sram_test_bsp/\libhal_bsp.a(alt_load.o)
 .data          0x00000000000004e8        0x0 ../sram_test_bsp/\libhal_bsp.a(alt_main.o)
 .data          0x00000000000004e8        0x0 ../sram_test_bsp/\libhal_bsp.a(alt_putstr.o)
 .data          0x00000000000004e8        0x0 ../sram_test_bsp/\libhal_bsp.a(alt_usleep.o)
 .data          0x00000000000004e8        0x0 ../sram_test_bsp/\libhal_bsp.a(alt_sys_init.o)
 .data          0x00000000000004e8        0x0 ../sram_test_bsp/\libhal_bsp.a(altera_avalon_jtag_uart_write.o)
 .data          0x00000000000004e8        0x0 ../sram_test_bsp/\libhal_bsp.a(alt_busy_sleep.o)
 .data          0x00000000000004e8        0x0 ../sram_test_bsp/\libhal_bsp.a(alt_dcache_flush_all.o)
 .data          0x00000000000004e8        0x0 ../sram_test_bsp/\libhal_bsp.a(alt_icache_flush_all.o)
 .data          0x00000000000004e8        0x0 ../sram_test_bsp/\libhal_bsp.a(altera_nios2_qsys_irq.o)
 .data          0x00000000000004e8        0x0 c:/altera/15.1/nios2eds/bin/gnu/h-x86_64-mingw32/bin/../lib/gcc/nios2-elf/4.9.2/../../../../../H-x86_64-mingw32/nios2-elf/lib/mno-hw-mul\libsmallc.a(lib_a-strlen.o)
 .data          0x00000000000004e8        0x0 c:/altera/15.1/nios2eds/bin/gnu/h-x86_64-mingw32/bin/../lib/gcc/nios2-elf/4.9.2/mno-hw-mul\libgcc.a(lib2-divmod.o)
 .data          0x00000000000004e8        0x0 c:/altera/15.1/nios2eds/bin/gnu/h-x86_64-mingw32/bin/../lib/gcc/nios2-elf/4.9.2/mno-hw-mul\libgcc.a(lib2-mul.o)
                0x00000000000084e8                _gp = ABSOLUTE ((. + 0x8000))
                0x00000000000084e8                PROVIDE (gp, _gp)
 *(.rwdata .rwdata.*)
 *(.sdata .sdata.* .gnu.linkonce.s.*)
 .sdata         0x00000000000004e8        0x4 ../sram_test_bsp/\libhal_bsp.a(alt_sys_init.o)
                0x00000000000004e8                jtag_uart
 *(.sdata2 .sdata2.* .gnu.linkonce.s2.*)
                0x00000000000004ec                . = ALIGN (0x4)
                0x00000000000004ec                _edata = ABSOLUTE (.)
                0x00000000000004ec                PROVIDE (edata, ABSOLUTE (.))
                0x00000000000004ec                PROVIDE (__ram_rwdata_end, ABSOLUTE (.))
                0x00000000000004ec                PROVIDE (__flash_rwdata_start, LOADADDR (.rwdata))

.bss            0x00000000000004f0        0xc
                0x00000000000004f0                __bss_start = ABSOLUTE (.)
                0x00000000000004f0                PROVIDE (__sbss_start, ABSOLUTE (.))
                0x00000000000004f0                PROVIDE (___sbss_start, ABSOLUTE (.))
 *(.dynsbss)
 *(.sbss .sbss.* .gnu.linkonce.sb.*)
 .sbss          0x00000000000004f0        0xc ../sram_test_bsp/\libhal_bsp.a(alt_main.o)
                0x00000000000004f0                alt_envp
                0x00000000000004f4                alt_argv
                0x00000000000004f8                alt_argc
 *(.sbss2 .sbss2.* .gnu.linkonce.sb2.*)
 *(.scommon)
                0x00000000000004fc                PROVIDE (__sbss_end, ABSOLUTE (.))
                0x00000000000004fc                PROVIDE (___sbss_end, ABSOLUTE (.))
 *(.dynbss)
 *(.bss .bss.* .gnu.linkonce.b.*)
 .bss           0x00000000000004fc        0x0 ../sram_test_bsp//obj/HAL/src/crt0.o
 .bss           0x00000000000004fc        0x0 obj/default/hello_world_small.o
 .bss           0x00000000000004fc        0x0 ../sram_test_bsp/\libhal_bsp.a(alt_load.o)
 .bss           0x00000000000004fc        0x0 ../sram_test_bsp/\libhal_bsp.a(alt_main.o)
 .bss           0x00000000000004fc        0x0 ../sram_test_bsp/\libhal_bsp.a(alt_putstr.o)
 .bss           0x00000000000004fc        0x0 ../sram_test_bsp/\libhal_bsp.a(alt_usleep.o)
 .bss           0x00000000000004fc        0x0 ../sram_test_bsp/\libhal_bsp.a(alt_sys_init.o)
 .bss           0x00000000000004fc        0x0 ../sram_test_bsp/\libhal_bsp.a(altera_avalon_jtag_uart_write.o)
 .bss           0x00000000000004fc        0x0 ../sram_test_bsp/\libhal_bsp.a(alt_busy_sleep.o)
 .bss           0x00000000000004fc        0x0 ../sram_test_bsp/\libhal_bsp.a(alt_dcache_flush_all.o)
 .bss           0x00000000000004fc        0x0 ../sram_test_bsp/\libhal_bsp.a(alt_icache_flush_all.o)
 .bss           0x00000000000004fc        0x0 ../sram_test_bsp/\libhal_bsp.a(altera_nios2_qsys_irq.o)
 .bss           0x00000000000004fc        0x0 c:/altera/15.1/nios2eds/bin/gnu/h-x86_64-mingw32/bin/../lib/gcc/nios2-elf/4.9.2/../../../../../H-x86_64-mingw32/nios2-elf/lib/mno-hw-mul\libsmallc.a(lib_a-strlen.o)
 .bss           0x00000000000004fc        0x0 c:/altera/15.1/nios2eds/bin/gnu/h-x86_64-mingw32/bin/../lib/gcc/nios2-elf/4.9.2/mno-hw-mul\libgcc.a(lib2-divmod.o)
 .bss           0x00000000000004fc        0x0 c:/altera/15.1/nios2eds/bin/gnu/h-x86_64-mingw32/bin/../lib/gcc/nios2-elf/4.9.2/mno-hw-mul\libgcc.a(lib2-mul.o)
 *(COMMON)
                0x00000000000004fc                . = ALIGN (0x4)
                0x00000000000004fc                __bss_end = ABSOLUTE (.)

.onchip_mem     0x00000000000004fc        0x0
                0x00000000000004fc                PROVIDE (_alt_partition_onchip_mem_start, ABSOLUTE (.))
 *(.onchip_mem .onchip_mem. onchip_mem.*)
                0x00000000000004fc                . = ALIGN (0x4)
                0x00000000000004fc                PROVIDE (_alt_partition_onchip_mem_end, ABSOLUTE (.))
                0x00000000000004fc                _end = ABSOLUTE (.)
                0x00000000000004fc                end = ABSOLUTE (.)
                0x00000000000004fc                __alt_stack_base = ABSOLUTE (.)
                0x00000000000004fc                PROVIDE (_alt_partition_onchip_mem_load_addr, LOADADDR (.onchip_mem))

.stab
 *(.stab)

.stabstr
 *(.stabstr)

.stab.excl
 *(.stab.excl)

.stab.exclstr
 *(.stab.exclstr)

.stab.index
 *(.stab.index)

.stab.indexstr
 *(.stab.indexstr)

.comment        0x0000000000000000       0x23
 *(.comment)
 .comment       0x0000000000000000       0x23 obj/default/hello_world_small.o
                                         0x24 (size before relaxing)
 .comment       0x0000000000000000       0x24 ../sram_test_bsp/\libhal_bsp.a(alt_load.o)
 .comment       0x0000000000000000       0x24 ../sram_test_bsp/\libhal_bsp.a(alt_main.o)
 .comment       0x0000000000000000       0x24 ../sram_test_bsp/\libhal_bsp.a(alt_putstr.o)
 .comment       0x0000000000000000       0x24 ../sram_test_bsp/\libhal_bsp.a(alt_usleep.o)
 .comment       0x0000000000000000       0x24 ../sram_test_bsp/\libhal_bsp.a(alt_sys_init.o)
 .comment       0x0000000000000000       0x24 ../sram_test_bsp/\libhal_bsp.a(altera_avalon_jtag_uart_write.o)
 .comment       0x0000000000000000       0x24 ../sram_test_bsp/\libhal_bsp.a(alt_busy_sleep.o)
 .comment       0x0000000000000000       0x24 ../sram_test_bsp/\libhal_bsp.a(alt_dcache_flush_all.o)
 .comment       0x0000000000000000       0x24 ../sram_test_bsp/\libhal_bsp.a(alt_icache_flush_all.o)
 .comment       0x0000000000000000       0x24 ../sram_test_bsp/\libhal_bsp.a(altera_nios2_qsys_irq.o)
 .comment       0x0000000000000000       0x24 c:/altera/15.1/nios2eds/bin/gnu/h-x86_64-mingw32/bin/../lib/gcc/nios2-elf/4.9.2/../../../../../H-x86_64-mingw32/nios2-elf/lib/mno-hw-mul\libsmallc.a(lib_a-strlen.o)
 .comment       0x0000000000000000       0x24 c:/altera/15.1/nios2eds/bin/gnu/h-x86_64-mingw32/bin/../lib/gcc/nios2-elf/4.9.2/mno-hw-mul\libgcc.a(lib2-divmod.o)
 .comment       0x0000000000000000       0x24 c:/altera/15.1/nios2eds/bin/gnu/h-x86_64-mingw32/bin/../lib/gcc/nios2-elf/4.9.2/mno-hw-mul\libgcc.a(lib2-mul.o)

.debug
 *(.debug)

.line
 *(.line)

.debug_srcinfo
 *(.debug_srcinfo)

.debug_sfnames
 *(.debug_sfnames)

.debug_aranges  0x0000000000000000      0x1e8
 *(.debug_aranges)
 .debug_aranges
                0x0000000000000000       0x28 ../sram_test_bsp//obj/HAL/src/crt0.o
 .debug_aranges
                0x0000000000000028       0x20 obj/default/hello_world_small.o
 .debug_aranges
                0x0000000000000048       0x20 ../sram_test_bsp/\libhal_bsp.a(alt_load.o)
 .debug_aranges
                0x0000000000000068       0x20 ../sram_test_bsp/\libhal_bsp.a(alt_main.o)
 .debug_aranges
                0x0000000000000088       0x20 ../sram_test_bsp/\libhal_bsp.a(alt_putstr.o)
 .debug_aranges
                0x00000000000000a8       0x20 ../sram_test_bsp/\libhal_bsp.a(alt_usleep.o)
 .debug_aranges
                0x00000000000000c8       0x20 ../sram_test_bsp/\libhal_bsp.a(alt_sys_init.o)
 .debug_aranges
                0x00000000000000e8       0x20 ../sram_test_bsp/\libhal_bsp.a(altera_avalon_jtag_uart_write.o)
 .debug_aranges
                0x0000000000000108       0x20 ../sram_test_bsp/\libhal_bsp.a(alt_busy_sleep.o)
 .debug_aranges
                0x0000000000000128       0x20 ../sram_test_bsp/\libhal_bsp.a(alt_dcache_flush_all.o)
 .debug_aranges
                0x0000000000000148       0x20 ../sram_test_bsp/\libhal_bsp.a(alt_icache_flush_all.o)
 .debug_aranges
                0x0000000000000168       0x20 ../sram_test_bsp/\libhal_bsp.a(altera_nios2_qsys_irq.o)
 .debug_aranges
                0x0000000000000188       0x20 c:/altera/15.1/nios2eds/bin/gnu/h-x86_64-mingw32/bin/../lib/gcc/nios2-elf/4.9.2/../../../../../H-x86_64-mingw32/nios2-elf/lib/mno-hw-mul\libsmallc.a(lib_a-strlen.o)
 .debug_aranges
                0x00000000000001a8       0x20 c:/altera/15.1/nios2eds/bin/gnu/h-x86_64-mingw32/bin/../lib/gcc/nios2-elf/4.9.2/mno-hw-mul\libgcc.a(lib2-divmod.o)
 .debug_aranges
                0x00000000000001c8       0x20 c:/altera/15.1/nios2eds/bin/gnu/h-x86_64-mingw32/bin/../lib/gcc/nios2-elf/4.9.2/mno-hw-mul\libgcc.a(lib2-mul.o)

.debug_pubnames
 *(.debug_pubnames)

.debug_info     0x0000000000000000     0x100f
 *(.debug_info .gnu.linkonce.wi.*)
 .debug_info    0x0000000000000000       0x6a ../sram_test_bsp//obj/HAL/src/crt0.o
 .debug_info    0x000000000000006a      0x11d obj/default/hello_world_small.o
 .debug_info    0x0000000000000187      0x1ba ../sram_test_bsp/\libhal_bsp.a(alt_load.o)
 .debug_info    0x0000000000000341      0x17b ../sram_test_bsp/\libhal_bsp.a(alt_main.o)
 .debug_info    0x00000000000004bc      0x15d ../sram_test_bsp/\libhal_bsp.a(alt_putstr.o)
 .debug_info    0x0000000000000619       0xd0 ../sram_test_bsp/\libhal_bsp.a(alt_usleep.o)
 .debug_info    0x00000000000006e9      0x17a ../sram_test_bsp/\libhal_bsp.a(alt_sys_init.o)
 .debug_info    0x0000000000000863      0x190 ../sram_test_bsp/\libhal_bsp.a(altera_avalon_jtag_uart_write.o)
 .debug_info    0x00000000000009f3       0xd1 ../sram_test_bsp/\libhal_bsp.a(alt_busy_sleep.o)
 .debug_info    0x0000000000000ac4       0x8b ../sram_test_bsp/\libhal_bsp.a(alt_dcache_flush_all.o)
 .debug_info    0x0000000000000b4f       0x8b ../sram_test_bsp/\libhal_bsp.a(alt_icache_flush_all.o)
 .debug_info    0x0000000000000bda       0x8b ../sram_test_bsp/\libhal_bsp.a(altera_nios2_qsys_irq.o)
 .debug_info    0x0000000000000c65       0xc2 c:/altera/15.1/nios2eds/bin/gnu/h-x86_64-mingw32/bin/../lib/gcc/nios2-elf/4.9.2/../../../../../H-x86_64-mingw32/nios2-elf/lib/mno-hw-mul\libsmallc.a(lib_a-strlen.o)
 .debug_info    0x0000000000000d27      0x234 c:/altera/15.1/nios2eds/bin/gnu/h-x86_64-mingw32/bin/../lib/gcc/nios2-elf/4.9.2/mno-hw-mul\libgcc.a(lib2-divmod.o)
 .debug_info    0x0000000000000f5b       0xb4 c:/altera/15.1/nios2eds/bin/gnu/h-x86_64-mingw32/bin/../lib/gcc/nios2-elf/4.9.2/mno-hw-mul\libgcc.a(lib2-mul.o)

.debug_abbrev   0x0000000000000000      0x93b
 *(.debug_abbrev)
 .debug_abbrev  0x0000000000000000       0x12 ../sram_test_bsp//obj/HAL/src/crt0.o
 .debug_abbrev  0x0000000000000012       0xc3 obj/default/hello_world_small.o
 .debug_abbrev  0x00000000000000d5       0xd8 ../sram_test_bsp/\libhal_bsp.a(alt_load.o)
 .debug_abbrev  0x00000000000001ad      0x120 ../sram_test_bsp/\libhal_bsp.a(alt_main.o)
 .debug_abbrev  0x00000000000002cd       0xe2 ../sram_test_bsp/\libhal_bsp.a(alt_putstr.o)
 .debug_abbrev  0x00000000000003af       0x96 ../sram_test_bsp/\libhal_bsp.a(alt_usleep.o)
 .debug_abbrev  0x0000000000000445      0x107 ../sram_test_bsp/\libhal_bsp.a(alt_sys_init.o)
 .debug_abbrev  0x000000000000054c       0xd5 ../sram_test_bsp/\libhal_bsp.a(altera_avalon_jtag_uart_write.o)
 .debug_abbrev  0x0000000000000621       0x8d ../sram_test_bsp/\libhal_bsp.a(alt_busy_sleep.o)
 .debug_abbrev  0x00000000000006ae       0x42 ../sram_test_bsp/\libhal_bsp.a(alt_dcache_flush_all.o)
 .debug_abbrev  0x00000000000006f0       0x42 ../sram_test_bsp/\libhal_bsp.a(alt_icache_flush_all.o)
 .debug_abbrev  0x0000000000000732       0x42 ../sram_test_bsp/\libhal_bsp.a(altera_nios2_qsys_irq.o)
 .debug_abbrev  0x0000000000000774       0x7f c:/altera/15.1/nios2eds/bin/gnu/h-x86_64-mingw32/bin/../lib/gcc/nios2-elf/4.9.2/../../../../../H-x86_64-mingw32/nios2-elf/lib/mno-hw-mul\libsmallc.a(lib_a-strlen.o)
 .debug_abbrev  0x00000000000007f3       0xd9 c:/altera/15.1/nios2eds/bin/gnu/h-x86_64-mingw32/bin/../lib/gcc/nios2-elf/4.9.2/mno-hw-mul\libgcc.a(lib2-divmod.o)
 .debug_abbrev  0x00000000000008cc       0x6f c:/altera/15.1/nios2eds/bin/gnu/h-x86_64-mingw32/bin/../lib/gcc/nios2-elf/4.9.2/mno-hw-mul\libgcc.a(lib2-mul.o)

.debug_line     0x0000000000000000      0xaba
 *(.debug_line)
 .debug_line    0x0000000000000000       0x66 ../sram_test_bsp//obj/HAL/src/crt0.o
 .debug_line    0x0000000000000066       0xf5 obj/default/hello_world_small.o
 .debug_line    0x000000000000015b       0xa6 ../sram_test_bsp/\libhal_bsp.a(alt_load.o)
 .debug_line    0x0000000000000201       0xbd ../sram_test_bsp/\libhal_bsp.a(alt_main.o)
 .debug_line    0x00000000000002be       0xf5 ../sram_test_bsp/\libhal_bsp.a(alt_putstr.o)
 .debug_line    0x00000000000003b3       0xc7 ../sram_test_bsp/\libhal_bsp.a(alt_usleep.o)
 .debug_line    0x000000000000047a      0x101 ../sram_test_bsp/\libhal_bsp.a(alt_sys_init.o)
 .debug_line    0x000000000000057b       0xf0 ../sram_test_bsp/\libhal_bsp.a(altera_avalon_jtag_uart_write.o)
 .debug_line    0x000000000000066b       0xc0 ../sram_test_bsp/\libhal_bsp.a(alt_busy_sleep.o)
 .debug_line    0x000000000000072b       0x4e ../sram_test_bsp/\libhal_bsp.a(alt_dcache_flush_all.o)
 .debug_line    0x0000000000000779       0x4e ../sram_test_bsp/\libhal_bsp.a(alt_icache_flush_all.o)
 .debug_line    0x00000000000007c7       0x50 ../sram_test_bsp/\libhal_bsp.a(altera_nios2_qsys_irq.o)
 .debug_line    0x0000000000000817      0x15c c:/altera/15.1/nios2eds/bin/gnu/h-x86_64-mingw32/bin/../lib/gcc/nios2-elf/4.9.2/../../../../../H-x86_64-mingw32/nios2-elf/lib/mno-hw-mul\libsmallc.a(lib_a-strlen.o)
 .debug_line    0x0000000000000973       0xc7 c:/altera/15.1/nios2eds/bin/gnu/h-x86_64-mingw32/bin/../lib/gcc/nios2-elf/4.9.2/mno-hw-mul\libgcc.a(lib2-divmod.o)
 .debug_line    0x0000000000000a3a       0x80 c:/altera/15.1/nios2eds/bin/gnu/h-x86_64-mingw32/bin/../lib/gcc/nios2-elf/4.9.2/mno-hw-mul\libgcc.a(lib2-mul.o)

.debug_frame    0x0000000000000000      0x294
 *(.debug_frame)
 .debug_frame   0x0000000000000000       0x30 obj/default/hello_world_small.o
 .debug_frame   0x0000000000000030       0x30 ../sram_test_bsp/\libhal_bsp.a(alt_load.o)
 .debug_frame   0x0000000000000060       0x2c ../sram_test_bsp/\libhal_bsp.a(alt_main.o)
 .debug_frame   0x000000000000008c       0x30 ../sram_test_bsp/\libhal_bsp.a(alt_putstr.o)
 .debug_frame   0x00000000000000bc       0x20 ../sram_test_bsp/\libhal_bsp.a(alt_usleep.o)
 .debug_frame   0x00000000000000dc       0x3c ../sram_test_bsp/\libhal_bsp.a(alt_sys_init.o)
 .debug_frame   0x0000000000000118       0x20 ../sram_test_bsp/\libhal_bsp.a(altera_avalon_jtag_uart_write.o)
 .debug_frame   0x0000000000000138       0x30 ../sram_test_bsp/\libhal_bsp.a(alt_busy_sleep.o)
 .debug_frame   0x0000000000000168       0x20 ../sram_test_bsp/\libhal_bsp.a(alt_dcache_flush_all.o)
 .debug_frame   0x0000000000000188       0x20 ../sram_test_bsp/\libhal_bsp.a(alt_icache_flush_all.o)
 .debug_frame   0x00000000000001a8       0x20 ../sram_test_bsp/\libhal_bsp.a(altera_nios2_qsys_irq.o)
 .debug_frame   0x00000000000001c8       0x20 c:/altera/15.1/nios2eds/bin/gnu/h-x86_64-mingw32/bin/../lib/gcc/nios2-elf/4.9.2/../../../../../H-x86_64-mingw32/nios2-elf/lib/mno-hw-mul\libsmallc.a(lib_a-strlen.o)
 .debug_frame   0x00000000000001e8       0x8c c:/altera/15.1/nios2eds/bin/gnu/h-x86_64-mingw32/bin/../lib/gcc/nios2-elf/4.9.2/mno-hw-mul\libgcc.a(lib2-divmod.o)
 .debug_frame   0x0000000000000274       0x20 c:/altera/15.1/nios2eds/bin/gnu/h-x86_64-mingw32/bin/../lib/gcc/nios2-elf/4.9.2/mno-hw-mul\libgcc.a(lib2-mul.o)

.debug_str      0x0000000000000000      0x7af
 *(.debug_str)
 .debug_str     0x0000000000000000       0xf4 obj/default/hello_world_small.o
                                        0x132 (size before relaxing)
 .debug_str     0x00000000000000f4      0x151 ../sram_test_bsp/\libhal_bsp.a(alt_load.o)
                                        0x21b (size before relaxing)
 .debug_str     0x0000000000000245       0x8f ../sram_test_bsp/\libhal_bsp.a(alt_main.o)
                                        0x194 (size before relaxing)
 .debug_str     0x00000000000002d4       0x6b ../sram_test_bsp/\libhal_bsp.a(alt_putstr.o)
                                        0x176 (size before relaxing)
 .debug_str     0x000000000000033f       0x24 ../sram_test_bsp/\libhal_bsp.a(alt_usleep.o)
                                        0x136 (size before relaxing)
 .debug_str     0x0000000000000363       0x86 ../sram_test_bsp/\libhal_bsp.a(alt_sys_init.o)
                                        0x203 (size before relaxing)
 .debug_str     0x00000000000003e9       0x3f ../sram_test_bsp/\libhal_bsp.a(altera_avalon_jtag_uart_write.o)
                                        0x1f4 (size before relaxing)
 .debug_str     0x0000000000000428       0x33 ../sram_test_bsp/\libhal_bsp.a(alt_busy_sleep.o)
                                        0x14a (size before relaxing)
 .debug_str     0x000000000000045b       0x1f ../sram_test_bsp/\libhal_bsp.a(alt_dcache_flush_all.o)
                                        0x134 (size before relaxing)
 .debug_str     0x000000000000047a       0x1f ../sram_test_bsp/\libhal_bsp.a(alt_icache_flush_all.o)
                                        0x134 (size before relaxing)
 .debug_str     0x0000000000000499       0x20 ../sram_test_bsp/\libhal_bsp.a(altera_nios2_qsys_irq.o)
                                        0x13b (size before relaxing)
 .debug_str     0x00000000000004b9      0x131 c:/altera/15.1/nios2eds/bin/gnu/h-x86_64-mingw32/bin/../lib/gcc/nios2-elf/4.9.2/../../../../../H-x86_64-mingw32/nios2-elf/lib/mno-hw-mul\libsmallc.a(lib_a-strlen.o)
                                        0x1d7 (size before relaxing)
 .debug_str     0x00000000000005ea      0x185 c:/altera/15.1/nios2eds/bin/gnu/h-x86_64-mingw32/bin/../lib/gcc/nios2-elf/4.9.2/mno-hw-mul\libgcc.a(lib2-divmod.o)
                                        0x1d0 (size before relaxing)
 .debug_str     0x000000000000076f       0x40 c:/altera/15.1/nios2eds/bin/gnu/h-x86_64-mingw32/bin/../lib/gcc/nios2-elf/4.9.2/mno-hw-mul\libgcc.a(lib2-mul.o)
                                        0x191 (size before relaxing)

.debug_loc      0x0000000000000000      0x4c5
 *(.debug_loc)
 .debug_loc     0x0000000000000000       0x36 obj/default/hello_world_small.o
 .debug_loc     0x0000000000000036       0x37 ../sram_test_bsp/\libhal_bsp.a(alt_putstr.o)
 .debug_loc     0x000000000000006d       0x21 ../sram_test_bsp/\libhal_bsp.a(alt_usleep.o)
 .debug_loc     0x000000000000008e       0x21 ../sram_test_bsp/\libhal_bsp.a(alt_sys_init.o)
 .debug_loc     0x00000000000000af       0x8b ../sram_test_bsp/\libhal_bsp.a(altera_avalon_jtag_uart_write.o)
 .debug_loc     0x000000000000013a       0x67 ../sram_test_bsp/\libhal_bsp.a(alt_busy_sleep.o)
 .debug_loc     0x00000000000001a1       0x1e c:/altera/15.1/nios2eds/bin/gnu/h-x86_64-mingw32/bin/../lib/gcc/nios2-elf/4.9.2/../../../../../H-x86_64-mingw32/nios2-elf/lib/mno-hw-mul\libsmallc.a(lib_a-strlen.o)
 .debug_loc     0x00000000000001bf      0x273 c:/altera/15.1/nios2eds/bin/gnu/h-x86_64-mingw32/bin/../lib/gcc/nios2-elf/4.9.2/mno-hw-mul\libgcc.a(lib2-divmod.o)
 .debug_loc     0x0000000000000432       0x93 c:/altera/15.1/nios2eds/bin/gnu/h-x86_64-mingw32/bin/../lib/gcc/nios2-elf/4.9.2/mno-hw-mul\libgcc.a(lib2-mul.o)

.debug_macinfo
 *(.debug_macinfo)

.debug_weaknames
 *(.debug_weaknames)

.debug_funcnames
 *(.debug_funcnames)

.debug_typenames
 *(.debug_typenames)

.debug_varnames
 *(.debug_varnames)

.debug_alt_sim_info
                0x0000000000000000       0x40
 *(.debug_alt_sim_info)
 .debug_alt_sim_info
                0x0000000000000000       0x10 ../sram_test_bsp//obj/HAL/src/crt0.o
 .debug_alt_sim_info
                0x0000000000000010       0x30 ../sram_test_bsp/\libhal_bsp.a(alt_busy_sleep.o)
                0x0000000000001000                __alt_data_end = 0x1000
                0x0000000000001000                PROVIDE (__alt_stack_pointer, __alt_data_end)
                0x00000000000004fc                PROVIDE (__alt_stack_limit, __alt_stack_base)
                0x00000000000004fc                PROVIDE (__alt_heap_start, end)
                0x0000000000001000                PROVIDE (__alt_heap_limit, 0x1000)
OUTPUT(sram_test.elf elf32-littlenios2)

.debug_ranges   0x0000000000000000       0x88
 .debug_ranges  0x0000000000000000       0x20 ../sram_test_bsp//obj/HAL/src/crt0.o
 .debug_ranges  0x0000000000000020       0x10 obj/default/hello_world_small.o
 .debug_ranges  0x0000000000000030       0x48 ../sram_test_bsp/\libhal_bsp.a(alt_load.o)
 .debug_ranges  0x0000000000000078       0x10 c:/altera/15.1/nios2eds/bin/gnu/h-x86_64-mingw32/bin/../lib/gcc/nios2-elf/4.9.2/../../../../../H-x86_64-mingw32/nios2-elf/lib/mno-hw-mul\libsmallc.a(lib_a-strlen.o)
