Archive member included to satisfy reference by file (symbol)

c:/altera/15.1/nios2eds/bin/gnu/h-x86_64-mingw32/bin/../lib/gcc/nios2-elf/4.9.2/../../../../../H-x86_64-mingw32/nios2-elf/lib/mno-hw-mul\libsmallc.a(lib_a-calloc.o)
                              obj/default/lab4.o (calloc)
c:/altera/15.1/nios2eds/bin/gnu/h-x86_64-mingw32/bin/../lib/gcc/nios2-elf/4.9.2/../../../../../H-x86_64-mingw32/nios2-elf/lib/mno-hw-mul\libsmallc.a(lib_a-impure.o)
                              c:/altera/15.1/nios2eds/bin/gnu/h-x86_64-mingw32/bin/../lib/gcc/nios2-elf/4.9.2/../../../../../H-x86_64-mingw32/nios2-elf/lib/mno-hw-mul\libsmallc.a(lib_a-calloc.o) (_impure_ptr)
c:/altera/15.1/nios2eds/bin/gnu/h-x86_64-mingw32/bin/../lib/gcc/nios2-elf/4.9.2/../../../../../H-x86_64-mingw32/nios2-elf/lib/mno-hw-mul\libsmallc.a(lib_a-nano-callocr.o)
                              c:/altera/15.1/nios2eds/bin/gnu/h-x86_64-mingw32/bin/../lib/gcc/nios2-elf/4.9.2/../../../../../H-x86_64-mingw32/nios2-elf/lib/mno-hw-mul\libsmallc.a(lib_a-calloc.o) (_calloc_r)
c:/altera/15.1/nios2eds/bin/gnu/h-x86_64-mingw32/bin/../lib/gcc/nios2-elf/4.9.2/../../../../../H-x86_64-mingw32/nios2-elf/lib/mno-hw-mul\libsmallc.a(lib_a-nano-mallocr.o)
                              c:/altera/15.1/nios2eds/bin/gnu/h-x86_64-mingw32/bin/../lib/gcc/nios2-elf/4.9.2/../../../../../H-x86_64-mingw32/nios2-elf/lib/mno-hw-mul\libsmallc.a(lib_a-nano-callocr.o) (_malloc_r)
c:/altera/15.1/nios2eds/bin/gnu/h-x86_64-mingw32/bin/../lib/gcc/nios2-elf/4.9.2/../../../../../H-x86_64-mingw32/nios2-elf/lib/mno-hw-mul\libsmallc.a(lib_a-sbrkr.o)
                              c:/altera/15.1/nios2eds/bin/gnu/h-x86_64-mingw32/bin/../lib/gcc/nios2-elf/4.9.2/../../../../../H-x86_64-mingw32/nios2-elf/lib/mno-hw-mul\libsmallc.a(lib_a-nano-mallocr.o) (_sbrk_r)
c:/altera/15.1/nios2eds/bin/gnu/h-x86_64-mingw32/bin/../lib/gcc/nios2-elf/4.9.2/../../../../../H-x86_64-mingw32/nios2-elf/lib/mno-hw-mul\libsmallc.a(lib_a-int_errno.o)
                              c:/altera/15.1/nios2eds/bin/gnu/h-x86_64-mingw32/bin/../lib/gcc/nios2-elf/4.9.2/../../../../../H-x86_64-mingw32/nios2-elf/lib/mno-hw-mul\libsmallc.a(lib_a-sbrkr.o) (errno)
c:/altera/15.1/nios2eds/bin/gnu/h-x86_64-mingw32/bin/../lib/gcc/nios2-elf/4.9.2/../../../../../H-x86_64-mingw32/nios2-elf/lib/mno-hw-mul\libsmallc.a(lib_a-memset.o)
                              c:/altera/15.1/nios2eds/bin/gnu/h-x86_64-mingw32/bin/../lib/gcc/nios2-elf/4.9.2/../../../../../H-x86_64-mingw32/nios2-elf/lib/mno-hw-mul\libsmallc.a(lib_a-nano-callocr.o) (memset)
c:/altera/15.1/nios2eds/bin/gnu/h-x86_64-mingw32/bin/../lib/gcc/nios2-elf/4.9.2/mno-hw-mul\libgcc.a(lib2-mul.o)
                              c:/altera/15.1/nios2eds/bin/gnu/h-x86_64-mingw32/bin/../lib/gcc/nios2-elf/4.9.2/../../../../../H-x86_64-mingw32/nios2-elf/lib/mno-hw-mul\libsmallc.a(lib_a-nano-callocr.o) (__mulsi3)
../lab4code2_bsp/\libhal_bsp.a(alt_fcntl.o)
                              obj/default/lab4.o (fcntl)
../lab4code2_bsp/\libhal_bsp.a(alt_getchar.o)
                              obj/default/lab4.o (alt_getchar)
../lab4code2_bsp/\libhal_bsp.a(alt_load.o)
                              ../lab4code2_bsp//obj/HAL/src/crt0.o (alt_load)
../lab4code2_bsp/\libhal_bsp.a(alt_main.o)
                              ../lab4code2_bsp//obj/HAL/src/crt0.o (alt_main)
../lab4code2_bsp/\libhal_bsp.a(alt_putchar.o)
                              obj/default/lab4.o (alt_putchar)
../lab4code2_bsp/\libhal_bsp.a(alt_putstr.o)
                              obj/default/lab4.o (alt_putstr)
../lab4code2_bsp/\libhal_bsp.a(alt_sbrk.o)
                              c:/altera/15.1/nios2eds/bin/gnu/h-x86_64-mingw32/bin/../lib/gcc/nios2-elf/4.9.2/../../../../../H-x86_64-mingw32/nios2-elf/lib/mno-hw-mul\libsmallc.a(lib_a-sbrkr.o) (sbrk)
../lab4code2_bsp/\libhal_bsp.a(alt_sys_init.o)
                              ../lab4code2_bsp/\libhal_bsp.a(alt_main.o) (alt_irq_init)
../lab4code2_bsp/\libhal_bsp.a(altera_avalon_jtag_uart_read.o)
                              ../lab4code2_bsp/\libhal_bsp.a(alt_getchar.o) (altera_avalon_jtag_uart_read)
../lab4code2_bsp/\libhal_bsp.a(altera_avalon_jtag_uart_write.o)
                              ../lab4code2_bsp/\libhal_bsp.a(alt_putchar.o) (altera_avalon_jtag_uart_write)
../lab4code2_bsp/\libhal_bsp.a(alt_dcache_flush_all.o)
                              ../lab4code2_bsp/\libhal_bsp.a(alt_load.o) (alt_dcache_flush_all)
../lab4code2_bsp/\libhal_bsp.a(alt_dev.o)
                              ../lab4code2_bsp/\libhal_bsp.a(alt_fcntl.o) (alt_fd_list)
../lab4code2_bsp/\libhal_bsp.a(alt_errno.o)
                              ../lab4code2_bsp/\libhal_bsp.a(alt_fcntl.o) (alt_errno)
../lab4code2_bsp/\libhal_bsp.a(alt_icache_flush_all.o)
                              ../lab4code2_bsp/\libhal_bsp.a(alt_load.o) (alt_icache_flush_all)
../lab4code2_bsp/\libhal_bsp.a(altera_nios2_qsys_irq.o)
                              ../lab4code2_bsp/\libhal_bsp.a(alt_sys_init.o) (altera_nios2_qsys_irq_init)
c:/altera/15.1/nios2eds/bin/gnu/h-x86_64-mingw32/bin/../lib/gcc/nios2-elf/4.9.2/../../../../../H-x86_64-mingw32/nios2-elf/lib/mno-hw-mul\libsmallc.a(lib_a-strlen.o)
                              ../lab4code2_bsp/\libhal_bsp.a(alt_putstr.o) (strlen)

Allocating common symbols
Common symbol       size              file

errno               0x4               c:/altera/15.1/nios2eds/bin/gnu/h-x86_64-mingw32/bin/../lib/gcc/nios2-elf/4.9.2/../../../../../H-x86_64-mingw32/nios2-elf/lib/mno-hw-mul\libsmallc.a(lib_a-int_errno.o)

Memory Configuration

Name             Origin             Length             Attributes
reset            0x0000000000000000 0x0000000000000020
onchip_mem       0x0000000000000020 0x0000000000003fe0
*default*        0x0000000000000000 0xffffffffffffffff

Linker script and memory map

LOAD ../lab4code2_bsp//obj/HAL/src/crt0.o
LOAD obj/default/lab4.o
LOAD c:/altera/15.1/nios2eds/bin/gnu/h-x86_64-mingw32/bin/../lib/gcc/nios2-elf/4.9.2/../../../../../H-x86_64-mingw32/nios2-elf/lib/mno-hw-mul\libstdc++.a
LOAD c:/altera/15.1/nios2eds/bin/gnu/h-x86_64-mingw32/bin/../lib/gcc/nios2-elf/4.9.2/../../../../../H-x86_64-mingw32/nios2-elf/lib/mno-hw-mul\libm.a
LOAD c:/altera/15.1/nios2eds/bin/gnu/h-x86_64-mingw32/bin/../lib/gcc/nios2-elf/4.9.2/mno-hw-mul\libgcc.a
START GROUP
LOAD c:/altera/15.1/nios2eds/bin/gnu/h-x86_64-mingw32/bin/../lib/gcc/nios2-elf/4.9.2/../../../../../H-x86_64-mingw32/nios2-elf/lib/mno-hw-mul\libsmallc.a
LOAD c:/altera/15.1/nios2eds/bin/gnu/h-x86_64-mingw32/bin/../lib/gcc/nios2-elf/4.9.2/mno-hw-mul\libgcc.a
LOAD ../lab4code2_bsp/\libhal_bsp.a
LOAD c:/altera/15.1/nios2eds/bin/gnu/h-x86_64-mingw32/bin/../lib/gcc/nios2-elf/4.9.2/../../../../../H-x86_64-mingw32/nios2-elf/lib/mno-hw-mul\libm.a
END GROUP
LOAD c:/altera/15.1/nios2eds/bin/gnu/h-x86_64-mingw32/bin/../lib/gcc/nios2-elf/4.9.2/mno-hw-mul\libgcc.a
                0x0000000000000000                __alt_mem_onchip_mem = 0x0

.entry          0x0000000000000000       0x20
 *(.entry)
 .entry         0x0000000000000000       0x20 ../lab4code2_bsp//obj/HAL/src/crt0.o
                0x0000000000000000                __reset
                0x000000000000000c                _exit

.exceptions     0x0000000000000020        0x0
                0x0000000000000020                PROVIDE (__ram_exceptions_start, ABSOLUTE (.))
                0x0000000000000020                . = ALIGN (0x20)
 *(.irq)
 *(.exceptions.entry.label)
 *(.exceptions.entry.user)
 *(.exceptions.entry.ecc_fatal)
 *(.exceptions.entry)
 *(.exceptions.irqtest.user)
 *(.exceptions.irqtest)
 *(.exceptions.irqhandler.user)
 *(.exceptions.irqhandler)
 *(.exceptions.irqreturn.user)
 *(.exceptions.irqreturn)
 *(.exceptions.notirq.label)
 *(.exceptions.notirq.user)
 *(.exceptions.notirq)
 *(.exceptions.soft.user)
 *(.exceptions.soft)
 *(.exceptions.unknown.user)
 *(.exceptions.unknown)
 *(.exceptions.exit.label)
 *(.exceptions.exit.user)
 *(.exceptions.exit)
 *(.exceptions)
                0x0000000000000020                PROVIDE (__ram_exceptions_end, ABSOLUTE (.))
                0x0000000000000020                PROVIDE (__flash_exceptions_start, LOADADDR (.exceptions))

.text           0x0000000000000020      0x8fc
                0x0000000000000020                PROVIDE (stext, ABSOLUTE (.))
 *(.interp)
 *(.hash)
 *(.dynsym)
 *(.dynstr)
 *(.gnu.version)
 *(.gnu.version_d)
 *(.gnu.version_r)
 *(.rel.init)
 *(.rela.init)
 *(.rel.text .rel.text.* .rel.gnu.linkonce.t.*)
 *(.rela.text .rela.text.* .rela.gnu.linkonce.t.*)
 *(.rel.fini)
 *(.rela.fini)
 *(.rel.rodata .rel.rodata.* .rel.gnu.linkonce.r.*)
 *(.rela.rodata .rela.rodata.* .rela.gnu.linkonce.r.*)
 *(.rel.data .rel.data.* .rel.gnu.linkonce.d.*)
 *(.rela.data .rela.data.* .rela.gnu.linkonce.d.*)
 *(.rel.tdata .rel.tdata.* .rel.gnu.linkonce.td.*)
 *(.rela.tdata .rela.tdata.* .rela.gnu.linkonce.td.*)
 *(.rel.tbss .rel.tbss.* .rel.gnu.linkonce.tb.*)
 *(.rela.tbss .rela.tbss.* .rela.gnu.linkonce.tb.*)
 *(.rel.ctors)
 *(.rela.ctors)
 *(.rel.dtors)
 *(.rela.dtors)
 *(.rel.got)
 *(.rela.got)
 *(.rel.sdata .rel.sdata.* .rel.gnu.linkonce.s.*)
 *(.rela.sdata .rela.sdata.* .rela.gnu.linkonce.s.*)
 *(.rel.sbss .rel.sbss.* .rel.gnu.linkonce.sb.*)
 *(.rela.sbss .rela.sbss.* .rela.gnu.linkonce.sb.*)
 *(.rel.sdata2 .rel.sdata2.* .rel.gnu.linkonce.s2.*)
 *(.rela.sdata2 .rela.sdata2.* .rela.gnu.linkonce.s2.*)
 *(.rel.sbss2 .rel.sbss2.* .rel.gnu.linkonce.sb2.*)
 *(.rela.sbss2 .rela.sbss2.* .rela.gnu.linkonce.sb2.*)
 *(.rel.bss .rel.bss.* .rel.gnu.linkonce.b.*)
 *(.rela.bss .rela.bss.* .rela.gnu.linkonce.b.*)
 *(.rel.plt)
 *(.rela.plt)
 *(.rel.dyn)
 *(.init)
 *(.plt)
 *(.text .stub .text.* .gnu.linkonce.t.*)
 .text          0x0000000000000020       0x3c ../lab4code2_bsp//obj/HAL/src/crt0.o
                0x0000000000000020                _start
 .text          0x000000000000005c       0x88 obj/default/lab4.o
                0x000000000000005c                readBuffer
                0x00000000000000a8                writeBuffer
 .text.startup  0x00000000000000e4      0x188 obj/default/lab4.o
                0x00000000000000e4                main
 .text          0x000000000000026c        0x0 c:/altera/15.1/nios2eds/bin/gnu/h-x86_64-mingw32/bin/../lib/gcc/nios2-elf/4.9.2/../../../../../H-x86_64-mingw32/nios2-elf/lib/mno-hw-mul\libsmallc.a(lib_a-calloc.o)
 .text.calloc   0x000000000000026c       0x1c c:/altera/15.1/nios2eds/bin/gnu/h-x86_64-mingw32/bin/../lib/gcc/nios2-elf/4.9.2/../../../../../H-x86_64-mingw32/nios2-elf/lib/mno-hw-mul\libsmallc.a(lib_a-calloc.o)
                0x000000000000026c                calloc
 .text          0x0000000000000288        0x0 c:/altera/15.1/nios2eds/bin/gnu/h-x86_64-mingw32/bin/../lib/gcc/nios2-elf/4.9.2/../../../../../H-x86_64-mingw32/nios2-elf/lib/mno-hw-mul\libsmallc.a(lib_a-impure.o)
 .text          0x0000000000000288        0x0 c:/altera/15.1/nios2eds/bin/gnu/h-x86_64-mingw32/bin/../lib/gcc/nios2-elf/4.9.2/../../../../../H-x86_64-mingw32/nios2-elf/lib/mno-hw-mul\libsmallc.a(lib_a-nano-callocr.o)
 .text._calloc_r
                0x0000000000000288       0x60 c:/altera/15.1/nios2eds/bin/gnu/h-x86_64-mingw32/bin/../lib/gcc/nios2-elf/4.9.2/../../../../../H-x86_64-mingw32/nios2-elf/lib/mno-hw-mul\libsmallc.a(lib_a-nano-callocr.o)
                0x0000000000000288                _calloc_r
 .text          0x00000000000002e8        0x0 c:/altera/15.1/nios2eds/bin/gnu/h-x86_64-mingw32/bin/../lib/gcc/nios2-elf/4.9.2/../../../../../H-x86_64-mingw32/nios2-elf/lib/mno-hw-mul\libsmallc.a(lib_a-nano-mallocr.o)
 .text._malloc_r
                0x00000000000002e8      0x15c c:/altera/15.1/nios2eds/bin/gnu/h-x86_64-mingw32/bin/../lib/gcc/nios2-elf/4.9.2/../../../../../H-x86_64-mingw32/nios2-elf/lib/mno-hw-mul\libsmallc.a(lib_a-nano-mallocr.o)
                0x00000000000002e8                _malloc_r
 .text          0x0000000000000444        0x0 c:/altera/15.1/nios2eds/bin/gnu/h-x86_64-mingw32/bin/../lib/gcc/nios2-elf/4.9.2/../../../../../H-x86_64-mingw32/nios2-elf/lib/mno-hw-mul\libsmallc.a(lib_a-sbrkr.o)
 .text._sbrk_r  0x0000000000000444       0x50 c:/altera/15.1/nios2eds/bin/gnu/h-x86_64-mingw32/bin/../lib/gcc/nios2-elf/4.9.2/../../../../../H-x86_64-mingw32/nios2-elf/lib/mno-hw-mul\libsmallc.a(lib_a-sbrkr.o)
                0x0000000000000444                _sbrk_r
 .text          0x0000000000000494        0x0 c:/altera/15.1/nios2eds/bin/gnu/h-x86_64-mingw32/bin/../lib/gcc/nios2-elf/4.9.2/../../../../../H-x86_64-mingw32/nios2-elf/lib/mno-hw-mul\libsmallc.a(lib_a-int_errno.o)
 .text          0x0000000000000494        0x0 c:/altera/15.1/nios2eds/bin/gnu/h-x86_64-mingw32/bin/../lib/gcc/nios2-elf/4.9.2/../../../../../H-x86_64-mingw32/nios2-elf/lib/mno-hw-mul\libsmallc.a(lib_a-memset.o)
 .text.memset   0x0000000000000494       0x20 c:/altera/15.1/nios2eds/bin/gnu/h-x86_64-mingw32/bin/../lib/gcc/nios2-elf/4.9.2/../../../../../H-x86_64-mingw32/nios2-elf/lib/mno-hw-mul\libsmallc.a(lib_a-memset.o)
                0x0000000000000494                memset
 .text          0x00000000000004b4       0x28 c:/altera/15.1/nios2eds/bin/gnu/h-x86_64-mingw32/bin/../lib/gcc/nios2-elf/4.9.2/mno-hw-mul\libgcc.a(lib2-mul.o)
                0x00000000000004b4                __mulsi3
 .text          0x00000000000004dc      0x124 ../lab4code2_bsp/\libhal_bsp.a(alt_fcntl.o)
                0x00000000000004dc                fcntl
 .text          0x0000000000000600       0x44 ../lab4code2_bsp/\libhal_bsp.a(alt_getchar.o)
                0x0000000000000600                alt_getchar
 .text          0x0000000000000644       0xf8 ../lab4code2_bsp/\libhal_bsp.a(alt_load.o)
                0x0000000000000644                alt_load
 .text          0x000000000000073c       0x2c ../lab4code2_bsp/\libhal_bsp.a(alt_main.o)
                0x000000000000073c                alt_main
 .text          0x0000000000000768       0x48 ../lab4code2_bsp/\libhal_bsp.a(alt_putchar.o)
                0x0000000000000768                alt_putchar
 .text          0x00000000000007b0       0x38 ../lab4code2_bsp/\libhal_bsp.a(alt_putstr.o)
                0x00000000000007b0                alt_putstr
 .text          0x00000000000007e8       0x4c ../lab4code2_bsp/\libhal_bsp.a(alt_sbrk.o)
                0x00000000000007e8                sbrk
 .text          0x0000000000000834       0x24 ../lab4code2_bsp/\libhal_bsp.a(alt_sys_init.o)
                0x0000000000000834                alt_irq_init
                0x0000000000000854                alt_sys_init
 .text          0x0000000000000858       0x5c ../lab4code2_bsp/\libhal_bsp.a(altera_avalon_jtag_uart_read.o)
                0x0000000000000858                altera_avalon_jtag_uart_read
 .text          0x00000000000008b4       0x34 ../lab4code2_bsp/\libhal_bsp.a(altera_avalon_jtag_uart_write.o)
                0x00000000000008b4                altera_avalon_jtag_uart_write
 .text          0x00000000000008e8        0x4 ../lab4code2_bsp/\libhal_bsp.a(alt_dcache_flush_all.o)
                0x00000000000008e8                alt_dcache_flush_all
 .text          0x00000000000008ec        0x8 ../lab4code2_bsp/\libhal_bsp.a(alt_dev.o)
 .text          0x00000000000008f4        0x0 ../lab4code2_bsp/\libhal_bsp.a(alt_errno.o)
 .text          0x00000000000008f4        0x4 ../lab4code2_bsp/\libhal_bsp.a(alt_icache_flush_all.o)
                0x00000000000008f4                alt_icache_flush_all
 .text          0x00000000000008f8        0x8 ../lab4code2_bsp/\libhal_bsp.a(altera_nios2_qsys_irq.o)
                0x00000000000008f8                altera_nios2_qsys_irq_init
 .text          0x0000000000000900        0x0 c:/altera/15.1/nios2eds/bin/gnu/h-x86_64-mingw32/bin/../lib/gcc/nios2-elf/4.9.2/../../../../../H-x86_64-mingw32/nios2-elf/lib/mno-hw-mul\libsmallc.a(lib_a-strlen.o)
 .text.strlen   0x0000000000000900       0x1c c:/altera/15.1/nios2eds/bin/gnu/h-x86_64-mingw32/bin/../lib/gcc/nios2-elf/4.9.2/../../../../../H-x86_64-mingw32/nios2-elf/lib/mno-hw-mul\libsmallc.a(lib_a-strlen.o)
                0x0000000000000900                strlen
 *(.gnu.warning.*)
 *(.fini)
                0x000000000000091c                PROVIDE (__etext, ABSOLUTE (.))
                0x000000000000091c                PROVIDE (_etext, ABSOLUTE (.))
                0x000000000000091c                PROVIDE (etext, ABSOLUTE (.))
 *(.eh_frame_hdr)
                0x000000000000091c                . = ALIGN (0x4)
                0x000000000000091c                PROVIDE (__preinit_array_start, ABSOLUTE (.))
 *(.preinit_array)
                0x000000000000091c                PROVIDE (__preinit_array_end, ABSOLUTE (.))
                0x000000000000091c                PROVIDE (__init_array_start, ABSOLUTE (.))
 *(.init_array)
                0x000000000000091c                PROVIDE (__init_array_end, ABSOLUTE (.))
                0x000000000000091c                PROVIDE (__fini_array_start, ABSOLUTE (.))
 *(.fini_array)
                0x000000000000091c                PROVIDE (__fini_array_end, ABSOLUTE (.))
 *(.eh_frame)
 *(.gcc_except_table .gcc_except_table.*)
 *(.dynamic)
                0x000000000000091c                PROVIDE (__CTOR_LIST__, ABSOLUTE (.))
 *(.ctors)
 *(SORT(.ctors.*))
                0x000000000000091c                PROVIDE (__CTOR_END__, ABSOLUTE (.))
                0x000000000000091c                PROVIDE (__DTOR_LIST__, ABSOLUTE (.))
 *(.dtors)
 *(SORT(.dtors.*))
                0x000000000000091c                PROVIDE (__DTOR_END__, ABSOLUTE (.))
 *(.jcr)
                0x000000000000091c                . = ALIGN (0x4)

.rodata         0x000000000000091c       0x34
                0x000000000000091c                PROVIDE (__ram_rodata_start, ABSOLUTE (.))
                0x000000000000091c                . = ALIGN (0x4)
 *(.rodata .rodata.* .gnu.linkonce.r.*)
 .rodata.str1.4
                0x000000000000091c       0x25 obj/default/lab4.o
                                         0x28 (size before relaxing)
 *fill*         0x0000000000000941        0x3 
 .rodata.str1.4
                0x0000000000000944        0xc ../lab4code2_bsp/\libhal_bsp.a(alt_dev.o)
 *(.rodata1)
                0x0000000000000950                . = ALIGN (0x4)
                0x0000000000000950                PROVIDE (__ram_rodata_end, ABSOLUTE (.))
                0x000000000000091c                PROVIDE (__flash_rodata_start, LOADADDR (.rodata))

.rwdata         0x0000000000000950      0x160 load address 0x0000000000000ab0
                0x0000000000000950                PROVIDE (__ram_rwdata_start, ABSOLUTE (.))
                0x0000000000000950                . = ALIGN (0x4)
 *(.got.plt)
 *(.got)
 *(.data1)
 *(.data .data.* .gnu.linkonce.d.*)
 .data          0x0000000000000950        0x0 ../lab4code2_bsp//obj/HAL/src/crt0.o
 .data          0x0000000000000950        0x0 obj/default/lab4.o
 .data          0x0000000000000950        0x0 c:/altera/15.1/nios2eds/bin/gnu/h-x86_64-mingw32/bin/../lib/gcc/nios2-elf/4.9.2/../../../../../H-x86_64-mingw32/nios2-elf/lib/mno-hw-mul\libsmallc.a(lib_a-calloc.o)
 .data          0x0000000000000950        0x0 c:/altera/15.1/nios2eds/bin/gnu/h-x86_64-mingw32/bin/../lib/gcc/nios2-elf/4.9.2/../../../../../H-x86_64-mingw32/nios2-elf/lib/mno-hw-mul\libsmallc.a(lib_a-impure.o)
 .data.impure_data
                0x0000000000000950       0xe0 c:/altera/15.1/nios2eds/bin/gnu/h-x86_64-mingw32/bin/../lib/gcc/nios2-elf/4.9.2/../../../../../H-x86_64-mingw32/nios2-elf/lib/mno-hw-mul\libsmallc.a(lib_a-impure.o)
 .data          0x0000000000000a30        0x0 c:/altera/15.1/nios2eds/bin/gnu/h-x86_64-mingw32/bin/../lib/gcc/nios2-elf/4.9.2/../../../../../H-x86_64-mingw32/nios2-elf/lib/mno-hw-mul\libsmallc.a(lib_a-nano-callocr.o)
 .data          0x0000000000000a30        0x0 c:/altera/15.1/nios2eds/bin/gnu/h-x86_64-mingw32/bin/../lib/gcc/nios2-elf/4.9.2/../../../../../H-x86_64-mingw32/nios2-elf/lib/mno-hw-mul\libsmallc.a(lib_a-nano-mallocr.o)
 .data          0x0000000000000a30        0x0 c:/altera/15.1/nios2eds/bin/gnu/h-x86_64-mingw32/bin/../lib/gcc/nios2-elf/4.9.2/../../../../../H-x86_64-mingw32/nios2-elf/lib/mno-hw-mul\libsmallc.a(lib_a-sbrkr.o)
 .data          0x0000000000000a30        0x0 c:/altera/15.1/nios2eds/bin/gnu/h-x86_64-mingw32/bin/../lib/gcc/nios2-elf/4.9.2/../../../../../H-x86_64-mingw32/nios2-elf/lib/mno-hw-mul\libsmallc.a(lib_a-int_errno.o)
 .data          0x0000000000000a30        0x0 c:/altera/15.1/nios2eds/bin/gnu/h-x86_64-mingw32/bin/../lib/gcc/nios2-elf/4.9.2/../../../../../H-x86_64-mingw32/nios2-elf/lib/mno-hw-mul\libsmallc.a(lib_a-memset.o)
 .data          0x0000000000000a30        0x0 c:/altera/15.1/nios2eds/bin/gnu/h-x86_64-mingw32/bin/../lib/gcc/nios2-elf/4.9.2/mno-hw-mul\libgcc.a(lib2-mul.o)
 .data          0x0000000000000a30        0x0 ../lab4code2_bsp/\libhal_bsp.a(alt_fcntl.o)
 .data          0x0000000000000a30        0x0 ../lab4code2_bsp/\libhal_bsp.a(alt_getchar.o)
 .data          0x0000000000000a30        0x0 ../lab4code2_bsp/\libhal_bsp.a(alt_load.o)
 .data          0x0000000000000a30        0x0 ../lab4code2_bsp/\libhal_bsp.a(alt_main.o)
 .data          0x0000000000000a30        0x0 ../lab4code2_bsp/\libhal_bsp.a(alt_putchar.o)
 .data          0x0000000000000a30        0x0 ../lab4code2_bsp/\libhal_bsp.a(alt_putstr.o)
 .data          0x0000000000000a30        0x0 ../lab4code2_bsp/\libhal_bsp.a(alt_sbrk.o)
 .data          0x0000000000000a30        0x0 ../lab4code2_bsp/\libhal_bsp.a(alt_sys_init.o)
 .data          0x0000000000000a30        0x0 ../lab4code2_bsp/\libhal_bsp.a(altera_avalon_jtag_uart_read.o)
 .data          0x0000000000000a30        0x0 ../lab4code2_bsp/\libhal_bsp.a(altera_avalon_jtag_uart_write.o)
 .data          0x0000000000000a30        0x0 ../lab4code2_bsp/\libhal_bsp.a(alt_dcache_flush_all.o)
 .data          0x0000000000000a30       0x58 ../lab4code2_bsp/\libhal_bsp.a(alt_dev.o)
                0x0000000000000a30                alt_fd_list
                0x0000000000000a60                alt_dev_null
 .data          0x0000000000000a88        0x0 ../lab4code2_bsp/\libhal_bsp.a(alt_errno.o)
 .data          0x0000000000000a88        0x0 ../lab4code2_bsp/\libhal_bsp.a(alt_icache_flush_all.o)
 .data          0x0000000000000a88        0x0 ../lab4code2_bsp/\libhal_bsp.a(altera_nios2_qsys_irq.o)
 .data          0x0000000000000a88        0x0 c:/altera/15.1/nios2eds/bin/gnu/h-x86_64-mingw32/bin/../lib/gcc/nios2-elf/4.9.2/../../../../../H-x86_64-mingw32/nios2-elf/lib/mno-hw-mul\libsmallc.a(lib_a-strlen.o)
                0x0000000000008a88                _gp = ABSOLUTE ((. + 0x8000))
                0x0000000000008a88                PROVIDE (gp, _gp)
 *(.rwdata .rwdata.*)
 *(.sdata .sdata.* .gnu.linkonce.s.*)
 .sdata._global_impure_ptr
                0x0000000000000a88        0x4 c:/altera/15.1/nios2eds/bin/gnu/h-x86_64-mingw32/bin/../lib/gcc/nios2-elf/4.9.2/../../../../../H-x86_64-mingw32/nios2-elf/lib/mno-hw-mul\libsmallc.a(lib_a-impure.o)
                0x0000000000000a88                _global_impure_ptr
 .sdata._impure_ptr
                0x0000000000000a8c        0x4 c:/altera/15.1/nios2eds/bin/gnu/h-x86_64-mingw32/bin/../lib/gcc/nios2-elf/4.9.2/../../../../../H-x86_64-mingw32/nios2-elf/lib/mno-hw-mul\libsmallc.a(lib_a-impure.o)
                0x0000000000000a8c                _impure_ptr
 .sdata         0x0000000000000a90        0x4 ../lab4code2_bsp/\libhal_bsp.a(alt_sbrk.o)
 .sdata         0x0000000000000a94        0x4 ../lab4code2_bsp/\libhal_bsp.a(alt_sys_init.o)
                0x0000000000000a94                jtag_uart
 .sdata         0x0000000000000a98       0x14 ../lab4code2_bsp/\libhal_bsp.a(alt_dev.o)
                0x0000000000000a98                alt_max_fd
                0x0000000000000a9c                alt_dev_list
                0x0000000000000aa4                alt_fs_list
 .sdata         0x0000000000000aac        0x4 ../lab4code2_bsp/\libhal_bsp.a(alt_errno.o)
                0x0000000000000aac                alt_errno
 *(.sdata2 .sdata2.* .gnu.linkonce.s2.*)
                0x0000000000000ab0                . = ALIGN (0x4)
                0x0000000000000ab0                _edata = ABSOLUTE (.)
                0x0000000000000ab0                PROVIDE (edata, ABSOLUTE (.))
                0x0000000000000ab0                PROVIDE (__ram_rwdata_end, ABSOLUTE (.))
                0x0000000000000ab0                PROVIDE (__flash_rwdata_start, LOADADDR (.rwdata))

.bss            0x0000000000000c10       0x18
                0x0000000000000c10                __bss_start = ABSOLUTE (.)
                0x0000000000000c10                PROVIDE (__sbss_start, ABSOLUTE (.))
                0x0000000000000c10                PROVIDE (___sbss_start, ABSOLUTE (.))
 *(.dynsbss)
 *(.sbss .sbss.* .gnu.linkonce.sb.*)
 .sbss.__malloc_sbrk_start
                0x0000000000000c10        0x4 c:/altera/15.1/nios2eds/bin/gnu/h-x86_64-mingw32/bin/../lib/gcc/nios2-elf/4.9.2/../../../../../H-x86_64-mingw32/nios2-elf/lib/mno-hw-mul\libsmallc.a(lib_a-nano-mallocr.o)
                0x0000000000000c10                __malloc_sbrk_start
 .sbss.__malloc_free_list
                0x0000000000000c14        0x4 c:/altera/15.1/nios2eds/bin/gnu/h-x86_64-mingw32/bin/../lib/gcc/nios2-elf/4.9.2/../../../../../H-x86_64-mingw32/nios2-elf/lib/mno-hw-mul\libsmallc.a(lib_a-nano-mallocr.o)
                0x0000000000000c14                __malloc_free_list
 .sbss          0x0000000000000c18        0x4 c:/altera/15.1/nios2eds/bin/gnu/h-x86_64-mingw32/bin/../lib/gcc/nios2-elf/4.9.2/../../../../../H-x86_64-mingw32/nios2-elf/lib/mno-hw-mul\libsmallc.a(lib_a-int_errno.o)
                0x0000000000000c18                errno
 .sbss          0x0000000000000c1c        0xc ../lab4code2_bsp/\libhal_bsp.a(alt_main.o)
                0x0000000000000c1c                alt_envp
                0x0000000000000c20                alt_argv
                0x0000000000000c24                alt_argc
 *(.sbss2 .sbss2.* .gnu.linkonce.sb2.*)
 *(.scommon)
                0x0000000000000c28                PROVIDE (__sbss_end, ABSOLUTE (.))
                0x0000000000000c28                PROVIDE (___sbss_end, ABSOLUTE (.))
 *(.dynbss)
 *(.bss .bss.* .gnu.linkonce.b.*)
 .bss           0x0000000000000c28        0x0 ../lab4code2_bsp//obj/HAL/src/crt0.o
 .bss           0x0000000000000c28        0x0 obj/default/lab4.o
 .bss           0x0000000000000c28        0x0 c:/altera/15.1/nios2eds/bin/gnu/h-x86_64-mingw32/bin/../lib/gcc/nios2-elf/4.9.2/../../../../../H-x86_64-mingw32/nios2-elf/lib/mno-hw-mul\libsmallc.a(lib_a-calloc.o)
 .bss           0x0000000000000c28        0x0 c:/altera/15.1/nios2eds/bin/gnu/h-x86_64-mingw32/bin/../lib/gcc/nios2-elf/4.9.2/../../../../../H-x86_64-mingw32/nios2-elf/lib/mno-hw-mul\libsmallc.a(lib_a-impure.o)
 .bss           0x0000000000000c28        0x0 c:/altera/15.1/nios2eds/bin/gnu/h-x86_64-mingw32/bin/../lib/gcc/nios2-elf/4.9.2/../../../../../H-x86_64-mingw32/nios2-elf/lib/mno-hw-mul\libsmallc.a(lib_a-nano-callocr.o)
 .bss           0x0000000000000c28        0x0 c:/altera/15.1/nios2eds/bin/gnu/h-x86_64-mingw32/bin/../lib/gcc/nios2-elf/4.9.2/../../../../../H-x86_64-mingw32/nios2-elf/lib/mno-hw-mul\libsmallc.a(lib_a-nano-mallocr.o)
 .bss           0x0000000000000c28        0x0 c:/altera/15.1/nios2eds/bin/gnu/h-x86_64-mingw32/bin/../lib/gcc/nios2-elf/4.9.2/../../../../../H-x86_64-mingw32/nios2-elf/lib/mno-hw-mul\libsmallc.a(lib_a-sbrkr.o)
 .bss           0x0000000000000c28        0x0 c:/altera/15.1/nios2eds/bin/gnu/h-x86_64-mingw32/bin/../lib/gcc/nios2-elf/4.9.2/../../../../../H-x86_64-mingw32/nios2-elf/lib/mno-hw-mul\libsmallc.a(lib_a-int_errno.o)
 .bss           0x0000000000000c28        0x0 c:/altera/15.1/nios2eds/bin/gnu/h-x86_64-mingw32/bin/../lib/gcc/nios2-elf/4.9.2/../../../../../H-x86_64-mingw32/nios2-elf/lib/mno-hw-mul\libsmallc.a(lib_a-memset.o)
 .bss           0x0000000000000c28        0x0 c:/altera/15.1/nios2eds/bin/gnu/h-x86_64-mingw32/bin/../lib/gcc/nios2-elf/4.9.2/mno-hw-mul\libgcc.a(lib2-mul.o)
 .bss           0x0000000000000c28        0x0 ../lab4code2_bsp/\libhal_bsp.a(alt_fcntl.o)
 .bss           0x0000000000000c28        0x0 ../lab4code2_bsp/\libhal_bsp.a(alt_getchar.o)
 .bss           0x0000000000000c28        0x0 ../lab4code2_bsp/\libhal_bsp.a(alt_load.o)
 .bss           0x0000000000000c28        0x0 ../lab4code2_bsp/\libhal_bsp.a(alt_main.o)
 .bss           0x0000000000000c28        0x0 ../lab4code2_bsp/\libhal_bsp.a(alt_putchar.o)
 .bss           0x0000000000000c28        0x0 ../lab4code2_bsp/\libhal_bsp.a(alt_putstr.o)
 .bss           0x0000000000000c28        0x0 ../lab4code2_bsp/\libhal_bsp.a(alt_sbrk.o)
 .bss           0x0000000000000c28        0x0 ../lab4code2_bsp/\libhal_bsp.a(alt_sys_init.o)
 .bss           0x0000000000000c28        0x0 ../lab4code2_bsp/\libhal_bsp.a(altera_avalon_jtag_uart_read.o)
 .bss           0x0000000000000c28        0x0 ../lab4code2_bsp/\libhal_bsp.a(altera_avalon_jtag_uart_write.o)
 .bss           0x0000000000000c28        0x0 ../lab4code2_bsp/\libhal_bsp.a(alt_dcache_flush_all.o)
 .bss           0x0000000000000c28        0x0 ../lab4code2_bsp/\libhal_bsp.a(alt_dev.o)
 .bss           0x0000000000000c28        0x0 ../lab4code2_bsp/\libhal_bsp.a(alt_errno.o)
 .bss           0x0000000000000c28        0x0 ../lab4code2_bsp/\libhal_bsp.a(alt_icache_flush_all.o)
 .bss           0x0000000000000c28        0x0 ../lab4code2_bsp/\libhal_bsp.a(altera_nios2_qsys_irq.o)
 .bss           0x0000000000000c28        0x0 c:/altera/15.1/nios2eds/bin/gnu/h-x86_64-mingw32/bin/../lib/gcc/nios2-elf/4.9.2/../../../../../H-x86_64-mingw32/nios2-elf/lib/mno-hw-mul\libsmallc.a(lib_a-strlen.o)
 *(COMMON)
                0x0000000000000c28                . = ALIGN (0x4)
                0x0000000000000c28                __bss_end = ABSOLUTE (.)

.onchip_mem     0x0000000000000c28        0x0
                0x0000000000000c28                PROVIDE (_alt_partition_onchip_mem_start, ABSOLUTE (.))
 *(.onchip_mem .onchip_mem. onchip_mem.*)
                0x0000000000000c28                . = ALIGN (0x4)
                0x0000000000000c28                PROVIDE (_alt_partition_onchip_mem_end, ABSOLUTE (.))
                0x0000000000000c28                _end = ABSOLUTE (.)
                0x0000000000000c28                end = ABSOLUTE (.)
                0x0000000000000c28                __alt_stack_base = ABSOLUTE (.)
                0x0000000000000c28                PROVIDE (_alt_partition_onchip_mem_load_addr, LOADADDR (.onchip_mem))

.stab
 *(.stab)

.stabstr
 *(.stabstr)

.stab.excl
 *(.stab.excl)

.stab.exclstr
 *(.stab.exclstr)

.stab.index
 *(.stab.index)

.stab.indexstr
 *(.stab.indexstr)

.comment        0x0000000000000000       0x23
 *(.comment)
 .comment       0x0000000000000000       0x23 obj/default/lab4.o
                                         0x24 (size before relaxing)
 .comment       0x0000000000000000       0x24 c:/altera/15.1/nios2eds/bin/gnu/h-x86_64-mingw32/bin/../lib/gcc/nios2-elf/4.9.2/../../../../../H-x86_64-mingw32/nios2-elf/lib/mno-hw-mul\libsmallc.a(lib_a-calloc.o)
 .comment       0x0000000000000000       0x24 c:/altera/15.1/nios2eds/bin/gnu/h-x86_64-mingw32/bin/../lib/gcc/nios2-elf/4.9.2/../../../../../H-x86_64-mingw32/nios2-elf/lib/mno-hw-mul\libsmallc.a(lib_a-impure.o)
 .comment       0x0000000000000000       0x24 c:/altera/15.1/nios2eds/bin/gnu/h-x86_64-mingw32/bin/../lib/gcc/nios2-elf/4.9.2/../../../../../H-x86_64-mingw32/nios2-elf/lib/mno-hw-mul\libsmallc.a(lib_a-nano-callocr.o)
 .comment       0x0000000000000000       0x24 c:/altera/15.1/nios2eds/bin/gnu/h-x86_64-mingw32/bin/../lib/gcc/nios2-elf/4.9.2/../../../../../H-x86_64-mingw32/nios2-elf/lib/mno-hw-mul\libsmallc.a(lib_a-nano-mallocr.o)
 .comment       0x0000000000000000       0x24 c:/altera/15.1/nios2eds/bin/gnu/h-x86_64-mingw32/bin/../lib/gcc/nios2-elf/4.9.2/../../../../../H-x86_64-mingw32/nios2-elf/lib/mno-hw-mul\libsmallc.a(lib_a-sbrkr.o)
 .comment       0x0000000000000000       0x24 c:/altera/15.1/nios2eds/bin/gnu/h-x86_64-mingw32/bin/../lib/gcc/nios2-elf/4.9.2/../../../../../H-x86_64-mingw32/nios2-elf/lib/mno-hw-mul\libsmallc.a(lib_a-int_errno.o)
 .comment       0x0000000000000000       0x24 c:/altera/15.1/nios2eds/bin/gnu/h-x86_64-mingw32/bin/../lib/gcc/nios2-elf/4.9.2/../../../../../H-x86_64-mingw32/nios2-elf/lib/mno-hw-mul\libsmallc.a(lib_a-memset.o)
 .comment       0x0000000000000000       0x24 c:/altera/15.1/nios2eds/bin/gnu/h-x86_64-mingw32/bin/../lib/gcc/nios2-elf/4.9.2/mno-hw-mul\libgcc.a(lib2-mul.o)
 .comment       0x0000000000000000       0x24 ../lab4code2_bsp/\libhal_bsp.a(alt_fcntl.o)
 .comment       0x0000000000000000       0x24 ../lab4code2_bsp/\libhal_bsp.a(alt_getchar.o)
 .comment       0x0000000000000000       0x24 ../lab4code2_bsp/\libhal_bsp.a(alt_load.o)
 .comment       0x0000000000000000       0x24 ../lab4code2_bsp/\libhal_bsp.a(alt_main.o)
 .comment       0x0000000000000000       0x24 ../lab4code2_bsp/\libhal_bsp.a(alt_putchar.o)
 .comment       0x0000000000000000       0x24 ../lab4code2_bsp/\libhal_bsp.a(alt_putstr.o)
 .comment       0x0000000000000000       0x24 ../lab4code2_bsp/\libhal_bsp.a(alt_sbrk.o)
 .comment       0x0000000000000000       0x24 ../lab4code2_bsp/\libhal_bsp.a(alt_sys_init.o)
 .comment       0x0000000000000000       0x24 ../lab4code2_bsp/\libhal_bsp.a(altera_avalon_jtag_uart_read.o)
 .comment       0x0000000000000000       0x24 ../lab4code2_bsp/\libhal_bsp.a(altera_avalon_jtag_uart_write.o)
 .comment       0x0000000000000000       0x24 ../lab4code2_bsp/\libhal_bsp.a(alt_dcache_flush_all.o)
 .comment       0x0000000000000000       0x24 ../lab4code2_bsp/\libhal_bsp.a(alt_dev.o)
 .comment       0x0000000000000000       0x24 ../lab4code2_bsp/\libhal_bsp.a(alt_errno.o)
 .comment       0x0000000000000000       0x24 ../lab4code2_bsp/\libhal_bsp.a(alt_icache_flush_all.o)
 .comment       0x0000000000000000       0x24 ../lab4code2_bsp/\libhal_bsp.a(altera_nios2_qsys_irq.o)
 .comment       0x0000000000000000       0x24 c:/altera/15.1/nios2eds/bin/gnu/h-x86_64-mingw32/bin/../lib/gcc/nios2-elf/4.9.2/../../../../../H-x86_64-mingw32/nios2-elf/lib/mno-hw-mul\libsmallc.a(lib_a-strlen.o)

.debug
 *(.debug)

.line
 *(.line)

.debug_srcinfo
 *(.debug_srcinfo)

.debug_sfnames
 *(.debug_sfnames)

.debug_aranges  0x0000000000000000      0x338
 *(.debug_aranges)
 .debug_aranges
                0x0000000000000000       0x28 ../lab4code2_bsp//obj/HAL/src/crt0.o
 .debug_aranges
                0x0000000000000028       0x28 obj/default/lab4.o
 .debug_aranges
                0x0000000000000050       0x20 c:/altera/15.1/nios2eds/bin/gnu/h-x86_64-mingw32/bin/../lib/gcc/nios2-elf/4.9.2/../../../../../H-x86_64-mingw32/nios2-elf/lib/mno-hw-mul\libsmallc.a(lib_a-calloc.o)
 .debug_aranges
                0x0000000000000070       0x18 c:/altera/15.1/nios2eds/bin/gnu/h-x86_64-mingw32/bin/../lib/gcc/nios2-elf/4.9.2/../../../../../H-x86_64-mingw32/nios2-elf/lib/mno-hw-mul\libsmallc.a(lib_a-impure.o)
 .debug_aranges
                0x0000000000000088       0x20 c:/altera/15.1/nios2eds/bin/gnu/h-x86_64-mingw32/bin/../lib/gcc/nios2-elf/4.9.2/../../../../../H-x86_64-mingw32/nios2-elf/lib/mno-hw-mul\libsmallc.a(lib_a-nano-callocr.o)
 .debug_aranges
                0x00000000000000a8       0x20 c:/altera/15.1/nios2eds/bin/gnu/h-x86_64-mingw32/bin/../lib/gcc/nios2-elf/4.9.2/../../../../../H-x86_64-mingw32/nios2-elf/lib/mno-hw-mul\libsmallc.a(lib_a-nano-mallocr.o)
 .debug_aranges
                0x00000000000000c8       0x20 c:/altera/15.1/nios2eds/bin/gnu/h-x86_64-mingw32/bin/../lib/gcc/nios2-elf/4.9.2/../../../../../H-x86_64-mingw32/nios2-elf/lib/mno-hw-mul\libsmallc.a(lib_a-sbrkr.o)
 .debug_aranges
                0x00000000000000e8       0x18 c:/altera/15.1/nios2eds/bin/gnu/h-x86_64-mingw32/bin/../lib/gcc/nios2-elf/4.9.2/../../../../../H-x86_64-mingw32/nios2-elf/lib/mno-hw-mul\libsmallc.a(lib_a-int_errno.o)
 .debug_aranges
                0x0000000000000100       0x20 c:/altera/15.1/nios2eds/bin/gnu/h-x86_64-mingw32/bin/../lib/gcc/nios2-elf/4.9.2/../../../../../H-x86_64-mingw32/nios2-elf/lib/mno-hw-mul\libsmallc.a(lib_a-memset.o)
 .debug_aranges
                0x0000000000000120       0x20 c:/altera/15.1/nios2eds/bin/gnu/h-x86_64-mingw32/bin/../lib/gcc/nios2-elf/4.9.2/mno-hw-mul\libgcc.a(lib2-mul.o)
 .debug_aranges
                0x0000000000000140       0x20 ../lab4code2_bsp/\libhal_bsp.a(alt_fcntl.o)
 .debug_aranges
                0x0000000000000160       0x20 ../lab4code2_bsp/\libhal_bsp.a(alt_getchar.o)
 .debug_aranges
                0x0000000000000180       0x20 ../lab4code2_bsp/\libhal_bsp.a(alt_load.o)
 .debug_aranges
                0x00000000000001a0       0x20 ../lab4code2_bsp/\libhal_bsp.a(alt_main.o)
 .debug_aranges
                0x00000000000001c0       0x20 ../lab4code2_bsp/\libhal_bsp.a(alt_putchar.o)
 .debug_aranges
                0x00000000000001e0       0x20 ../lab4code2_bsp/\libhal_bsp.a(alt_putstr.o)
 .debug_aranges
                0x0000000000000200       0x20 ../lab4code2_bsp/\libhal_bsp.a(alt_sbrk.o)
 .debug_aranges
                0x0000000000000220       0x20 ../lab4code2_bsp/\libhal_bsp.a(alt_sys_init.o)
 .debug_aranges
                0x0000000000000240       0x20 ../lab4code2_bsp/\libhal_bsp.a(altera_avalon_jtag_uart_read.o)
 .debug_aranges
                0x0000000000000260       0x20 ../lab4code2_bsp/\libhal_bsp.a(altera_avalon_jtag_uart_write.o)
 .debug_aranges
                0x0000000000000280       0x20 ../lab4code2_bsp/\libhal_bsp.a(alt_dcache_flush_all.o)
 .debug_aranges
                0x00000000000002a0       0x20 ../lab4code2_bsp/\libhal_bsp.a(alt_dev.o)
 .debug_aranges
                0x00000000000002c0       0x18 ../lab4code2_bsp/\libhal_bsp.a(alt_errno.o)
 .debug_aranges
                0x00000000000002d8       0x20 ../lab4code2_bsp/\libhal_bsp.a(alt_icache_flush_all.o)
 .debug_aranges
                0x00000000000002f8       0x20 ../lab4code2_bsp/\libhal_bsp.a(altera_nios2_qsys_irq.o)
 .debug_aranges
                0x0000000000000318       0x20 c:/altera/15.1/nios2eds/bin/gnu/h-x86_64-mingw32/bin/../lib/gcc/nios2-elf/4.9.2/../../../../../H-x86_64-mingw32/nios2-elf/lib/mno-hw-mul\libsmallc.a(lib_a-strlen.o)

.debug_pubnames
 *(.debug_pubnames)

.debug_info     0x0000000000000000     0x4092
 *(.debug_info .gnu.linkonce.wi.*)
 .debug_info    0x0000000000000000       0x85 ../lab4code2_bsp//obj/HAL/src/crt0.o
 .debug_info    0x0000000000000085      0x2e0 obj/default/lab4.o
 .debug_info    0x0000000000000365      0x5f5 c:/altera/15.1/nios2eds/bin/gnu/h-x86_64-mingw32/bin/../lib/gcc/nios2-elf/4.9.2/../../../../../H-x86_64-mingw32/nios2-elf/lib/mno-hw-mul\libsmallc.a(lib_a-calloc.o)
 .debug_info    0x000000000000095a      0x5a7 c:/altera/15.1/nios2eds/bin/gnu/h-x86_64-mingw32/bin/../lib/gcc/nios2-elf/4.9.2/../../../../../H-x86_64-mingw32/nios2-elf/lib/mno-hw-mul\libsmallc.a(lib_a-impure.o)
 .debug_info    0x0000000000000f01      0x64e c:/altera/15.1/nios2eds/bin/gnu/h-x86_64-mingw32/bin/../lib/gcc/nios2-elf/4.9.2/../../../../../H-x86_64-mingw32/nios2-elf/lib/mno-hw-mul\libsmallc.a(lib_a-nano-callocr.o)
 .debug_info    0x000000000000154f      0x761 c:/altera/15.1/nios2eds/bin/gnu/h-x86_64-mingw32/bin/../lib/gcc/nios2-elf/4.9.2/../../../../../H-x86_64-mingw32/nios2-elf/lib/mno-hw-mul\libsmallc.a(lib_a-nano-mallocr.o)
 .debug_info    0x0000000000001cb0      0x607 c:/altera/15.1/nios2eds/bin/gnu/h-x86_64-mingw32/bin/../lib/gcc/nios2-elf/4.9.2/../../../../../H-x86_64-mingw32/nios2-elf/lib/mno-hw-mul\libsmallc.a(lib_a-sbrkr.o)
 .debug_info    0x00000000000022b7       0x83 c:/altera/15.1/nios2eds/bin/gnu/h-x86_64-mingw32/bin/../lib/gcc/nios2-elf/4.9.2/../../../../../H-x86_64-mingw32/nios2-elf/lib/mno-hw-mul\libsmallc.a(lib_a-int_errno.o)
 .debug_info    0x000000000000233a       0xd5 c:/altera/15.1/nios2eds/bin/gnu/h-x86_64-mingw32/bin/../lib/gcc/nios2-elf/4.9.2/../../../../../H-x86_64-mingw32/nios2-elf/lib/mno-hw-mul\libsmallc.a(lib_a-memset.o)
 .debug_info    0x000000000000240f       0xb4 c:/altera/15.1/nios2eds/bin/gnu/h-x86_64-mingw32/bin/../lib/gcc/nios2-elf/4.9.2/mno-hw-mul\libgcc.a(lib2-mul.o)
 .debug_info    0x00000000000024c3      0x4dc ../lab4code2_bsp/\libhal_bsp.a(alt_fcntl.o)
 .debug_info    0x000000000000299f      0x33b ../lab4code2_bsp/\libhal_bsp.a(alt_getchar.o)
 .debug_info    0x0000000000002cda      0x1ba ../lab4code2_bsp/\libhal_bsp.a(alt_load.o)
 .debug_info    0x0000000000002e94      0x17b ../lab4code2_bsp/\libhal_bsp.a(alt_main.o)
 .debug_info    0x000000000000300f      0x138 ../lab4code2_bsp/\libhal_bsp.a(alt_putchar.o)
 .debug_info    0x0000000000003147      0x15d ../lab4code2_bsp/\libhal_bsp.a(alt_putstr.o)
 .debug_info    0x00000000000032a4      0x1a3 ../lab4code2_bsp/\libhal_bsp.a(alt_sbrk.o)
 .debug_info    0x0000000000003447      0x17a ../lab4code2_bsp/\libhal_bsp.a(alt_sys_init.o)
 .debug_info    0x00000000000035c1      0x1ad ../lab4code2_bsp/\libhal_bsp.a(altera_avalon_jtag_uart_read.o)
 .debug_info    0x000000000000376e      0x190 ../lab4code2_bsp/\libhal_bsp.a(altera_avalon_jtag_uart_write.o)
 .debug_info    0x00000000000038fe       0x8b ../lab4code2_bsp/\libhal_bsp.a(alt_dcache_flush_all.o)
 .debug_info    0x0000000000003989      0x492 ../lab4code2_bsp/\libhal_bsp.a(alt_dev.o)
 .debug_info    0x0000000000003e1b       0x9f ../lab4code2_bsp/\libhal_bsp.a(alt_errno.o)
 .debug_info    0x0000000000003eba       0x8b ../lab4code2_bsp/\libhal_bsp.a(alt_icache_flush_all.o)
 .debug_info    0x0000000000003f45       0x8b ../lab4code2_bsp/\libhal_bsp.a(altera_nios2_qsys_irq.o)
 .debug_info    0x0000000000003fd0       0xc2 c:/altera/15.1/nios2eds/bin/gnu/h-x86_64-mingw32/bin/../lib/gcc/nios2-elf/4.9.2/../../../../../H-x86_64-mingw32/nios2-elf/lib/mno-hw-mul\libsmallc.a(lib_a-strlen.o)

.debug_abbrev   0x0000000000000000     0x182d
 *(.debug_abbrev)
 .debug_abbrev  0x0000000000000000       0x12 ../lab4code2_bsp//obj/HAL/src/crt0.o
 .debug_abbrev  0x0000000000000012      0x182 obj/default/lab4.o
 .debug_abbrev  0x0000000000000194      0x1a6 c:/altera/15.1/nios2eds/bin/gnu/h-x86_64-mingw32/bin/../lib/gcc/nios2-elf/4.9.2/../../../../../H-x86_64-mingw32/nios2-elf/lib/mno-hw-mul\libsmallc.a(lib_a-calloc.o)
 .debug_abbrev  0x000000000000033a      0x14a c:/altera/15.1/nios2eds/bin/gnu/h-x86_64-mingw32/bin/../lib/gcc/nios2-elf/4.9.2/../../../../../H-x86_64-mingw32/nios2-elf/lib/mno-hw-mul\libsmallc.a(lib_a-impure.o)
 .debug_abbrev  0x0000000000000484      0x1c3 c:/altera/15.1/nios2eds/bin/gnu/h-x86_64-mingw32/bin/../lib/gcc/nios2-elf/4.9.2/../../../../../H-x86_64-mingw32/nios2-elf/lib/mno-hw-mul\libsmallc.a(lib_a-nano-callocr.o)
 .debug_abbrev  0x0000000000000647      0x26b c:/altera/15.1/nios2eds/bin/gnu/h-x86_64-mingw32/bin/../lib/gcc/nios2-elf/4.9.2/../../../../../H-x86_64-mingw32/nios2-elf/lib/mno-hw-mul\libsmallc.a(lib_a-nano-mallocr.o)
 .debug_abbrev  0x00000000000008b2      0x1c7 c:/altera/15.1/nios2eds/bin/gnu/h-x86_64-mingw32/bin/../lib/gcc/nios2-elf/4.9.2/../../../../../H-x86_64-mingw32/nios2-elf/lib/mno-hw-mul\libsmallc.a(lib_a-sbrkr.o)
 .debug_abbrev  0x0000000000000a79       0x37 c:/altera/15.1/nios2eds/bin/gnu/h-x86_64-mingw32/bin/../lib/gcc/nios2-elf/4.9.2/../../../../../H-x86_64-mingw32/nios2-elf/lib/mno-hw-mul\libsmallc.a(lib_a-int_errno.o)
 .debug_abbrev  0x0000000000000ab0       0x8e c:/altera/15.1/nios2eds/bin/gnu/h-x86_64-mingw32/bin/../lib/gcc/nios2-elf/4.9.2/../../../../../H-x86_64-mingw32/nios2-elf/lib/mno-hw-mul\libsmallc.a(lib_a-memset.o)
 .debug_abbrev  0x0000000000000b3e       0x6f c:/altera/15.1/nios2eds/bin/gnu/h-x86_64-mingw32/bin/../lib/gcc/nios2-elf/4.9.2/mno-hw-mul\libgcc.a(lib2-mul.o)
 .debug_abbrev  0x0000000000000bad      0x142 ../lab4code2_bsp/\libhal_bsp.a(alt_fcntl.o)
 .debug_abbrev  0x0000000000000cef      0x11f ../lab4code2_bsp/\libhal_bsp.a(alt_getchar.o)
 .debug_abbrev  0x0000000000000e0e       0xd8 ../lab4code2_bsp/\libhal_bsp.a(alt_load.o)
 .debug_abbrev  0x0000000000000ee6      0x120 ../lab4code2_bsp/\libhal_bsp.a(alt_main.o)
 .debug_abbrev  0x0000000000001006       0xd4 ../lab4code2_bsp/\libhal_bsp.a(alt_putchar.o)
 .debug_abbrev  0x00000000000010da       0xe2 ../lab4code2_bsp/\libhal_bsp.a(alt_putstr.o)
 .debug_abbrev  0x00000000000011bc      0x11b ../lab4code2_bsp/\libhal_bsp.a(alt_sbrk.o)
 .debug_abbrev  0x00000000000012d7      0x107 ../lab4code2_bsp/\libhal_bsp.a(alt_sys_init.o)
 .debug_abbrev  0x00000000000013de      0x102 ../lab4code2_bsp/\libhal_bsp.a(altera_avalon_jtag_uart_read.o)
 .debug_abbrev  0x00000000000014e0       0xd5 ../lab4code2_bsp/\libhal_bsp.a(altera_avalon_jtag_uart_write.o)
 .debug_abbrev  0x00000000000015b5       0x42 ../lab4code2_bsp/\libhal_bsp.a(alt_dcache_flush_all.o)
 .debug_abbrev  0x00000000000015f7       0xd9 ../lab4code2_bsp/\libhal_bsp.a(alt_dev.o)
 .debug_abbrev  0x00000000000016d0       0x5a ../lab4code2_bsp/\libhal_bsp.a(alt_errno.o)
 .debug_abbrev  0x000000000000172a       0x42 ../lab4code2_bsp/\libhal_bsp.a(alt_icache_flush_all.o)
 .debug_abbrev  0x000000000000176c       0x42 ../lab4code2_bsp/\libhal_bsp.a(altera_nios2_qsys_irq.o)
 .debug_abbrev  0x00000000000017ae       0x7f c:/altera/15.1/nios2eds/bin/gnu/h-x86_64-mingw32/bin/../lib/gcc/nios2-elf/4.9.2/../../../../../H-x86_64-mingw32/nios2-elf/lib/mno-hw-mul\libsmallc.a(lib_a-strlen.o)

.debug_line     0x0000000000000000     0x1964
 *(.debug_line)
 .debug_line    0x0000000000000000       0x66 ../lab4code2_bsp//obj/HAL/src/crt0.o
 .debug_line    0x0000000000000066      0x12b obj/default/lab4.o
 .debug_line    0x0000000000000191      0x1d9 c:/altera/15.1/nios2eds/bin/gnu/h-x86_64-mingw32/bin/../lib/gcc/nios2-elf/4.9.2/../../../../../H-x86_64-mingw32/nios2-elf/lib/mno-hw-mul\libsmallc.a(lib_a-calloc.o)
 .debug_line    0x000000000000036a      0x156 c:/altera/15.1/nios2eds/bin/gnu/h-x86_64-mingw32/bin/../lib/gcc/nios2-elf/4.9.2/../../../../../H-x86_64-mingw32/nios2-elf/lib/mno-hw-mul\libsmallc.a(lib_a-impure.o)
 .debug_line    0x00000000000004c0      0x1e6 c:/altera/15.1/nios2eds/bin/gnu/h-x86_64-mingw32/bin/../lib/gcc/nios2-elf/4.9.2/../../../../../H-x86_64-mingw32/nios2-elf/lib/mno-hw-mul\libsmallc.a(lib_a-nano-callocr.o)
 .debug_line    0x00000000000006a6      0x220 c:/altera/15.1/nios2eds/bin/gnu/h-x86_64-mingw32/bin/../lib/gcc/nios2-elf/4.9.2/../../../../../H-x86_64-mingw32/nios2-elf/lib/mno-hw-mul\libsmallc.a(lib_a-nano-mallocr.o)
 .debug_line    0x00000000000008c6      0x1e0 c:/altera/15.1/nios2eds/bin/gnu/h-x86_64-mingw32/bin/../lib/gcc/nios2-elf/4.9.2/../../../../../H-x86_64-mingw32/nios2-elf/lib/mno-hw-mul\libsmallc.a(lib_a-sbrkr.o)
 .debug_line    0x0000000000000aa6       0x5f c:/altera/15.1/nios2eds/bin/gnu/h-x86_64-mingw32/bin/../lib/gcc/nios2-elf/4.9.2/../../../../../H-x86_64-mingw32/nios2-elf/lib/mno-hw-mul\libsmallc.a(lib_a-int_errno.o)
 .debug_line    0x0000000000000b05      0x15d c:/altera/15.1/nios2eds/bin/gnu/h-x86_64-mingw32/bin/../lib/gcc/nios2-elf/4.9.2/../../../../../H-x86_64-mingw32/nios2-elf/lib/mno-hw-mul\libsmallc.a(lib_a-memset.o)
 .debug_line    0x0000000000000c62       0x80 c:/altera/15.1/nios2eds/bin/gnu/h-x86_64-mingw32/bin/../lib/gcc/nios2-elf/4.9.2/mno-hw-mul\libgcc.a(lib2-mul.o)
 .debug_line    0x0000000000000ce2      0x1c1 ../lab4code2_bsp/\libhal_bsp.a(alt_fcntl.o)
 .debug_line    0x0000000000000ea3       0xb7 ../lab4code2_bsp/\libhal_bsp.a(alt_getchar.o)
 .debug_line    0x0000000000000f5a       0xa6 ../lab4code2_bsp/\libhal_bsp.a(alt_load.o)
 .debug_line    0x0000000000001000       0xbd ../lab4code2_bsp/\libhal_bsp.a(alt_main.o)
 .debug_line    0x00000000000010bd       0x55 ../lab4code2_bsp/\libhal_bsp.a(alt_putchar.o)
 .debug_line    0x0000000000001112       0xf5 ../lab4code2_bsp/\libhal_bsp.a(alt_putstr.o)
 .debug_line    0x0000000000001207       0xea ../lab4code2_bsp/\libhal_bsp.a(alt_sbrk.o)
 .debug_line    0x00000000000012f1      0x101 ../lab4code2_bsp/\libhal_bsp.a(alt_sys_init.o)
 .debug_line    0x00000000000013f2       0xfb ../lab4code2_bsp/\libhal_bsp.a(altera_avalon_jtag_uart_read.o)
 .debug_line    0x00000000000014ed       0xf0 ../lab4code2_bsp/\libhal_bsp.a(altera_avalon_jtag_uart_write.o)
 .debug_line    0x00000000000015dd       0x4e ../lab4code2_bsp/\libhal_bsp.a(alt_dcache_flush_all.o)
 .debug_line    0x000000000000162b       0xee ../lab4code2_bsp/\libhal_bsp.a(alt_dev.o)
 .debug_line    0x0000000000001719       0x51 ../lab4code2_bsp/\libhal_bsp.a(alt_errno.o)
 .debug_line    0x000000000000176a       0x4e ../lab4code2_bsp/\libhal_bsp.a(alt_icache_flush_all.o)
 .debug_line    0x00000000000017b8       0x50 ../lab4code2_bsp/\libhal_bsp.a(altera_nios2_qsys_irq.o)
 .debug_line    0x0000000000001808      0x15c c:/altera/15.1/nios2eds/bin/gnu/h-x86_64-mingw32/bin/../lib/gcc/nios2-elf/4.9.2/../../../../../H-x86_64-mingw32/nios2-elf/lib/mno-hw-mul\libsmallc.a(lib_a-strlen.o)

.debug_frame    0x0000000000000000      0x3c0
 *(.debug_frame)
 .debug_frame   0x0000000000000000       0x50 obj/default/lab4.o
 .debug_frame   0x0000000000000050       0x20 c:/altera/15.1/nios2eds/bin/gnu/h-x86_64-mingw32/bin/../lib/gcc/nios2-elf/4.9.2/../../../../../H-x86_64-mingw32/nios2-elf/lib/mno-hw-mul\libsmallc.a(lib_a-calloc.o)
 .debug_frame   0x0000000000000070       0x34 c:/altera/15.1/nios2eds/bin/gnu/h-x86_64-mingw32/bin/../lib/gcc/nios2-elf/4.9.2/../../../../../H-x86_64-mingw32/nios2-elf/lib/mno-hw-mul\libsmallc.a(lib_a-nano-callocr.o)
 .debug_frame   0x00000000000000a4       0x40 c:/altera/15.1/nios2eds/bin/gnu/h-x86_64-mingw32/bin/../lib/gcc/nios2-elf/4.9.2/../../../../../H-x86_64-mingw32/nios2-elf/lib/mno-hw-mul\libsmallc.a(lib_a-nano-mallocr.o)
 .debug_frame   0x00000000000000e4       0x38 c:/altera/15.1/nios2eds/bin/gnu/h-x86_64-mingw32/bin/../lib/gcc/nios2-elf/4.9.2/../../../../../H-x86_64-mingw32/nios2-elf/lib/mno-hw-mul\libsmallc.a(lib_a-sbrkr.o)
 .debug_frame   0x000000000000011c       0x20 c:/altera/15.1/nios2eds/bin/gnu/h-x86_64-mingw32/bin/../lib/gcc/nios2-elf/4.9.2/../../../../../H-x86_64-mingw32/nios2-elf/lib/mno-hw-mul\libsmallc.a(lib_a-memset.o)
 .debug_frame   0x000000000000013c       0x20 c:/altera/15.1/nios2eds/bin/gnu/h-x86_64-mingw32/bin/../lib/gcc/nios2-elf/4.9.2/mno-hw-mul\libgcc.a(lib2-mul.o)
 .debug_frame   0x000000000000015c       0x40 ../lab4code2_bsp/\libhal_bsp.a(alt_fcntl.o)
 .debug_frame   0x000000000000019c       0x2c ../lab4code2_bsp/\libhal_bsp.a(alt_getchar.o)
 .debug_frame   0x00000000000001c8       0x30 ../lab4code2_bsp/\libhal_bsp.a(alt_load.o)
 .debug_frame   0x00000000000001f8       0x2c ../lab4code2_bsp/\libhal_bsp.a(alt_main.o)
 .debug_frame   0x0000000000000224       0x30 ../lab4code2_bsp/\libhal_bsp.a(alt_putchar.o)
 .debug_frame   0x0000000000000254       0x30 ../lab4code2_bsp/\libhal_bsp.a(alt_putstr.o)
 .debug_frame   0x0000000000000284       0x20 ../lab4code2_bsp/\libhal_bsp.a(alt_sbrk.o)
 .debug_frame   0x00000000000002a4       0x3c ../lab4code2_bsp/\libhal_bsp.a(alt_sys_init.o)
 .debug_frame   0x00000000000002e0       0x20 ../lab4code2_bsp/\libhal_bsp.a(altera_avalon_jtag_uart_read.o)
 .debug_frame   0x0000000000000300       0x20 ../lab4code2_bsp/\libhal_bsp.a(altera_avalon_jtag_uart_write.o)
 .debug_frame   0x0000000000000320       0x20 ../lab4code2_bsp/\libhal_bsp.a(alt_dcache_flush_all.o)
 .debug_frame   0x0000000000000340       0x20 ../lab4code2_bsp/\libhal_bsp.a(alt_dev.o)
 .debug_frame   0x0000000000000360       0x20 ../lab4code2_bsp/\libhal_bsp.a(alt_icache_flush_all.o)
 .debug_frame   0x0000000000000380       0x20 ../lab4code2_bsp/\libhal_bsp.a(altera_nios2_qsys_irq.o)
 .debug_frame   0x00000000000003a0       0x20 c:/altera/15.1/nios2eds/bin/gnu/h-x86_64-mingw32/bin/../lib/gcc/nios2-elf/4.9.2/../../../../../H-x86_64-mingw32/nios2-elf/lib/mno-hw-mul\libsmallc.a(lib_a-strlen.o)

.debug_str      0x0000000000000000     0x1052
 *(.debug_str)
 .debug_str     0x0000000000000000      0x156 obj/default/lab4.o
                                        0x19f (size before relaxing)
 .debug_str     0x0000000000000156      0x3de c:/altera/15.1/nios2eds/bin/gnu/h-x86_64-mingw32/bin/../lib/gcc/nios2-elf/4.9.2/../../../../../H-x86_64-mingw32/nios2-elf/lib/mno-hw-mul\libsmallc.a(lib_a-calloc.o)
                                        0x4b0 (size before relaxing)
 .debug_str     0x0000000000000534       0xef c:/altera/15.1/nios2eds/bin/gnu/h-x86_64-mingw32/bin/../lib/gcc/nios2-elf/4.9.2/../../../../../H-x86_64-mingw32/nios2-elf/lib/mno-hw-mul\libsmallc.a(lib_a-impure.o)
                                        0x4b0 (size before relaxing)
 .debug_str     0x0000000000000623       0x71 c:/altera/15.1/nios2eds/bin/gnu/h-x86_64-mingw32/bin/../lib/gcc/nios2-elf/4.9.2/../../../../../H-x86_64-mingw32/nios2-elf/lib/mno-hw-mul\libsmallc.a(lib_a-nano-callocr.o)
                                        0x4cc (size before relaxing)
 .debug_str     0x0000000000000694       0x77 c:/altera/15.1/nios2eds/bin/gnu/h-x86_64-mingw32/bin/../lib/gcc/nios2-elf/4.9.2/../../../../../H-x86_64-mingw32/nios2-elf/lib/mno-hw-mul\libsmallc.a(lib_a-nano-mallocr.o)
                                        0x53d (size before relaxing)
 .debug_str     0x000000000000070b       0x45 c:/altera/15.1/nios2eds/bin/gnu/h-x86_64-mingw32/bin/../lib/gcc/nios2-elf/4.9.2/../../../../../H-x86_64-mingw32/nios2-elf/lib/mno-hw-mul\libsmallc.a(lib_a-sbrkr.o)
                                        0x4a6 (size before relaxing)
 .debug_str     0x0000000000000750       0x3f c:/altera/15.1/nios2eds/bin/gnu/h-x86_64-mingw32/bin/../lib/gcc/nios2-elf/4.9.2/../../../../../H-x86_64-mingw32/nios2-elf/lib/mno-hw-mul\libsmallc.a(lib_a-int_errno.o)
                                        0x1ca (size before relaxing)
 .debug_str     0x000000000000078f       0xd2 c:/altera/15.1/nios2eds/bin/gnu/h-x86_64-mingw32/bin/../lib/gcc/nios2-elf/4.9.2/../../../../../H-x86_64-mingw32/nios2-elf/lib/mno-hw-mul\libsmallc.a(lib_a-memset.o)
                                        0x1d1 (size before relaxing)
 .debug_str     0x0000000000000861      0x146 c:/altera/15.1/nios2eds/bin/gnu/h-x86_64-mingw32/bin/../lib/gcc/nios2-elf/4.9.2/mno-hw-mul\libgcc.a(lib2-mul.o)
                                        0x191 (size before relaxing)
 .debug_str     0x00000000000009a7      0x20c ../lab4code2_bsp/\libhal_bsp.a(alt_fcntl.o)
                                        0x328 (size before relaxing)
 .debug_str     0x0000000000000bb3       0x5d ../lab4code2_bsp/\libhal_bsp.a(alt_getchar.o)
                                        0x230 (size before relaxing)
 .debug_str     0x0000000000000c10      0x113 ../lab4code2_bsp/\libhal_bsp.a(alt_load.o)
                                        0x236 (size before relaxing)
 .debug_str     0x0000000000000d23       0x5e ../lab4code2_bsp/\libhal_bsp.a(alt_main.o)
                                        0x1af (size before relaxing)
 .debug_str     0x0000000000000d81       0x34 ../lab4code2_bsp/\libhal_bsp.a(alt_putchar.o)
                                        0x185 (size before relaxing)
 .debug_str     0x0000000000000db5       0x1c ../lab4code2_bsp/\libhal_bsp.a(alt_putstr.o)
                                        0x191 (size before relaxing)
 .debug_str     0x0000000000000dd1       0x98 ../lab4code2_bsp/\libhal_bsp.a(alt_sbrk.o)
                                        0x1ce (size before relaxing)
 .debug_str     0x0000000000000e69       0x86 ../lab4code2_bsp/\libhal_bsp.a(alt_sys_init.o)
                                        0x21e (size before relaxing)
 .debug_str     0x0000000000000eef       0x38 ../lab4code2_bsp/\libhal_bsp.a(altera_avalon_jtag_uart_read.o)
                                        0x219 (size before relaxing)
 .debug_str     0x0000000000000f27       0x2c ../lab4code2_bsp/\libhal_bsp.a(altera_avalon_jtag_uart_write.o)
                                        0x20f (size before relaxing)
 .debug_str     0x0000000000000f53       0x1f ../lab4code2_bsp/\libhal_bsp.a(alt_dcache_flush_all.o)
                                        0x14f (size before relaxing)
 .debug_str     0x0000000000000f72       0x50 ../lab4code2_bsp/\libhal_bsp.a(alt_dev.o)
                                        0x2ff (size before relaxing)
 .debug_str     0x0000000000000fc2       0x14 ../lab4code2_bsp/\libhal_bsp.a(alt_errno.o)
                                        0x13f (size before relaxing)
 .debug_str     0x0000000000000fd6       0x1f ../lab4code2_bsp/\libhal_bsp.a(alt_icache_flush_all.o)
                                        0x14f (size before relaxing)
 .debug_str     0x0000000000000ff5       0x20 ../lab4code2_bsp/\libhal_bsp.a(altera_nios2_qsys_irq.o)
                                        0x156 (size before relaxing)
 .debug_str     0x0000000000001015       0x3d c:/altera/15.1/nios2eds/bin/gnu/h-x86_64-mingw32/bin/../lib/gcc/nios2-elf/4.9.2/../../../../../H-x86_64-mingw32/nios2-elf/lib/mno-hw-mul\libsmallc.a(lib_a-strlen.o)
                                        0x1d7 (size before relaxing)

.debug_loc      0x0000000000000000      0x808
 *(.debug_loc)
 .debug_loc     0x0000000000000000       0xe9 obj/default/lab4.o
 .debug_loc     0x00000000000000e9       0x58 c:/altera/15.1/nios2eds/bin/gnu/h-x86_64-mingw32/bin/../lib/gcc/nios2-elf/4.9.2/../../../../../H-x86_64-mingw32/nios2-elf/lib/mno-hw-mul\libsmallc.a(lib_a-calloc.o)
 .debug_loc     0x0000000000000141       0xa2 c:/altera/15.1/nios2eds/bin/gnu/h-x86_64-mingw32/bin/../lib/gcc/nios2-elf/4.9.2/../../../../../H-x86_64-mingw32/nios2-elf/lib/mno-hw-mul\libsmallc.a(lib_a-nano-callocr.o)
 .debug_loc     0x00000000000001e3      0x1d9 c:/altera/15.1/nios2eds/bin/gnu/h-x86_64-mingw32/bin/../lib/gcc/nios2-elf/4.9.2/../../../../../H-x86_64-mingw32/nios2-elf/lib/mno-hw-mul\libsmallc.a(lib_a-nano-mallocr.o)
 .debug_loc     0x00000000000003bc       0x4d c:/altera/15.1/nios2eds/bin/gnu/h-x86_64-mingw32/bin/../lib/gcc/nios2-elf/4.9.2/../../../../../H-x86_64-mingw32/nios2-elf/lib/mno-hw-mul\libsmallc.a(lib_a-sbrkr.o)
 .debug_loc     0x0000000000000409       0xa5 c:/altera/15.1/nios2eds/bin/gnu/h-x86_64-mingw32/bin/../lib/gcc/nios2-elf/4.9.2/../../../../../H-x86_64-mingw32/nios2-elf/lib/mno-hw-mul\libsmallc.a(lib_a-memset.o)
 .debug_loc     0x00000000000004ae       0x93 c:/altera/15.1/nios2eds/bin/gnu/h-x86_64-mingw32/bin/../lib/gcc/nios2-elf/4.9.2/mno-hw-mul\libgcc.a(lib2-mul.o)
 .debug_loc     0x0000000000000541       0x99 ../lab4code2_bsp/\libhal_bsp.a(alt_fcntl.o)
 .debug_loc     0x00000000000005da       0x2c ../lab4code2_bsp/\libhal_bsp.a(alt_putchar.o)
 .debug_loc     0x0000000000000606       0x37 ../lab4code2_bsp/\libhal_bsp.a(alt_putstr.o)
 .debug_loc     0x000000000000063d       0x34 ../lab4code2_bsp/\libhal_bsp.a(alt_sbrk.o)
 .debug_loc     0x0000000000000671       0x21 ../lab4code2_bsp/\libhal_bsp.a(alt_sys_init.o)
 .debug_loc     0x0000000000000692       0xcd ../lab4code2_bsp/\libhal_bsp.a(altera_avalon_jtag_uart_read.o)
 .debug_loc     0x000000000000075f       0x8b ../lab4code2_bsp/\libhal_bsp.a(altera_avalon_jtag_uart_write.o)
 .debug_loc     0x00000000000007ea       0x1e c:/altera/15.1/nios2eds/bin/gnu/h-x86_64-mingw32/bin/../lib/gcc/nios2-elf/4.9.2/../../../../../H-x86_64-mingw32/nios2-elf/lib/mno-hw-mul\libsmallc.a(lib_a-strlen.o)

.debug_macinfo
 *(.debug_macinfo)

.debug_weaknames
 *(.debug_weaknames)

.debug_funcnames
 *(.debug_funcnames)

.debug_typenames
 *(.debug_typenames)

.debug_varnames
 *(.debug_varnames)

.debug_alt_sim_info
                0x0000000000000000       0x10
 *(.debug_alt_sim_info)
 .debug_alt_sim_info
                0x0000000000000000       0x10 ../lab4code2_bsp//obj/HAL/src/crt0.o
                0x0000000000004000                __alt_data_end = 0x4000
                0x0000000000004000                PROVIDE (__alt_stack_pointer, __alt_data_end)
                0x0000000000000c28                PROVIDE (__alt_stack_limit, __alt_stack_base)
                0x0000000000000c28                PROVIDE (__alt_heap_start, end)
                0x0000000000004000                PROVIDE (__alt_heap_limit, 0x4000)
OUTPUT(lab4code2.elf elf32-littlenios2)

.debug_ranges   0x0000000000000000      0x130
 .debug_ranges  0x0000000000000000       0x20 ../lab4code2_bsp//obj/HAL/src/crt0.o
 .debug_ranges  0x0000000000000020       0x18 obj/default/lab4.o
 .debug_ranges  0x0000000000000038       0x10 c:/altera/15.1/nios2eds/bin/gnu/h-x86_64-mingw32/bin/../lib/gcc/nios2-elf/4.9.2/../../../../../H-x86_64-mingw32/nios2-elf/lib/mno-hw-mul\libsmallc.a(lib_a-calloc.o)
 .debug_ranges  0x0000000000000048       0x10 c:/altera/15.1/nios2eds/bin/gnu/h-x86_64-mingw32/bin/../lib/gcc/nios2-elf/4.9.2/../../../../../H-x86_64-mingw32/nios2-elf/lib/mno-hw-mul\libsmallc.a(lib_a-nano-callocr.o)
 .debug_ranges  0x0000000000000058       0x40 c:/altera/15.1/nios2eds/bin/gnu/h-x86_64-mingw32/bin/../lib/gcc/nios2-elf/4.9.2/../../../../../H-x86_64-mingw32/nios2-elf/lib/mno-hw-mul\libsmallc.a(lib_a-nano-mallocr.o)
 .debug_ranges  0x0000000000000098       0x10 c:/altera/15.1/nios2eds/bin/gnu/h-x86_64-mingw32/bin/../lib/gcc/nios2-elf/4.9.2/../../../../../H-x86_64-mingw32/nios2-elf/lib/mno-hw-mul\libsmallc.a(lib_a-sbrkr.o)
 .debug_ranges  0x00000000000000a8       0x10 c:/altera/15.1/nios2eds/bin/gnu/h-x86_64-mingw32/bin/../lib/gcc/nios2-elf/4.9.2/../../../../../H-x86_64-mingw32/nios2-elf/lib/mno-hw-mul\libsmallc.a(lib_a-memset.o)
 .debug_ranges  0x00000000000000b8       0x48 ../lab4code2_bsp/\libhal_bsp.a(alt_load.o)
 .debug_ranges  0x0000000000000100       0x20 ../lab4code2_bsp/\libhal_bsp.a(altera_avalon_jtag_uart_read.o)
 .debug_ranges  0x0000000000000120       0x10 c:/altera/15.1/nios2eds/bin/gnu/h-x86_64-mingw32/bin/../lib/gcc/nios2-elf/4.9.2/../../../../../H-x86_64-mingw32/nios2-elf/lib/mno-hw-mul\libsmallc.a(lib_a-strlen.o)
